ARM Linker, 5.02 [Build 28] [MDK-ARM Lite]

==============================================================================

Section Cross References

    startup_lpc17xx.o(STACK) refers (Special) to heapauxi.o(.text) for __use_two_region_memory
    startup_lpc17xx.o(HEAP) refers (Special) to heapauxi.o(.text) for __use_two_region_memory
    startup_lpc17xx.o(RESET) refers (Special) to heapauxi.o(.text) for __use_two_region_memory
    startup_lpc17xx.o(RESET) refers to startup_lpc17xx.o(STACK) for __initial_sp
    startup_lpc17xx.o(RESET) refers to startup_lpc17xx.o(.text) for Reset_Handler
    startup_lpc17xx.o(RESET) refers to hal_cm3.o(.emb_text) for SVC_Handler
    startup_lpc17xx.o(.ARM.__at_0x02FC) refers (Special) to heapauxi.o(.text) for __use_two_region_memory
    startup_lpc17xx.o(.text) refers (Special) to heapauxi.o(.text) for __use_two_region_memory
    startup_lpc17xx.o(.text) refers to __main.o(!!!main) for __main
    startup_lpc17xx.o(.text) refers to startup_lpc17xx.o(HEAP) for Heap_Mem
    startup_lpc17xx.o(.text) refers to startup_lpc17xx.o(STACK) for Stack_Mem
    system_lpc17xx.o(.text) refers to system_lpc17xx.o(.data) for SystemFrequency
    rtx_conf_cm.o(.text) refers to rt_task.o(i.rt_tsk_self) for rt_tsk_self
    rtx_conf_cm.o(.text) refers to rt_mutex.o(i.rt_mut_init) for rt_mut_init
    rtx_conf_cm.o(.text) refers to rtx_conf_cm.o(.bss) for .bss
    rtx_conf_cm.o(.text) refers to libspace.o(.bss) for __libspace_start
    rtx_conf_cm.o(.text) refers to rtx_conf_cm.o(.data) for .data
    rtx_conf_cm.o(.text) refers to rt_mutex.o(i.rt_mut_wait) for rt_mut_wait
    rtx_conf_cm.o(.text) refers to rt_mutex.o(i.rt_mut_release) for rt_mut_release
    retarget.o(.text) refers (Special) to use_no_semi.o(.text) for __use_no_semihosting_swi
    retarget.o(.text) refers to uart_polling.o(.text) for uart_put_char
    retarget.o(.data) refers (Special) to use_no_semi.o(.text) for __use_no_semihosting_swi
    helloworld.o(.text) refers to _printf_percent.o(.ARM.Collect$$_printf_percent$$00000000) for _printf_percent
    helloworld.o(.text) refers to _printf_d.o(.ARM.Collect$$_printf_percent$$00000009) for _printf_d
    helloworld.o(.text) refers to _printf_s.o(.ARM.Collect$$_printf_percent$$00000014) for _printf_s
    helloworld.o(.text) refers to _printf_dec.o(.text) for _printf_int_dec
    helloworld.o(.text) refers to _printf_str.o(.text) for _printf_str
    helloworld.o(.text) refers to strcpy.o(.text) for strcpy
    helloworld.o(.text) refers to noretval__2printf.o(.text) for __2printf
    helloworld.o(.text) refers to rt_membox.o(i._init_box) for _init_box
    helloworld.o(.text) refers to helloworld.o(.data) for g_counter
    helloworld.o(.text) refers to helloworld.o(.bss) for g_mut_uart
    helloworld.o(.text) refers to rt_mutex.o(i.rt_mut_wait) for rt_mut_wait
    helloworld.o(.text) refers to rt_mutex.o(i.rt_mut_release) for rt_mut_release
    helloworld.o(.text) refers to rt_user.o(i.rt_tsk_get) for rt_tsk_get
    helloworld.o(.text) refers to rt_time.o(i.rt_dly_wait) for rt_dly_wait
    helloworld.o(.text) refers to rt_task.o(i.rt_tsk_delete) for rt_tsk_delete
    helloworld.o(.text) refers to rt_user.o(i.rt_mem_alloc) for rt_mem_alloc
    helloworld.o(.text) refers to rt_user.o(i.rt_mem_free) for rt_mem_free
    helloworld.o(.text) refers to rt_mutex.o(i.rt_mut_init) for rt_mut_init
    helloworld.o(.text) refers to rt_task.o(i.rt_tsk_self) for rt_tsk_self
    helloworld.o(.text) refers to rt_task.o(i.rt_tsk_create) for rt_tsk_create
    helloworld.o(.text) refers to system_lpc17xx.o(.text) for SystemInit
    helloworld.o(.text) refers to uart_polling.o(.text) for uart_init
    helloworld.o(.text) refers to hal_cm3.o(.emb_text) for os_set_env
    helloworld.o(.text) refers to rtx_conf_cm.o(.text) for os_idle_demon
    helloworld.o(.text) refers to rt_task.o(i.rt_sys_init) for rt_sys_init
    helloworld.o(.data) refers to helloworld.o(.text) for task1
    rt_task.o(i.rt_block) refers to rt_list.o(i.rt_put_dly) for rt_put_dly
    rt_task.o(i.rt_block) refers to rt_list.o(i.rt_get_first) for rt_get_first
    rt_task.o(i.rt_block) refers to rt_task.o(i.rt_switch_req) for rt_switch_req
    rt_task.o(i.rt_block) refers to rt_task.o(.data) for .data
    rt_task.o(i.rt_block) refers to rt_list.o(.bss) for os_rdy
    rt_task.o(i.rt_dispatch) refers to rt_list.o(i.rt_put_rdy_first) for rt_put_rdy_first
    rt_task.o(i.rt_dispatch) refers to rt_task.o(i.rt_switch_req) for rt_switch_req
    rt_task.o(i.rt_dispatch) refers to rt_list.o(i.rt_get_first) for rt_get_first
    rt_task.o(i.rt_dispatch) refers to rt_list.o(i.rt_put_prio) for rt_put_prio
    rt_task.o(i.rt_dispatch) refers to rt_task.o(.data) for .data
    rt_task.o(i.rt_dispatch) refers to rt_list.o(.bss) for os_rdy
    rt_task.o(i.rt_init_context) refers to rt_membox.o(i.rt_alloc_box) for rt_alloc_box
[...]
    rt_list.o(i.rt_resort_prio) refers to rt_list.o(.bss) for .bss
    rt_list.o(i.rt_rmv_list) refers to rt_list.o(.bss) for .bss
    rt_robin.o(i.rt_chk_robin) refers to rt_list.o(i.rt_get_first) for rt_get_first
    rt_robin.o(i.rt_chk_robin) refers to rt_list.o(i.rt_put_prio) for rt_put_prio
    rt_robin.o(i.rt_chk_robin) refers to rt_robin.o(.data) for .data
    rt_robin.o(i.rt_chk_robin) refers to rt_list.o(.bss) for os_rdy
    rt_robin.o(i.rt_chk_robin) refers to rt_time.o(.data) for os_time
    rt_robin.o(i.rt_init_robin) refers to rt_robin.o(.data) for .data
    rt_robin.o(i.rt_init_robin) refers to rtx_conf_cm.o(.constdata) for os_rrobin
    rt_event.o(i.isr_evt_set) refers to rt_list.o(i.rt_psq_enq) for rt_psq_enq
    rt_event.o(i.isr_evt_set) refers to rt_system.o(i.rt_psh_req) for rt_psh_req
    rt_event.o(i.isr_evt_set) refers to rtx_conf_cm.o(.bss) for os_active_TCB
    rt_event.o(i.rt_evt_clr) refers to rtx_conf_cm.o(.bss) for os_active_TCB
    rt_event.o(i.rt_evt_get) refers to rt_task.o(.data) for os_tsk
    rt_event.o(i.rt_evt_psh) refers to rt_list.o(i.rt_rmv_dly) for rt_rmv_dly
    rt_event.o(i.rt_evt_psh) refers to rt_list.o(i.rt_put_prio) for rt_put_prio
    rt_event.o(i.rt_evt_psh) refers to rt_list.o(.bss) for os_rdy
    rt_event.o(i.rt_evt_set) refers to rt_list.o(i.rt_rmv_dly) for rt_rmv_dly
    rt_event.o(i.rt_evt_set) refers to rt_task.o(i.rt_dispatch) for rt_dispatch
    rt_event.o(i.rt_evt_set) refers to rtx_conf_cm.o(.bss) for os_active_TCB
    rt_event.o(i.rt_evt_wait) refers to rt_task.o(i.rt_block) for rt_block
    rt_event.o(i.rt_evt_wait) refers to rt_task.o(.data) for os_tsk
    rt_mailbox.o(i.isr_mbx_receive) refers to rt_list.o(i.rt_psq_enq) for rt_psq_enq
    rt_mailbox.o(i.isr_mbx_receive) refers to rt_system.o(i.rt_psh_req) for rt_psh_req
    rt_mailbox.o(i.isr_mbx_send) refers to rt_list.o(i.rt_psq_enq) for rt_psq_enq
    rt_mailbox.o(i.isr_mbx_send) refers to rt_system.o(i.rt_psh_req) for rt_psh_req
    rt_mailbox.o(i.rt_mbx_psh) refers to rt_list.o(i.rt_get_first) for rt_get_first
    rt_mailbox.o(i.rt_mbx_psh) refers to rt_list.o(i.rt_rmv_dly) for rt_rmv_dly
    rt_mailbox.o(i.rt_mbx_psh) refers to rt_list.o(i.rt_put_prio) for rt_put_prio
    rt_mailbox.o(i.rt_mbx_psh) refers to rtx_conf_cm.o(.text) for os_error
    rt_mailbox.o(i.rt_mbx_psh) refers to rt_list.o(.bss) for os_rdy
    rt_mailbox.o(i.rt_mbx_send) refers to rt_list.o(i.rt_put_prio) for rt_put_prio
    rt_mailbox.o(i.rt_mbx_send) refers to rt_list.o(i.rt_get_first) for rt_get_first
    rt_mailbox.o(i.rt_mbx_send) refers to rt_list.o(i.rt_rmv_dly) for rt_rmv_dly
    rt_mailbox.o(i.rt_mbx_send) refers to rt_task.o(i.rt_dispatch) for rt_dispatch
    rt_mailbox.o(i.rt_mbx_send) refers to rt_task.o(i.rt_block) for rt_block
    rt_mailbox.o(i.rt_mbx_send) refers to rt_task.o(.data) for os_tsk
    rt_mailbox.o(i.rt_mbx_wait) refers to rt_list.o(i.rt_get_first) for rt_get_first
    rt_mailbox.o(i.rt_mbx_wait) refers to rt_list.o(i.rt_rmv_dly) for rt_rmv_dly
    rt_mailbox.o(i.rt_mbx_wait) refers to rt_task.o(i.rt_dispatch) for rt_dispatch
    rt_mailbox.o(i.rt_mbx_wait) refers to rt_list.o(i.rt_put_prio) for rt_put_prio
    rt_mailbox.o(i.rt_mbx_wait) refers to rt_task.o(i.rt_block) for rt_block
    rt_mailbox.o(i.rt_mbx_wait) refers to rt_task.o(.data) for os_tsk
    rt_semaphore.o(i.isr_sem_send) refers to rt_list.o(i.rt_psq_enq) for rt_psq_enq
    rt_semaphore.o(i.isr_sem_send) refers to rt_system.o(i.rt_psh_req) for rt_psh_req
    rt_semaphore.o(i.rt_sem_psh) refers to rt_list.o(i.rt_get_first) for rt_get_first
    rt_semaphore.o(i.rt_sem_psh) refers to rt_list.o(i.rt_rmv_dly) for rt_rmv_dly
    rt_semaphore.o(i.rt_sem_psh) refers to rt_list.o(i.rt_put_prio) for rt_put_prio
    rt_semaphore.o(i.rt_sem_psh) refers to rt_list.o(.bss) for os_rdy
    rt_semaphore.o(i.rt_sem_send) refers to rt_list.o(i.rt_get_first) for rt_get_first
    rt_semaphore.o(i.rt_sem_send) refers to rt_list.o(i.rt_rmv_dly) for rt_rmv_dly
    rt_semaphore.o(i.rt_sem_send) refers to rt_task.o(i.rt_dispatch) for rt_dispatch
    rt_semaphore.o(i.rt_sem_send) refers to rt_task.o(.data) for os_tsk
    rt_semaphore.o(i.rt_sem_wait) refers to rt_list.o(i.rt_put_prio) for rt_put_prio
    rt_semaphore.o(i.rt_sem_wait) refers to rt_task.o(i.rt_block) for rt_block
    rt_semaphore.o(i.rt_sem_wait) refers to rt_task.o(.data) for os_tsk
    rt_timer.o(i.rt_tmr_create) refers to rt_membox.o(i.rt_alloc_box) for rt_alloc_box
    rt_timer.o(i.rt_tmr_create) refers to rtx_conf_cm.o(.data) for m_tmr
    rt_timer.o(i.rt_tmr_create) refers to rt_timer.o(.data) for .data
    rt_timer.o(i.rt_tmr_kill) refers to rt_membox.o(i.rt_free_box) for rt_free_box
    rt_timer.o(i.rt_tmr_kill) refers to rt_timer.o(.data) for .data
    rt_timer.o(i.rt_tmr_kill) refers to rtx_conf_cm.o(.data) for m_tmr
    rt_timer.o(i.rt_tmr_tick) refers to rtx_conf_cm.o(.text) for os_tmr_call
    rt_timer.o(i.rt_tmr_tick) refers to rt_membox.o(i.rt_free_box) for rt_free_box
    rt_timer.o(i.rt_tmr_tick) refers to rt_timer.o(.data) for .data
    rt_timer.o(i.rt_tmr_tick) refers to rtx_conf_cm.o(.data) for m_tmr
    libspace.o(.text) refers to libspace.o(.bss) for __libspace_start
    __2printf.o(.text) refers to _printf_char_file.o(.text) for _printf_char_file
    __2printf.o(.text) refers to retarget.o(.data) for __stdout
    noretval__2printf.o(.text) refers to _printf_char_file.o(.text) for _printf_char_file
    noretval__2printf.o(.text) refers to retarget.o(.data) for __stdout
    __printf.o(.text) refers to _printf_percent.o(.ARM.Collect$$_printf_percent$$00000000) for _printf_percent
    _printf_str.o(.text) refers (Special) to _printf_char.o(.text) for _printf_cs_common
    _printf_dec.o(.text) refers to _printf_intcommon.o(.text) for _printf_int_common
    __printf_flags.o(.text) refers to _printf_percent.o(.ARM.Collect$$_printf_percent$$00000000) for _printf_percent
    __printf_flags.o(.text) refers to __printf_flags.o(.constdata) for .constdata
    __printf_ss.o(.text) refers to _printf_percent.o(.ARM.Collect$$_printf_percent$$00000000) for _printf_percent
    __printf_flags_ss.o(.text) refers to _printf_percent.o(.ARM.Collect$$_printf_percent$$00000000) for _printf_percent
    __printf_flags_ss.o(.text) refers to __printf_flags_ss.o(.constdata) for .constdata
    __printf_wp.o(.text) refers to __printf_wp.o(i._is_digit) for _is_digit
    __printf_wp.o(.text) refers to _printf_percent.o(.ARM.Collect$$_printf_percent$$00000000) for _printf_percent
    __printf_flags_wp.o(.text) refers to __printf_wp.o(i._is_digit) for _is_digit
    __printf_flags_wp.o(.text) refers to _printf_percent.o(.ARM.Collect$$_printf_percent$$00000000) for _printf_percent
    __printf_flags_wp.o(.text) refers to __printf_flags_wp.o(.constdata) for .constdata
    __printf_ss_wp.o(.text) refers to __printf_wp.o(i._is_digit) for _is_digit
    __printf_ss_wp.o(.text) refers to _printf_percent.o(.ARM.Collect$$_printf_percent$$00000000) for _printf_percent
    __printf_flags_ss_wp.o(.text) refers to __printf_wp.o(i._is_digit) for _is_digit
    __printf_flags_ss_wp.o(.text) refers to _printf_percent.o(.ARM.Collect$$_printf_percent$$00000000) for _printf_percent
    __printf_flags_ss_wp.o(.text) refers to __printf_flags_ss_wp.o(.constdata) for .constdata
    _printf_s.o(.ARM.Collect$$_printf_percent$$00000014) refers (Weak) to _printf_char.o(.text) for _printf_string
    _printf_d.o(.ARM.Collect$$_printf_percent$$00000009) refers (Weak) to _printf_dec.o(.text) for _printf_int_dec
    _printf_percent.o(.ARM.Collect$$_printf_percent$$00000000) refers (Special) to _printf_percent_end.o(.ARM.Collect$$_printf_percent$$00000017) for _printf_percent_end
    __main.o(!!!main) refers to rtentry.o(.ARM.Collect$$rtentry$$00000000) for __rt_entry
    rtentry.o(.ARM.Collect$$rtentry$$00000000) refers (Special) to rtentry2.o(.ARM.Collect$$rtentry$$0000000A) for __rt_entry_li
    rtentry.o(.ARM.Collect$$rtentry$$00000000) refers (Special) to rtentry2.o(.ARM.Collect$$rtentry$$0000000D) for __rt_entry_main
    rtentry.o(.ARM.Collect$$rtentry$$00000000) refers (Special) to rtentry2.o(.ARM.Collect$$rtentry$$0000000C) for __rt_entry_postli_1
    rtentry.o(.ARM.Collect$$rtentry$$00000000) refers (Special) to rtentry2.o(.ARM.Collect$$rtentry$$00000009) for __rt_entry_postsh_1
    rtentry.o(.ARM.Collect$$rtentry$$00000000) refers (Special) to rtentry2.o(.ARM.Collect$$rtentry$$00000002) for __rt_entry_presh_1
    rtentry.o(.ARM.Collect$$rtentry$$00000000) refers (Special) to rtentry4.o(.ARM.Collect$$rtentry$$00000004) for __rt_entry_sh
    _printf_char.o(.text) refers (Weak) to _printf_str.o(.text) for _printf_str
    _printf_char_file.o(.text) refers to _printf_char_common.o(.text) for _printf_char_common
    _printf_char_file.o(.text) refers to retarget.o(.text) for ferror
    rtentry2.o(.ARM.Collect$$rtentry$$00000008) refers to boardinit2.o(.text) for _platform_post_stackheap_init
    rtentry2.o(.ARM.Collect$$rtentry$$0000000A) refers to libinit.o(.ARM.Collect$$libinit$$00000000) for __rt_lib_init
    rtentry2.o(.ARM.Collect$$rtentry$$0000000B) refers to boardinit3.o(.text) for _platform_post_lib_init
    rtentry2.o(.ARM.Collect$$rtentry$$0000000D) refers to helloworld.o(.text) for main
    rtentry2.o(.ARM.Collect$$rtentry$$0000000D) refers to exit.o(.text) for exit
    rtentry2.o(.ARM.exidx) refers to rtentry2.o(.ARM.Collect$$rtentry$$00000001) for .ARM.Collect$$rtentry$$00000001
    rtentry2.o(.ARM.exidx) refers to rtentry2.o(.ARM.Collect$$rtentry$$00000008) for .ARM.Collect$$rtentry$$00000008
    rtentry2.o(.ARM.exidx) refers to rtentry2.o(.ARM.Collect$$rtentry$$0000000A) for .ARM.Collect$$rtentry$$0000000A
    rtentry2.o(.ARM.exidx) refers to rtentry2.o(.ARM.Collect$$rtentry$$0000000B) for .ARM.Collect$$rtentry$$0000000B
    rtentry2.o(.ARM.exidx) refers to rtentry2.o(.ARM.Collect$$rtentry$$0000000D) for .ARM.Collect$$rtentry$$0000000D
    rtentry4.o(.ARM.Collect$$rtentry$$00000004) refers to sys_stackheap_outer.o(.text) for __user_setup_stackheap
    rtentry4.o(.ARM.exidx) refers to rtentry4.o(.ARM.Collect$$rtentry$$00000004) for .ARM.Collect$$rtentry$$00000004
    _printf_char_common.o(.text) refers to __printf.o(.text) for __printf
    sys_stackheap_outer.o(.text) refers to libspace.o(.text) for __user_perproc_libspace
    sys_stackheap_outer.o(.text) refers to startup_lpc17xx.o(.text) for __user_initial_stackheap
    exit.o(.text) refers to rtexit.o(.ARM.Collect$$rtexit$$00000000) for __rt_exit
    libinit.o(.ARM.Collect$$libinit$$00000000) refers (Special) to libinit2.o(.ARM.Collect$$libinit$$0000002C) for __rt_lib_init_alloca_1
    libinit.o(.ARM.Collect$$libinit$$00000000) refers (Special) to libinit2.o(.ARM.Collect$$libinit$$0000002A) for __rt_lib_init_argv_1
    libinit.o(.ARM.Collect$$libinit$$00000000) refers (Special) to libinit2.o(.ARM.Collect$$libinit$$00000019) for __rt_lib_init_atexit_1
    libinit.o(.ARM.Collect$$libinit$$00000000) refers (Special) to libinit2.o(.ARM.Collect$$libinit$$0000001F) for __rt_lib_init_clock_1
    libinit.o(.ARM.Collect$$libinit$$00000000) refers (Special) to libinit2.o(.ARM.Collect$$libinit$$00000030) for __rt_lib_init_cpp_1
    libinit.o(.ARM.Collect$$libinit$$00000000) refers (Special) to libinit2.o(.ARM.Collect$$libinit$$0000002E) for __rt_lib_init_exceptions_1
    libinit.o(.ARM.Collect$$libinit$$00000000) refers (Special) to libinit2.o(.ARM.Collect$$libinit$$00000002) for __rt_lib_init_fp_1
    libinit.o(.ARM.Collect$$libinit$$00000000) refers (Special) to libinit2.o(.ARM.Collect$$libinit$$0000001D) for __rt_lib_init_fp_trap_1
    libinit.o(.ARM.Collect$$libinit$$00000000) refers (Special) to libinit2.o(.ARM.Collect$$libinit$$00000021) for __rt_lib_init_getenv_1
    libinit.o(.ARM.Collect$$libinit$$00000000) refers (Special) to libinit2.o(.ARM.Collect$$libinit$$00000008) for __rt_lib_init_heap_1
    libinit.o(.ARM.Collect$$libinit$$00000000) refers (Special) to libinit2.o(.ARM.Collect$$libinit$$0000000F) for __rt_lib_init_lc_collate_1
    libinit.o(.ARM.Collect$$libinit$$00000000) refers (Special) to libinit2.o(.ARM.Collect$$libinit$$00000011) for __rt_lib_init_lc_ctype_1
    libinit.o(.ARM.Collect$$libinit$$00000000) refers (Special) to libinit2.o(.ARM.Collect$$libinit$$00000013) for __rt_lib_init_lc_monetary_1
    libinit.o(.ARM.Collect$$libinit$$00000000) refers (Special) to libinit2.o(.ARM.Collect$$libinit$$00000015) for __rt_lib_init_lc_numeric_1
    libinit.o(.ARM.Collect$$libinit$$00000000) refers (Special) to libinit2.o(.ARM.Collect$$libinit$$00000017) for __rt_lib_init_lc_time_1
    libinit.o(.ARM.Collect$$libinit$$00000000) refers (Special) to libinit2.o(.ARM.Collect$$libinit$$0000000C) for __rt_lib_init_rand_1
    libinit.o(.ARM.Collect$$libinit$$00000000) refers (Special) to libinit2.o(.ARM.Collect$$libinit$$00000031) for __rt_lib_init_return
    libinit.o(.ARM.Collect$$libinit$$00000000) refers (Special) to libinit2.o(.ARM.Collect$$libinit$$0000001B) for __rt_lib_init_signal_1
    libinit.o(.ARM.Collect$$libinit$$00000000) refers (Special) to libinit2.o(.ARM.Collect$$libinit$$00000023) for __rt_lib_init_stdio_1
    libinit.o(.ARM.Collect$$libinit$$00000000) refers (Special) to libinit2.o(.ARM.Collect$$libinit$$0000000A) for __rt_lib_init_user_alloc_1
    rtexit.o(.ARM.Collect$$rtexit$$00000000) refers (Special) to rtexit2.o(.ARM.Collect$$rtexit$$00000004) for __rt_exit_exit
    rtexit.o(.ARM.Collect$$rtexit$$00000000) refers (Special) to rtexit2.o(.ARM.Collect$$rtexit$$00000003) for __rt_exit_ls
    rtexit.o(.ARM.Collect$$rtexit$$00000000) refers (Special) to rtexit2.o(.ARM.Collect$$rtexit$$00000002) for __rt_exit_prels_1
    rtexit.o(.ARM.exidx) refers (Special) to rtexit2.o(.ARM.Collect$$rtexit$$00000004) for __rt_exit_exit
    rtexit.o(.ARM.exidx) refers (Special) to rtexit2.o(.ARM.Collect$$rtexit$$00000003) for __rt_exit_ls
    rtexit.o(.ARM.exidx) refers (Special) to rtexit2.o(.ARM.Collect$$rtexit$$00000002) for __rt_exit_prels_1
    rtexit.o(.ARM.exidx) refers to rtexit.o(.ARM.Collect$$rtexit$$00000000) for .ARM.Collect$$rtexit$$00000000
    libinit2.o(.ARM.Collect$$libinit$$0000000E) refers to libinit2.o(.ARM.Collect$$libinit$$0000000D) for .ARM.Collect$$libinit$$0000000D
    libinit2.o(.ARM.Collect$$libinit$$00000010) refers to libinit2.o(.ARM.Collect$$libinit$$0000000D) for .ARM.Collect$$libinit$$0000000D
    libinit2.o(.ARM.Collect$$libinit$$00000012) refers to libinit2.o(.ARM.Collect$$libinit$$0000000D) for .ARM.Collect$$libinit$$0000000D
    libinit2.o(.ARM.Collect$$libinit$$00000014) refers to libinit2.o(.ARM.Collect$$libinit$$0000000D) for .ARM.Collect$$libinit$$0000000D
    libinit2.o(.ARM.Collect$$libinit$$00000016) refers to libinit2.o(.ARM.Collect$$libinit$$0000000D) for .ARM.Collect$$libinit$$0000000D
    libinit2.o(.ARM.Collect$$libinit$$00000024) refers to argv_veneer.o(.emb_text) for __ARM_argv_veneer
    libinit2.o(.ARM.Collect$$libinit$$00000025) refers to argv_veneer.o(.emb_text) for __ARM_argv_veneer
    rtexit2.o(.ARM.Collect$$rtexit$$00000003) refers to libshutdown.o(.ARM.Collect$$libshutdown$$00000000) for __rt_lib_shutdown
    rtexit2.o(.ARM.Collect$$rtexit$$00000004) refers to retarget.o(.text) for _sys_exit
    rtexit2.o(.ARM.exidx) refers to rtexit2.o(.ARM.Collect$$rtexit$$00000001) for .ARM.Collect$$rtexit$$00000001
    rtexit2.o(.ARM.exidx) refers to rtexit2.o(.ARM.Collect$$rtexit$$00000003) for .ARM.Collect$$rtexit$$00000003
    rtexit2.o(.ARM.exidx) refers to rtexit2.o(.ARM.Collect$$rtexit$$00000004) for .ARM.Collect$$rtexit$$00000004
    argv_veneer.o(.emb_text) refers to no_argv.o(.text) for __ARM_get_argv
    _get_argv_nomalloc.o(.text) refers (Special) to hrguard.o(.text) for __heap_region$guard
    _get_argv_nomalloc.o(.text) refers to defsig_rtmem_outer.o(.text) for __rt_SIGRTMEM
    _get_argv_nomalloc.o(.text) refers to sys_command.o(.text) for _sys_command_string
    libshutdown.o(.ARM.Collect$$libshutdown$$00000000) refers (Special) to libshutdown2.o(.ARM.Collect$$libshutdown$$00000006) for __rt_lib_shutdown_fp_trap_1
    libshutdown.o(.ARM.Collect$$libshutdown$$00000000) refers (Special) to libshutdown2.o(.ARM.Collect$$libshutdown$$0000000E) for __rt_lib_shutdown_heap_1
    libshutdown.o(.ARM.Collect$$libshutdown$$00000000) refers (Special) to libshutdown2.o(.ARM.Collect$$libshutdown$$0000000F) for __rt_lib_shutdown_return
    libshutdown.o(.ARM.Collect$$libshutdown$$00000000) refers (Special) to libshutdown2.o(.ARM.Collect$$libshutdown$$00000009) for __rt_lib_shutdown_signal_1
    libshutdown.o(.ARM.Collect$$libshutdown$$00000000) refers (Special) to libshutdown2.o(.ARM.Collect$$libshutdown$$00000003) for __rt_lib_shutdown_stdio_1
    libshutdown.o(.ARM.Collect$$libshutdown$$00000000) refers (Special) to libshutdown2.o(.ARM.Collect$$libshutdown$$0000000B) for __rt_lib_shutdown_user_alloc_1
    sys_command.o(.text) refers (Special) to use_no_semi.o(.text) for __I$use$semihosting
    sys_command.o(.text) refers (Special) to indicate_semi.o(.text) for __semihosting_library_function
    defsig_rtmem_outer.o(.text) refers to defsig_rtmem_inner.o(.text) for __rt_SIGRTMEM_inner
    defsig_rtmem_outer.o(.text) refers to defsig_exit.o(.text) for __sig_exit
    defsig_rtmem_formal.o(.text) refers to rt_raise.o(.text) for __rt_raise
    rt_raise.o(.text) refers to __raise.o(.text) for __raise
    rt_raise.o(.text) refers to retarget.o(.text) for _sys_exit
    defsig_exit.o(.text) refers to retarget.o(.text) for _sys_exit
    defsig_rtmem_inner.o(.text) refers to defsig_general.o(.text) for __default_signal_display
    __raise.o(.text) refers to defsig.o(CL$$defsig) for __default_signal_handler
    defsig_general.o(.text) refers to retarget.o(.text) for _ttywrch
    defsig.o(CL$$defsig) refers to defsig_rtmem_inner.o(.text) for __rt_SIGRTMEM_inner
    defsig_abrt_inner.o(.text) refers to defsig_general.o(.text) for __default_signal_display
    defsig_fpe_inner.o(.text) refers to defsig_general.o(.text) for __default_signal_display
    defsig_rtred_inner.o(.text) refers to defsig_general.o(.text) for __default_signal_display
    defsig_stak_inner.o(.text) refers to defsig_general.o(.text) for __default_signal_display
    defsig_pvfn_inner.o(.text) refers to defsig_general.o(.text) for __default_signal_display
    defsig_cppl_inner.o(.text) refers to defsig_general.o(.text) for __default_signal_display
    defsig_segv_inner.o(.text) refers to defsig_general.o(.text) for __default_signal_display
    defsig_other.o(.text) refers to defsig_general.o(.text) for __default_signal_display


==============================================================================

Removing Unused input sections from the image.

    Removing system_lpc17xx.o(.rev16_text), (4 bytes).
    Removing system_lpc17xx.o(.revsh_text), (4 bytes).
    Removing uart_polling.o(.rev16_text), (4 bytes).
    Removing uart_polling.o(.revsh_text), (4 bytes).
    Removing helloworld.o(.rev16_text), (4 bytes).
    Removing helloworld.o(.revsh_text), (4 bytes).
    Removing rt_task.o(i.rt_tsk_pass), (48 bytes).
    Removing rt_task.o(i.rt_tsk_prio), (128 bytes).
    Removing rt_time.o(i.rt_itv_set), (24 bytes).
    Removing rt_time.o(i.rt_itv_wait), (44 bytes).
    Removing rt_time.o(i.rt_time_get), (12 bytes).
    Removing rt_membox.o(i._calloc_box), (30 bytes).
    Removing rt_user.o(i.rt_tsk_count_get), (52 bytes).
    Removing rt_system.o(.emb_text), (0 bytes).
    Removing rt_system.o(i.rt_psh_req), (32 bytes).
    Removing rt_system.o(i.rt_resume), (176 bytes).
    Removing rt_system.o(i.rt_suspend), (44 bytes).
    Removing rt_system.o(i.rt_tsk_lock), (80 bytes).
    Removing rt_system.o(i.rt_tsk_unlock), (80 bytes).
    Removing rt_list.o(i.rt_get_same_rdy_prio), (36 bytes).
    Removing rt_list.o(i.rt_psq_enq), (88 bytes).
    Removing rt_event.o(i.isr_evt_set), (40 bytes).
    Removing rt_event.o(i.rt_evt_clr), (28 bytes).
    Removing rt_event.o(i.rt_evt_get), (12 bytes).
    Removing rt_event.o(i.rt_evt_set), (96 bytes).
    Removing rt_event.o(i.rt_evt_wait), (64 bytes).
    Removing rt_mailbox.o(i.isr_mbx_receive), (84 bytes).
    Removing rt_mailbox.o(i.isr_mbx_send), (14 bytes).
    Removing rt_mailbox.o(i.rt_mbx_check), (8 bytes).
    Removing rt_mailbox.o(i.rt_mbx_init), (26 bytes).
    Removing rt_mailbox.o(i.rt_mbx_send), (160 bytes).
    Removing rt_mailbox.o(i.rt_mbx_wait), (184 bytes).
    Removing rt_semaphore.o(i.isr_sem_send), (16 bytes).
    Removing rt_semaphore.o(i.rt_sem_init), (12 bytes).
    Removing rt_semaphore.o(i.rt_sem_send), (56 bytes).
    Removing rt_semaphore.o(i.rt_sem_wait), (60 bytes).
    Removing rt_timer.o(i.rt_tmr_create), (80 bytes).
    Removing rt_timer.o(i.rt_tmr_kill), (52 bytes).

38 unused section(s) (total 1890 bytes) removed from the image.

==============================================================================

Image Symbol Table

    Local Symbols

    Symbol Name                              Value     Ov Type        Size  Object(Section)

    ../clib/angel/boardlib.s                 0x00000000   Number         0  boardshut.o ABSOLUTE
    ../clib/angel/boardlib.s                 0x00000000   Number         0  boardinit1.o ABSOLUTE
    ../clib/angel/boardlib.s                 0x00000000   Number         0  boardinit2.o ABSOLUTE
    ../clib/angel/boardlib.s                 0x00000000   Number         0  boardinit3.o ABSOLUTE
    ../clib/angel/handlers.s                 0x00000000   Number         0  __scatter_zi.o ABSOLUTE
    ../clib/angel/handlers.s                 0x00000000   Number         0  __scatter_copy.o ABSOLUTE
    ../clib/angel/kernel.s                   0x00000000   Number         0  rtentry2.o ABSOLUTE
    ../clib/angel/kernel.s                   0x00000000   Number         0  rtentry.o ABSOLUTE
    ../clib/angel/kernel.s                   0x00000000   Number         0  rtentry4.o ABSOLUTE
    ../clib/angel/kernel.s                   0x00000000   Number         0  rtexit2.o ABSOLUTE
    ../clib/angel/kernel.s                   0x00000000   Number         0  rtexit.o ABSOLUTE
    ../clib/angel/rt.s                       0x00000000   Number         0  rt_raise.o ABSOLUTE
    ../clib/angel/scatter.s                  0x00000000   Number         0  __scatter.o ABSOLUTE
    ../clib/angel/startup.s                  0x00000000   Number         0  __main.o ABSOLUTE
    ../clib/angel/sys.s                      0x00000000   Number         0  libspace.o ABSOLUTE
    ../clib/angel/sys.s                      0x00000000   Number         0  use_no_semi.o ABSOLUTE
    ../clib/angel/sys.s                      0x00000000   Number         0  indicate_semi.o ABSOLUTE
    ../clib/angel/sys.s                      0x00000000   Number         0  sys_stackheap_outer.o ABSOLUTE
    ../clib/angel/sysapp.c                   0x00000000   Number         0  sys_command.o ABSOLUTE
    ../clib/armsys.c                         0x00000000   Number         0  argv_veneer.o ABSOLUTE
    ../clib/armsys.c                         0x00000000   Number         0  argv_veneer.o ABSOLUTE
    ../clib/armsys.c                         0x00000000   Number         0  _get_argv_nomalloc.o ABSOLUTE
    ../clib/armsys.c                         0x00000000   Number         0  no_argv.o ABSOLUTE
    ../clib/heapalloc.c                      0x00000000   Number         0  hrguard.o ABSOLUTE
    ../clib/heapaux.c                        0x00000000   Number         0  heapauxi.o ABSOLUTE
    ../clib/libinit.s                        0x00000000   Number         0  libinit.o ABSOLUTE
    ../clib/libinit.s                        0x00000000   Number         0  libinit2.o ABSOLUTE
    ../clib/libinit.s                        0x00000000   Number         0  libshutdown.o ABSOLUTE
    ../clib/libinit.s                        0x00000000   Number         0  libshutdown2.o ABSOLUTE
    ../clib/printf.c                         0x00000000   Number         0  _printf_str.o ABSOLUTE
    ../clib/printf.c                         0x00000000   Number         0  _printf_intcommon.o ABSOLUTE
    ../clib/printf.c                         0x00000000   Number         0  _printf_char.o ABSOLUTE
    ../clib/printf.c                         0x00000000   Number         0  __printf_flags_wp.o ABSOLUTE
    ../clib/printf.c                         0x00000000   Number         0  __printf_flags.o ABSOLUTE
    ../clib/printf.c                         0x00000000   Number         0  __printf_flags_ss.o ABSOLUTE
    ../clib/printf.c                         0x00000000   Number         0  __printf_ss.o ABSOLUTE
    ../clib/printf.c                         0x00000000   Number         0  __printf_wp.o ABSOLUTE
    ../clib/printf.c                         0x00000000   Number         0  __printf_flags_ss_wp.o ABSOLUTE
    ../clib/printf.c                         0x00000000   Number         0  _printf_char_common.o ABSOLUTE
    ../clib/printf.c                         0x00000000   Number         0  __printf_nopercent.o ABSOLUTE
    ../clib/printf.c                         0x00000000   Number         0  _printf_char_file.o ABSOLUTE
    ../clib/printf.c                         0x00000000   Number         0  noretval__2printf.o ABSOLUTE
    ../clib/printf.c                         0x00000000   Number         0  __2printf.o ABSOLUTE
    ../clib/printf.c                         0x00000000   Number         0  __printf.o ABSOLUTE
    ../clib/printf.c                         0x00000000   Number         0  __printf_ss_wp.o ABSOLUTE
    ../clib/printf.c                         0x00000000   Number         0  _printf_dec.o ABSOLUTE
    ../clib/printf_percent.s                 0x00000000   Number         0  _printf_percent.o ABSOLUTE
    ../clib/printf_percent.s                 0x00000000   Number         0  _printf_s.o ABSOLUTE
    ../clib/printf_percent.s                 0x00000000   Number         0  _printf_d.o ABSOLUTE
    ../clib/printf_percent.s                 0x00000000   Number         0  _printf_percent_end.o ABSOLUTE
    ../clib/signal.c                         0x00000000   Number         0  defsig_other.o ABSOLUTE
    ../clib/signal.c                         0x00000000   Number         0  defsig_segv_inner.o ABSOLUTE
    ../clib/signal.c                         0x00000000   Number         0  defsig_pvfn_inner.o ABSOLUTE
    ../clib/signal.c                         0x00000000   Number         0  defsig_abrt_inner.o ABSOLUTE
    ../clib/signal.c                         0x00000000   Number         0  __raise.o ABSOLUTE
    ../clib/signal.c                         0x00000000   Number         0  defsig_fpe_inner.o ABSOLUTE
    ../clib/signal.c                         0x00000000   Number         0  defsig_rtred_inner.o ABSOLUTE
    ../clib/signal.c                         0x00000000   Number         0  defsig_rtmem_inner.o ABSOLUTE
    ../clib/signal.c                         0x00000000   Number         0  defsig_rtmem_outer.o ABSOLUTE
    ../clib/signal.c                         0x00000000   Number         0  defsig_exit.o ABSOLUTE
    ../clib/signal.c                         0x00000000   Number         0  defsig_rtmem_formal.o ABSOLUTE
    ../clib/signal.c                         0x00000000   Number         0  defsig_cppl_inner.o ABSOLUTE
    ../clib/signal.c                         0x00000000   Number         0  defsig_stak_inner.o ABSOLUTE
    ../clib/signal.c                         0x00000000   Number         0  defsig_general.o ABSOLUTE
    ../clib/signal.s                         0x00000000   Number         0  defsig.o ABSOLUTE
    ../clib/stdlib.c                         0x00000000   Number         0  exit.o ABSOLUTE
    ../clib/string.c                         0x00000000   Number         0  strcpy.o ABSOLUTE
    ../fplib/fpinit.s                        0x00000000   Number         0  fpinit.o ABSOLUTE
    ..\Startup\RTX_Conf_CM.c                 0x00000000   Number         0  rtx_conf_cm.o ABSOLUTE
    ..\Startup\Retarget.c                    0x00000000   Number         0  retarget.o ABSOLUTE
    SRC\CM\HAL_CM3.c                         0x00000000   Number         0  hal_cm3.o ABSOLUTE
    SRC\CM\SVC_Table.s                       0x00000000   Number         0  SVC_Table.o ABSOLUTE
    SRC\CM\rt_Event.c                        0x00000000   Number         0  rt_event.o ABSOLUTE
    SRC\CM\rt_List.c                         0x00000000   Number         0  rt_list.o ABSOLUTE
    SRC\CM\rt_Mailbox.c                      0x00000000   Number         0  rt_mailbox.o ABSOLUTE
    SRC\CM\rt_MemBox.c                       0x00000000   Number         0  rt_membox.o ABSOLUTE
    SRC\CM\rt_Mutex.c                        0x00000000   Number         0  rt_mutex.o ABSOLUTE
    SRC\CM\rt_Robin.c                        0x00000000   Number         0  rt_robin.o ABSOLUTE
    SRC\CM\rt_Semaphore.c                    0x00000000   Number         0  rt_semaphore.o ABSOLUTE
    SRC\CM\rt_System.c                       0x00000000   Number         0  rt_system.o ABSOLUTE
    SRC\CM\rt_Task.c                         0x00000000   Number         0  rt_task.o ABSOLUTE
    SRC\CM\rt_Time.c                         0x00000000   Number         0  rt_time.o ABSOLUTE
    SRC\CM\rt_Timer.c                        0x00000000   Number         0  rt_timer.o ABSOLUTE
    SRC\CM\rt_User.c                         0x00000000   Number         0  rt_user.o ABSOLUTE
    SRC\\CM\\HAL_CM3.c                       0x00000000   Number         0  hal_cm3.o ABSOLUTE
    SRC\\CM\\rt_System.c                     0x00000000   Number         0  rt_system.o ABSOLUTE
    dc.s                                     0x00000000   Number         0  dc.o ABSOLUTE
    src\\helloworld.c                        0x00000000   Number         0  helloworld.o ABSOLUTE
    src\\system_LPC17xx.c                    0x00000000   Number         0  system_lpc17xx.o ABSOLUTE
    src\\uart_polling.c                      0x00000000   Number         0  uart_polling.o ABSOLUTE
    src\helloworld.c                         0x00000000   Number         0  helloworld.o ABSOLUTE
    src\startup_LPC17xx.s                    0x00000000   Number         0  startup_lpc17xx.o ABSOLUTE
    src\system_LPC17xx.c                     0x00000000   Number         0  system_lpc17xx.o ABSOLUTE
    src\uart_polling.c                       0x00000000   Number         0  uart_polling.o ABSOLUTE
    .ARM.__at_0x02FC                         0x000002fc   Section        4  startup_lpc17xx.o(.ARM.__at_0x02FC)
    RESET                                    0x10000000   Section      204  startup_lpc17xx.o(RESET)
    !!!main                                  0x100000cc   Section        8  __main.o(!!!main)
    !!!scatter                               0x100000d4   Section       52  __scatter.o(!!!scatter)
    !!handler_copy                           0x10000108   Section       26  __scatter_copy.o(!!handler_copy)
    !!handler_zi                             0x10000124   Section       28  __scatter_zi.o(!!handler_zi)
    .ARM.Collect$$_printf_percent$$00000000  0x10000140   Section        0  _printf_percent.o(.ARM.Collect$$_printf_percent$$00000000)
    .ARM.Collect$$_printf_percent$$00000009  0x10000140   Section        6  _printf_d.o(.ARM.Collect$$_printf_percent$$00000009)
    .ARM.Collect$$_printf_percent$$00000014  0x10000146   Section        6  _printf_s.o(.ARM.Collect$$_printf_percent$$00000014)
    .ARM.Collect$$_printf_percent$$00000017  0x1000014c   Section        4  _printf_percent_end.o(.ARM.Collect$$_printf_percent$$00000017)
    .ARM.Collect$$libinit$$00000000          0x10000150   Section        2  libinit.o(.ARM.Collect$$libinit$$00000000)
    .ARM.Collect$$libinit$$00000002          0x10000152   Section        0  libinit2.o(.ARM.Collect$$libinit$$00000002)
    .ARM.Collect$$libinit$$00000008          0x10000152   Section        0  libinit2.o(.ARM.Collect$$libinit$$00000008)
    .ARM.Collect$$libinit$$0000000A          0x10000152   Section        0  libinit2.o(.ARM.Collect$$libinit$$0000000A)
    .ARM.Collect$$libinit$$0000000C          0x10000152   Section        0  libinit2.o(.ARM.Collect$$libinit$$0000000C)
    .ARM.Collect$$libinit$$0000000F          0x10000152   Section        0  libinit2.o(.ARM.Collect$$libinit$$0000000F)
    .ARM.Collect$$libinit$$00000011          0x10000152   Section        0  libinit2.o(.ARM.Collect$$libinit$$00000011)
    .ARM.Collect$$libinit$$00000013          0x10000152   Section        0  libinit2.o(.ARM.Collect$$libinit$$00000013)
    .ARM.Collect$$libinit$$00000015          0x10000152   Section        0  libinit2.o(.ARM.Collect$$libinit$$00000015)
    .ARM.Collect$$libinit$$00000017          0x10000152   Section        0  libinit2.o(.ARM.Collect$$libinit$$00000017)
    .ARM.Collect$$libinit$$00000019          0x10000152   Section        0  libinit2.o(.ARM.Collect$$libinit$$00000019)
    .ARM.Collect$$libinit$$0000001B          0x10000152   Section        0  libinit2.o(.ARM.Collect$$libinit$$0000001B)
    .ARM.Collect$$libinit$$0000001D          0x10000152   Section        0  libinit2.o(.ARM.Collect$$libinit$$0000001D)
    .ARM.Collect$$libinit$$0000001F          0x10000152   Section        0  libinit2.o(.ARM.Collect$$libinit$$0000001F)
    .ARM.Collect$$libinit$$00000021          0x10000152   Section        0  libinit2.o(.ARM.Collect$$libinit$$00000021)
    .ARM.Collect$$libinit$$00000023          0x10000152   Section        0  libinit2.o(.ARM.Collect$$libinit$$00000023)
    .ARM.Collect$$libinit$$0000002A          0x10000152   Section        0  libinit2.o(.ARM.Collect$$libinit$$0000002A)
    .ARM.Collect$$libinit$$0000002C          0x10000152   Section        0  libinit2.o(.ARM.Collect$$libinit$$0000002C)
    .ARM.Collect$$libinit$$0000002E          0x10000152   Section        0  libinit2.o(.ARM.Collect$$libinit$$0000002E)
    .ARM.Collect$$libinit$$00000030          0x10000152   Section        0  libinit2.o(.ARM.Collect$$libinit$$00000030)
    .ARM.Collect$$libinit$$00000031          0x10000152   Section        2  libinit2.o(.ARM.Collect$$libinit$$00000031)
    .ARM.Collect$$libshutdown$$00000000      0x10000154   Section        2  libshutdown.o(.ARM.Collect$$libshutdown$$00000000)
    .ARM.Collect$$libshutdown$$00000003      0x10000156   Section        0  libshutdown2.o(.ARM.Collect$$libshutdown$$00000003)
    .ARM.Collect$$libshutdown$$00000006      0x10000156   Section        0  libshutdown2.o(.ARM.Collect$$libshutdown$$00000006)
    .ARM.Collect$$libshutdown$$00000009      0x10000156   Section        0  libshutdown2.o(.ARM.Collect$$libshutdown$$00000009)
    .ARM.Collect$$libshutdown$$0000000B      0x10000156   Section        0  libshutdown2.o(.ARM.Collect$$libshutdown$$0000000B)
    .ARM.Collect$$libshutdown$$0000000E      0x10000156   Section        0  libshutdown2.o(.ARM.Collect$$libshutdown$$0000000E)
    .ARM.Collect$$libshutdown$$0000000F      0x10000156   Section        2  libshutdown2.o(.ARM.Collect$$libshutdown$$0000000F)
    .ARM.Collect$$rtentry$$00000000          0x10000158   Section        0  rtentry.o(.ARM.Collect$$rtentry$$00000000)
    .ARM.Collect$$rtentry$$00000002          0x10000158   Section        0  rtentry2.o(.ARM.Collect$$rtentry$$00000002)
    .ARM.Collect$$rtentry$$00000004          0x10000158   Section        6  rtentry4.o(.ARM.Collect$$rtentry$$00000004)
    .ARM.Collect$$rtentry$$00000009          0x1000015e   Section        0  rtentry2.o(.ARM.Collect$$rtentry$$00000009)
    .ARM.Collect$$rtentry$$0000000A          0x1000015e   Section        4  rtentry2.o(.ARM.Collect$$rtentry$$0000000A)
    .ARM.Collect$$rtentry$$0000000C          0x10000162   Section        0  rtentry2.o(.ARM.Collect$$rtentry$$0000000C)
    .ARM.Collect$$rtentry$$0000000D          0x10000162   Section        8  rtentry2.o(.ARM.Collect$$rtentry$$0000000D)
    .ARM.Collect$$rtexit$$00000000           0x1000016a   Section        2  rtexit.o(.ARM.Collect$$rtexit$$00000000)
    .ARM.Collect$$rtexit$$00000002           0x1000016c   Section        0  rtexit2.o(.ARM.Collect$$rtexit$$00000002)
    .ARM.Collect$$rtexit$$00000003           0x1000016c   Section        4  rtexit2.o(.ARM.Collect$$rtexit$$00000003)
    .ARM.Collect$$rtexit$$00000004           0x10000170   Section        6  rtexit2.o(.ARM.Collect$$rtexit$$00000004)
    .emb_text                                0x10000178   Section      340  hal_cm3.o(.emb_text)
    .text                                    0x100002cc   Section       52  startup_lpc17xx.o(.text)
    .text                                    0x10000300   Section        0  system_lpc17xx.o(.text)
    .text                                    0x1000051c   Section        0  uart_polling.o(.text)
    .text                                    0x100005f8   Section        0  rtx_conf_cm.o(.text)
    __tagsym$$used                           0x10000643   Number         0  rtx_conf_cm.o(.text)
    __tagsym$$used                           0x1000065d   Number         0  rtx_conf_cm.o(.text)
    .text                                    0x1000068c   Section        0  retarget.o(.text)
    .text                                    0x100006e4   Section        0  helloworld.o(.text)
    .text                                    0x10000dc4   Section        8  libspace.o(.text)
    .text                                    0x10000dcc   Section        2  use_no_semi.o(.text)
    .text                                    0x10000dd0   Section        0  noretval__2printf.o(.text)
    .text                                    0x10000de8   Section        0  __printf.o(.text)
    .text                                    0x10000e52   Section        0  _printf_str.o(.text)
    .text                                    0x10000ea4   Section        0  _printf_dec.o(.text)
    .text                                    0x10000f1c   Section        0  strcpy.o(.text)
    .text                                    0x10000f64   Section        0  heapauxi.o(.text)
    .text                                    0x10000f6a   Section        0  _printf_intcommon.o(.text)
    .text                                    0x10001022   Section        0  _printf_char.o(.text)
    .text                                    0x10001050   Section        0  _printf_char_file.o(.text)
    .text                                    0x10001074   Section        0  _printf_char_common.o(.text)
    _printf_input_char                       0x10001075   Thumb Code    10  _printf_char_common.o(.text)
    .text                                    0x100010a4   Section       74  sys_stackheap_outer.o(.text)
    .text                                    0x100010ee   Section        0  exit.o(.text)
    SVC_TABLE                                0x100010fc   Section        4  SVC_Table.o(SVC_TABLE)
    i._init_box                              0x10001100   Section        0  rt_membox.o(i._init_box)
    i.dbg_init                               0x10001148   Section        0  hal_cm3.o(i.dbg_init)
    i.dbg_task_notify                        0x10001178   Section        0  hal_cm3.o(i.dbg_task_notify)
    i.dbg_task_switch                        0x10001198   Section        0  hal_cm3.o(i.dbg_task_switch)
    i.os_tick_init                           0x100011a8   Section        0  rt_system.o(i.os_tick_init)
    i.os_tick_irqack                         0x100011d0   Section        0  rt_system.o(i.os_tick_irqack)
    i.rt_alloc_box                           0x100011d2   Section        0  rt_membox.o(i.rt_alloc_box)
    i.rt_block                               0x100011ec   Section        0  rt_task.o(i.rt_block)
    i.rt_chk_robin                           0x10001224   Section        0  rt_robin.o(i.rt_chk_robin)
    i.rt_dec_dly                             0x1000126c   Section        0  rt_list.o(i.rt_dec_dly)
    i.rt_dispatch                            0x100012e0   Section        0  rt_task.o(i.rt_dispatch)
    i.rt_dly_wait                            0x10001324   Section        0  rt_time.o(i.rt_dly_wait)
    i.rt_evt_psh                             0x1000132c   Section        0  rt_event.o(i.rt_evt_psh)
    i.rt_free_box                            0x10001378   Section        0  rt_membox.o(i.rt_free_box)
    i.rt_get_first                           0x10001398   Section        0  rt_list.o(i.rt_get_first)
    i.rt_init_context                        0x100013c0   Section        0  rt_task.o(i.rt_init_context)
    rt_init_context                          0x100013c1   Thumb Code    64  rt_task.o(i.rt_init_context)
    i.rt_init_robin                          0x10001404   Section        0  rt_robin.o(i.rt_init_robin)
    i.rt_init_stack                          0x1000141c   Section        0  hal_cm3.o(i.rt_init_stack)
    i.rt_mbx_psh                             0x1000146c   Section        0  rt_mailbox.o(i.rt_mbx_psh)
    i.rt_mem_alloc                           0x1000152c   Section        0  rt_user.o(i.rt_mem_alloc)
    i.rt_mem_free                            0x10001558   Section        0  rt_user.o(i.rt_mem_free)
    i.rt_mut_init                            0x10001588   Section        0  rt_mutex.o(i.rt_mut_init)
    i.rt_mut_release                         0x10001598   Section        0  rt_mutex.o(i.rt_mut_release)
    i.rt_mut_wait                            0x10001644   Section        0  rt_mutex.o(i.rt_mut_wait)
    i.rt_pop_req                             0x100016a8   Section        0  rt_system.o(i.rt_pop_req)
    i.rt_put_dly                             0x10001720   Section        0  rt_list.o(i.rt_put_dly)
    i.rt_put_prio                            0x10001768   Section        0  rt_list.o(i.rt_put_prio)
    i.rt_put_rdy_first                       0x100017a0   Section        0  rt_list.o(i.rt_put_rdy_first)
    i.rt_resort_prio                         0x100017b4   Section        0  rt_list.o(i.rt_resort_prio)
    i.rt_rmv_dly                             0x100017e8   Section        0  rt_list.o(i.rt_rmv_dly)
    i.rt_rmv_list                            0x10001810   Section        0  rt_list.o(i.rt_rmv_list)
    i.rt_sem_psh                             0x10001840   Section        0  rt_semaphore.o(i.rt_sem_psh)
    i.rt_stk_check                           0x10001874   Section        0  rt_system.o(i.rt_stk_check)
    i.rt_switch_req                          0x10001898   Section        0  rt_task.o(i.rt_switch_req)
    i.rt_sys_init                            0x100018c0   Section        0  rt_task.o(i.rt_sys_init)
    i.rt_systick                             0x10001a18   Section        0  rt_system.o(i.rt_systick)
    i.rt_tmr_tick                            0x10001a54   Section        0  rt_timer.o(i.rt_tmr_tick)
    i.rt_tsk_create                          0x10001a94   Section        0  rt_task.o(i.rt_tsk_create)
    i.rt_tsk_delete                          0x10001b28   Section        0  rt_task.o(i.rt_tsk_delete)
    i.rt_tsk_get                             0x10001be4   Section        0  rt_user.o(i.rt_tsk_get)
    i.rt_tsk_self                            0x10001c48   Section        0  rt_task.o(i.rt_tsk_self)
    .constdata                               0x10001c58   Section       40  rtx_conf_cm.o(.constdata)
    __tagsym$$used                           0x10001c6c   Number         0  rtx_conf_cm.o(.constdata)
    __tagsym$$used                           0x10001c70   Number         0  rtx_conf_cm.o(.constdata)
    .data                                    0x10004000   Section        4  system_lpc17xx.o(.data)
    .data                                    0x10004004   Section        8  rtx_conf_cm.o(.data)
    nr_mutex                                 0x10004008   Data           4  rtx_conf_cm.o(.data)
    .data                                    0x1000400c   Section        8  retarget.o(.data)
    .data                                    0x10004014   Section      152  helloworld.o(.data)
    .data                                    0x100040ac   Section        8  rt_task.o(.data)
    .data                                    0x100040b4   Section        4  rt_time.o(.data)
    .data                                    0x100040b8   Section       28  rt_user.o(.data)
    .data                                    0x100040d4   Section        1  hal_cm3.o(.data)
    .data                                    0x100040d8   Section        8  rt_system.o(.data)
    os_lock                                  0x100040d8   Data           1  rt_system.o(.data)
    os_psh_flag                              0x100040d9   Data           1  rt_system.o(.data)
    pend_flags                               0x100040da   Data           1  rt_system.o(.data)
    .data                                    0x100040e0   Section        8  rt_robin.o(.data)
    .data                                    0x100040e8   Section        8  rt_timer.o(.data)
    .bss                                     0x100040f0   Section     7372  rtx_conf_cm.o(.bss)
    std_libspace                             0x1000599c   Data         960  rtx_conf_cm.o(.bss)
    std_libmutex                             0x10005d5c   Data          96  rtx_conf_cm.o(.bss)
    .bss                                     0x10005dbc   Section      184  helloworld.o(.bss)
    .bss                                     0x10005e74   Section       48  rt_task.o(.bss)
    .bss                                     0x10005ea4   Section       48  rt_list.o(.bss)
    .bss                                     0x10005ed4   Section       96  libspace.o(.bss)
    HEAP                                     0x10005f38   Section        0  startup_lpc17xx.o(HEAP)
    STACK                                    0x10005f38   Section      512  startup_lpc17xx.o(STACK)
    Heap_Mem                                 0x10005f38   Data           0  startup_lpc17xx.o(HEAP)
    Stack_Mem                                0x10005f38   Data         512  startup_lpc17xx.o(STACK)
    __initial_sp                             0x10006138   Data           0  startup_lpc17xx.o(STACK)

    Global Symbols

    Symbol Name                              Value     Ov Type        Size  Object(Section)

    BuildAttributes$$THM_ISAv4$P$D$K$B$S$PE$A:L22UL41UL21$X:L11$S22US41US21$IEEE1$IW$USESV6$~STKCKD$USESV7$~SHL$OSPACE$ROPI$EBA8$UX$STANDARDLIB$REQ8$PRES8$EABIv2 0x00000000   Number         0  anon$$obj.o ABSOLUTE
    __ARM_use_no_argv                        0x00000000   Number         0  helloworld.o ABSOLUTE
    __ARM_exceptions_init                     - Undefined Weak Reference
    __alloca_initialize                       - Undefined Weak Reference
    __cpp_initialize__aeabi_                  - Undefined Weak Reference
    __cxa_finalize                            - Undefined Weak Reference
    __rt_locale                               - Undefined Weak Reference
    __sigvec_lookup                           - Undefined Weak Reference
    _atexit_init                              - Undefined Weak Reference
    _call_atexit_fns                          - Undefined Weak Reference
    _clock_init                               - Undefined Weak Reference
    _fp_trap_init                             - Undefined Weak Reference
    _fp_trap_shutdown                         - Undefined Weak Reference
    _get_lc_collate                           - Undefined Weak Reference
    _get_lc_ctype                             - Undefined Weak Reference
    _get_lc_monetary                          - Undefined Weak Reference
    _get_lc_numeric                           - Undefined Weak Reference
    _get_lc_time                              - Undefined Weak Reference
    _getenv_init                              - Undefined Weak Reference
    _handle_redirection                       - Undefined Weak Reference
    _init_alloc                               - Undefined Weak Reference
    _init_user_alloc                          - Undefined Weak Reference
    _initio                                   - Undefined Weak Reference
    _printf_mbtowc                            - Undefined Weak Reference
    _printf_post_padding                      - Undefined Weak Reference
    _printf_pre_padding                       - Undefined Weak Reference
    _printf_truncate_signed                   - Undefined Weak Reference
    _printf_truncate_unsigned                 - Undefined Weak Reference
    _rand_init                                - Undefined Weak Reference
    _signal_finish                            - Undefined Weak Reference
    _signal_init                              - Undefined Weak Reference
    _terminate_alloc                          - Undefined Weak Reference
    _terminate_user_alloc                     - Undefined Weak Reference
    _terminateio                              - Undefined Weak Reference
    __RL_RTX_VER                             0x00000460   Number         0  rt_system.o ABSOLUTE
    __Vectors                                0x10000000   Data           4  startup_lpc17xx.o(RESET)
    __main                                   0x100000cd   Thumb Code     8  __main.o(!!!main)
    __scatterload                            0x100000d5   Thumb Code     0  __scatter.o(!!!scatter)
    __scatterload_rt2                        0x100000d5   Thumb Code    44  __scatter.o(!!!scatter)
    __scatterload_rt2_thumb_only             0x100000d5   Thumb Code     0  __scatter.o(!!!scatter)
    __scatterload_null                       0x100000e3   Thumb Code     0  __scatter.o(!!!scatter)
    __scatterload_copy                       0x10000109   Thumb Code    26  __scatter_copy.o(!!handler_copy)
    __scatterload_zeroinit                   0x10000125   Thumb Code    28  __scatter_zi.o(!!handler_zi)
    _printf_d                                0x10000141   Thumb Code     0  _printf_d.o(.ARM.Collect$$_printf_percent$$00000009)
    _printf_percent                          0x10000141   Thumb Code     0  _printf_percent.o(.ARM.Collect$$_printf_percent$$00000000)
    _printf_s                                0x10000147   Thumb Code     0  _printf_s.o(.ARM.Collect$$_printf_percent$$00000014)
    _printf_percent_end                      0x1000014d   Thumb Code     0  _printf_percent_end.o(.ARM.Collect$$_printf_percent$$00000017)
    __rt_lib_init                            0x10000151   Thumb Code     0  libinit.o(.ARM.Collect$$libinit$$00000000)
    __rt_lib_init_alloca_1                   0x10000153   Thumb Code     0  libinit2.o(.ARM.Collect$$libinit$$0000002C)
    __rt_lib_init_argv_1                     0x10000153   Thumb Code     0  libinit2.o(.ARM.Collect$$libinit$$0000002A)
    __rt_lib_init_atexit_1                   0x10000153   Thumb Code     0  libinit2.o(.ARM.Collect$$libinit$$00000019)
    __rt_lib_init_clock_1                    0x10000153   Thumb Code     0  libinit2.o(.ARM.Collect$$libinit$$0000001F)
    __rt_lib_init_cpp_1                      0x10000153   Thumb Code     0  libinit2.o(.ARM.Collect$$libinit$$00000030)
    __rt_lib_init_exceptions_1               0x10000153   Thumb Code     0  libinit2.o(.ARM.Collect$$libinit$$0000002E)
    __rt_lib_init_fp_1                       0x10000153   Thumb Code     0  libinit2.o(.ARM.Collect$$libinit$$00000002)
    __rt_lib_init_fp_trap_1                  0x10000153   Thumb Code     0  libinit2.o(.ARM.Collect$$libinit$$0000001D)
    __rt_lib_init_getenv_1                   0x10000153   Thumb Code     0  libinit2.o(.ARM.Collect$$libinit$$00000021)
    __rt_lib_init_heap_1                     0x10000153   Thumb Code     0  libinit2.o(.ARM.Collect$$libinit$$00000008)
    __rt_lib_init_lc_collate_1               0x10000153   Thumb Code     0  libinit2.o(.ARM.Collect$$libinit$$0000000F)
    __rt_lib_init_lc_ctype_1                 0x10000153   Thumb Code     0  libinit2.o(.ARM.Collect$$libinit$$00000011)
    __rt_lib_init_lc_monetary_1              0x10000153   Thumb Code     0  libinit2.o(.ARM.Collect$$libinit$$00000013)
    __rt_lib_init_lc_numeric_1               0x10000153   Thumb Code     0  libinit2.o(.ARM.Collect$$libinit$$00000015)
    __rt_lib_init_lc_time_1                  0x10000153   Thumb Code     0  libinit2.o(.ARM.Collect$$libinit$$00000017)
    __rt_lib_init_rand_1                     0x10000153   Thumb Code     0  libinit2.o(.ARM.Collect$$libinit$$0000000C)
    __rt_lib_init_return                     0x10000153   Thumb Code     0  libinit2.o(.ARM.Collect$$libinit$$00000031)
    __rt_lib_init_signal_1                   0x10000153   Thumb Code     0  libinit2.o(.ARM.Collect$$libinit$$0000001B)
    __rt_lib_init_stdio_1                    0x10000153   Thumb Code     0  libinit2.o(.ARM.Collect$$libinit$$00000023)
    __rt_lib_init_user_alloc_1               0x10000153   Thumb Code     0  libinit2.o(.ARM.Collect$$libinit$$0000000A)
    __rt_lib_shutdown                        0x10000155   Thumb Code     0  libshutdown.o(.ARM.Collect$$libshutdown$$00000000)
    __rt_lib_shutdown_fp_trap_1              0x10000157   Thumb Code     0  libshutdown2.o(.ARM.Collect$$libshutdown$$00000006)
    __rt_lib_shutdown_heap_1                 0x10000157   Thumb Code     0  libshutdown2.o(.ARM.Collect$$libshutdown$$0000000E)
    __rt_lib_shutdown_return                 0x10000157   Thumb Code     0  libshutdown2.o(.ARM.Collect$$libshutdown$$0000000F)
    __rt_lib_shutdown_signal_1               0x10000157   Thumb Code     0  libshutdown2.o(.ARM.Collect$$libshutdown$$00000009)
    __rt_lib_shutdown_stdio_1                0x10000157   Thumb Code     0  libshutdown2.o(.ARM.Collect$$libshutdown$$00000003)
    __rt_lib_shutdown_user_alloc_1           0x10000157   Thumb Code     0  libshutdown2.o(.ARM.Collect$$libshutdown$$0000000B)
    __rt_entry                               0x10000159   Thumb Code     0  rtentry.o(.ARM.Collect$$rtentry$$00000000)
    __rt_entry_presh_1                       0x10000159   Thumb Code     0  rtentry2.o(.ARM.Collect$$rtentry$$00000002)
    __rt_entry_sh                            0x10000159   Thumb Code     0  rtentry4.o(.ARM.Collect$$rtentry$$00000004)
    __rt_entry_li                            0x1000015f   Thumb Code     0  rtentry2.o(.ARM.Collect$$rtentry$$0000000A)
    __rt_entry_postsh_1                      0x1000015f   Thumb Code     0  rtentry2.o(.ARM.Collect$$rtentry$$00000009)
    __rt_entry_main                          0x10000163   Thumb Code     0  rtentry2.o(.ARM.Collect$$rtentry$$0000000D)
    __rt_entry_postli_1                      0x10000163   Thumb Code     0  rtentry2.o(.ARM.Collect$$rtentry$$0000000C)
    __rt_exit                                0x1000016b   Thumb Code     0  rtexit.o(.ARM.Collect$$rtexit$$00000000)
    __rt_exit_ls                             0x1000016d   Thumb Code     0  rtexit2.o(.ARM.Collect$$rtexit$$00000003)
    __rt_exit_prels_1                        0x1000016d   Thumb Code     0  rtexit2.o(.ARM.Collect$$rtexit$$00000002)
    __rt_exit_exit                           0x10000171   Thumb Code     0  rtexit2.o(.ARM.Collect$$rtexit$$00000004)
    rt_set_PSP                               0x10000179   Thumb Code     6  hal_cm3.o(.emb_text)
    rt_get_PSP                               0x1000017f   Thumb Code     6  hal_cm3.o(.emb_text)
    os_set_env                               0x10000185   Thumb Code    24  hal_cm3.o(.emb_text)
    _alloc_box                               0x100001a1   Thumb Code    28  hal_cm3.o(.emb_text)
    _free_box                                0x100001c1   Thumb Code    28  hal_cm3.o(.emb_text)
    SVC_Handler                              0x100001e1   Thumb Code   124  hal_cm3.o(.emb_text)
    PendSV_Handler                           0x10000269   Thumb Code    76  hal_cm3.o(.emb_text)
    SysTick_Handler                          0x100002b9   Thumb Code     8  hal_cm3.o(.emb_text)
    OS_Tick_Handler                          0x100002c1   Thumb Code    12  hal_cm3.o(.emb_text)
    Reset_Handler                            0x100002cd   Thumb Code     4  startup_lpc17xx.o(.text)
    NMI_Handler                              0x100002d1   Thumb Code     2  startup_lpc17xx.o(.text)
    HardFault_Handler                        0x100002d3   Thumb Code     2  startup_lpc17xx.o(.text)
    MemManage_Handler                        0x100002d5   Thumb Code     2  startup_lpc17xx.o(.text)
    BusFault_Handler                         0x100002d7   Thumb Code     2  startup_lpc17xx.o(.text)
    UsageFault_Handler                       0x100002d9   Thumb Code     2  startup_lpc17xx.o(.text)
    DebugMon_Handler                         0x100002dd   Thumb Code     2  startup_lpc17xx.o(.text)
    ADC_IRQHandler                           0x100002e3   Thumb Code     0  startup_lpc17xx.o(.text)
    BOD_IRQHandler                           0x100002e3   Thumb Code     0  startup_lpc17xx.o(.text)
    CANActivity_IRQHandler                   0x100002e3   Thumb Code     0  startup_lpc17xx.o(.text)
    CAN_IRQHandler                           0x100002e3   Thumb Code     0  startup_lpc17xx.o(.text)
    DMA_IRQHandler                           0x100002e3   Thumb Code     0  startup_lpc17xx.o(.text)
    EINT0_IRQHandler                         0x100002e3   Thumb Code     0  startup_lpc17xx.o(.text)
    EINT1_IRQHandler                         0x100002e3   Thumb Code     0  startup_lpc17xx.o(.text)
    EINT2_IRQHandler                         0x100002e3   Thumb Code     0  startup_lpc17xx.o(.text)
    EINT3_IRQHandler                         0x100002e3   Thumb Code     0  startup_lpc17xx.o(.text)
    ENET_IRQHandler                          0x100002e3   Thumb Code     0  startup_lpc17xx.o(.text)
    I2C0_IRQHandler                          0x100002e3   Thumb Code     0  startup_lpc17xx.o(.text)
    I2C1_IRQHandler                          0x100002e3   Thumb Code     0  startup_lpc17xx.o(.text)
    I2C2_IRQHandler                          0x100002e3   Thumb Code     0  startup_lpc17xx.o(.text)
    I2S_IRQHandler                           0x100002e3   Thumb Code     0  startup_lpc17xx.o(.text)
    MCPWM_IRQHandler                         0x100002e3   Thumb Code     0  startup_lpc17xx.o(.text)
    PLL0_IRQHandler                          0x100002e3   Thumb Code     0  startup_lpc17xx.o(.text)
    PLL1_IRQHandler                          0x100002e3   Thumb Code     0  startup_lpc17xx.o(.text)
    PWM1_IRQHandler                          0x100002e3   Thumb Code     0  startup_lpc17xx.o(.text)
    QEI_IRQHandler                           0x100002e3   Thumb Code     0  startup_lpc17xx.o(.text)
    RIT_IRQHandler                           0x100002e3   Thumb Code     0  startup_lpc17xx.o(.text)
    RTC_IRQHandler                           0x100002e3   Thumb Code     0  startup_lpc17xx.o(.text)
    SPI_IRQHandler                           0x100002e3   Thumb Code     0  startup_lpc17xx.o(.text)
    SSP0_IRQHandler                          0x100002e3   Thumb Code     0  startup_lpc17xx.o(.text)
    SSP1_IRQHandler                          0x100002e3   Thumb Code     0  startup_lpc17xx.o(.text)
    TIMER0_IRQHandler                        0x100002e3   Thumb Code     0  startup_lpc17xx.o(.text)
    TIMER1_IRQHandler                        0x100002e3   Thumb Code     0  startup_lpc17xx.o(.text)
    TIMER2_IRQHandler                        0x100002e3   Thumb Code     0  startup_lpc17xx.o(.text)
    TIMER3_IRQHandler                        0x100002e3   Thumb Code     0  startup_lpc17xx.o(.text)
    UART0_IRQHandler                         0x100002e3   Thumb Code     0  startup_lpc17xx.o(.text)
    UART1_IRQHandler                         0x100002e3   Thumb Code     0  startup_lpc17xx.o(.text)
    UART2_IRQHandler                         0x100002e3   Thumb Code     0  startup_lpc17xx.o(.text)
    UART3_IRQHandler                         0x100002e3   Thumb Code     0  startup_lpc17xx.o(.text)
    USBActivity_IRQHandler                   0x100002e3   Thumb Code     0  startup_lpc17xx.o(.text)
    USB_IRQHandler                           0x100002e3   Thumb Code     0  startup_lpc17xx.o(.text)
    WDT_IRQHandler                           0x100002e3   Thumb Code     0  startup_lpc17xx.o(.text)
    __user_initial_stackheap                 0x100002e5   Thumb Code     0  startup_lpc17xx.o(.text)
    SystemInit                               0x10000301   Thumb Code   476  system_lpc17xx.o(.text)
    uart_init                                0x1000051d   Thumb Code    94  uart_polling.o(.text)
    uart_get_char                            0x1000057b   Thumb Code    36  uart_polling.o(.text)
    uart_put_char                            0x1000059f   Thumb Code    38  uart_polling.o(.text)
    uart_put_string                          0x100005c5   Thumb Code    38  uart_polling.o(.text)
    os_idle_demon                            0x100005f9   Thumb Code     4  rtx_conf_cm.o(.text)
    os_tmr_call                              0x100005fd   Thumb Code     2  rtx_conf_cm.o(.text)
    os_error                                 0x100005ff   Thumb Code     4  rtx_conf_cm.o(.text)
    __user_perthread_libspace                0x10000603   Thumb Code    26  rtx_conf_cm.o(.text)
    _mutex_initialize                        0x1000061d   Thumb Code    38  rtx_conf_cm.o(.text)
    _mutex_acquire                           0x10000643   Thumb Code    26  rtx_conf_cm.o(.text)
    _mutex_release                           0x1000065d   Thumb Code    22  rtx_conf_cm.o(.text)
    sendchar                                 0x1000068d   Thumb Code    28  retarget.o(.text)
    getkey                                   0x100006a9   Thumb Code    10  retarget.o(.text)
    fputc                                    0x100006b3   Thumb Code    14  retarget.o(.text)
    fgetc                                    0x100006c1   Thumb Code    10  retarget.o(.text)
    ferror                                   0x100006cb   Thumb Code     8  retarget.o(.text)
    _ttywrch                                 0x100006d3   Thumb Code    12  retarget.o(.text)
    _sys_exit                                0x100006df   Thumb Code     4  retarget.o(.text)
    task1                                    0x100006e5   Thumb Code    14  helloworld.o(.text)
    state2str                                0x100006f3   Thumb Code   152  helloworld.o(.text)
    fp2name                                  0x1000078b   Thumb Code    76  helloworld.o(.text)
    task2                                    0x100007d7   Thumb Code   214  helloworld.o(.text)
    task3                                    0x100008ad   Thumb Code    78  helloworld.o(.text)
    task4                                    0x100008fb   Thumb Code   210  helloworld.o(.text)
    task5                                    0x100009cd   Thumb Code    16  helloworld.o(.text)
    init                                     0x100009dd   Thumb Code   816  helloworld.o(.text)
    main                                     0x10000d0d   Thumb Code    46  helloworld.o(.text)
    __user_libspace                          0x10000dc5   Thumb Code     8  libspace.o(.text)
    __user_perproc_libspace                  0x10000dc5   Thumb Code     0  libspace.o(.text)
    __I$use$semihosting                      0x10000dcd   Thumb Code     0  use_no_semi.o(.text)
    __use_no_semihosting_swi                 0x10000dcd   Thumb Code     2  use_no_semi.o(.text)
    __2printf                                0x10000dd1   Thumb Code    20  noretval__2printf.o(.text)
    __printf                                 0x10000de9   Thumb Code   106  __printf.o(.text)
    _printf_str                              0x10000e53   Thumb Code    82  _printf_str.o(.text)
    _printf_int_dec                          0x10000ea5   Thumb Code   102  _printf_dec.o(.text)
    strcpy                                   0x10000f1d   Thumb Code    72  strcpy.o(.text)
    __use_two_region_memory                  0x10000f65   Thumb Code     2  heapauxi.o(.text)
    __rt_heap_escrow$2region                 0x10000f67   Thumb Code     2  heapauxi.o(.text)
    __rt_heap_expand$2region                 0x10000f69   Thumb Code     2  heapauxi.o(.text)
    _printf_int_common                       0x10000f6b   Thumb Code   184  _printf_intcommon.o(.text)
    _printf_cs_common                        0x10001023   Thumb Code    20  _printf_char.o(.text)
    _printf_char                             0x10001037   Thumb Code    16  _printf_char.o(.text)
    _printf_string                           0x10001047   Thumb Code     8  _printf_char.o(.text)
    _printf_char_file                        0x10001051   Thumb Code    32  _printf_char_file.o(.text)
    _printf_char_common                      0x1000107f   Thumb Code    32  _printf_char_common.o(.text)
    __user_setup_stackheap                   0x100010a5   Thumb Code    74  sys_stackheap_outer.o(.text)
    exit                                     0x100010ef   Thumb Code    12  exit.o(.text)
    SVC_Count                                0x100010fc   Data           4  SVC_Table.o(SVC_TABLE)
    SVC_Table                                0x10001100   Data           0  SVC_Table.o(SVC_TABLE)
    _init_box                                0x10001101   Thumb Code    70  rt_membox.o(i._init_box)
    dbg_init                                 0x10001149   Thumb Code    34  hal_cm3.o(i.dbg_init)
    dbg_task_notify                          0x10001179   Thumb Code    32  hal_cm3.o(i.dbg_task_notify)
    dbg_task_switch                          0x10001199   Thumb Code    16  hal_cm3.o(i.dbg_task_switch)
    os_tick_init                             0x100011a9   Thumb Code    32  rt_system.o(i.os_tick_init)
    os_tick_irqack                           0x100011d1   Thumb Code     2  rt_system.o(i.os_tick_irqack)
    rt_alloc_box                             0x100011d3   Thumb Code    26  rt_membox.o(i.rt_alloc_box)
    rt_block                                 0x100011ed   Thumb Code    48  rt_task.o(i.rt_block)
    rt_chk_robin                             0x10001225   Thumb Code    60  rt_robin.o(i.rt_chk_robin)
    rt_dec_dly                               0x1000126d   Thumb Code   106  rt_list.o(i.rt_dec_dly)
    rt_dispatch                              0x100012e1   Thumb Code    60  rt_task.o(i.rt_dispatch)
    rt_dly_wait                              0x10001325   Thumb Code     6  rt_time.o(i.rt_dly_wait)
    rt_evt_psh                               0x1000132d   Thumb Code    72  rt_event.o(i.rt_evt_psh)
    rt_free_box                              0x10001379   Thumb Code    32  rt_membox.o(i.rt_free_box)
    rt_get_first                             0x10001399   Thumb Code    40  rt_list.o(i.rt_get_first)
    rt_init_robin                            0x10001405   Thumb Code    14  rt_robin.o(i.rt_init_robin)
    rt_init_stack                            0x1000141d   Thumb Code    70  hal_cm3.o(i.rt_init_stack)
    rt_mbx_psh                               0x1000146d   Thumb Code   188  rt_mailbox.o(i.rt_mbx_psh)
    rt_mem_alloc                             0x1000152d   Thumb Code    36  rt_user.o(i.rt_mem_alloc)
    rt_mem_free                              0x10001559   Thumb Code    44  rt_user.o(i.rt_mem_free)
    rt_mut_init                              0x10001589   Thumb Code    16  rt_mutex.o(i.rt_mut_init)
    rt_mut_release                           0x10001599   Thumb Code   164  rt_mutex.o(i.rt_mut_release)
    rt_mut_wait                              0x10001645   Thumb Code    96  rt_mutex.o(i.rt_mut_wait)
    rt_pop_req                               0x100016a9   Thumb Code   106  rt_system.o(i.rt_pop_req)
    rt_put_dly                               0x10001721   Thumb Code    68  rt_list.o(i.rt_put_dly)
    rt_put_prio                              0x10001769   Thumb Code    54  rt_list.o(i.rt_put_prio)
    rt_put_rdy_first                         0x100017a1   Thumb Code    14  rt_list.o(i.rt_put_rdy_first)
    rt_resort_prio                           0x100017b5   Thumb Code    46  rt_list.o(i.rt_resort_prio)
    rt_rmv_dly                               0x100017e9   Thumb Code    40  rt_list.o(i.rt_rmv_dly)
    rt_rmv_list                              0x10001811   Thumb Code    44  rt_list.o(i.rt_rmv_list)
    rt_sem_psh                               0x10001841   Thumb Code    46  rt_semaphore.o(i.rt_sem_psh)
    rt_stk_check                             0x10001875   Thumb Code    28  rt_system.o(i.rt_stk_check)
    rt_switch_req                            0x10001899   Thumb Code    30  rt_task.o(i.rt_switch_req)
    rt_sys_init                              0x100018c1   Thumb Code   266  rt_task.o(i.rt_sys_init)
    rt_systick                               0x10001a19   Thumb Code    48  rt_system.o(i.rt_systick)
    rt_tmr_tick                              0x10001a55   Thumb Code    56  rt_timer.o(i.rt_tmr_tick)
    rt_tsk_create                            0x10001a95   Thumb Code   126  rt_task.o(i.rt_tsk_create)
    rt_tsk_delete                            0x10001b29   Thumb Code   162  rt_task.o(i.rt_tsk_delete)
    rt_tsk_get                               0x10001be5   Thumb Code    92  rt_user.o(i.rt_tsk_get)
    rt_tsk_self                              0x10001c49   Thumb Code    12  rt_task.o(i.rt_tsk_self)
    os_maxtaskrun                            0x10001c58   Data           2  rtx_conf_cm.o(.constdata)
    os_stackinfo                             0x10001c5c   Data           4  rtx_conf_cm.o(.constdata)
    os_rrobin                                0x10001c60   Data           4  rtx_conf_cm.o(.constdata)
    os_trv                                   0x10001c64   Data           4  rtx_conf_cm.o(.constdata)
    os_flags                                 0x10001c68   Data           1  rtx_conf_cm.o(.constdata)
    os_clockrate                             0x10001c6c   Data           4  rtx_conf_cm.o(.constdata)
    os_timernum                              0x10001c70   Data           4  rtx_conf_cm.o(.constdata)
    mp_tcb_size                              0x10001c74   Data           2  rtx_conf_cm.o(.constdata)
    mp_stk_size                              0x10001c78   Data           4  rtx_conf_cm.o(.constdata)
    os_fifo_size                             0x10001c7c   Data           1  rtx_conf_cm.o(.constdata)
    mp_tmr_size                              0x10001c7e   Data           2  rtx_conf_cm.o(.constdata)
    Region$$Table$$Base                      0x10001c80   Number         0  anon$$obj.o(Region$$Table)
    Region$$Table$$Limit                     0x10001ca0   Number         0  anon$$obj.o(Region$$Table)
    SystemFrequency                          0x10004000   Data           4  system_lpc17xx.o(.data)
    m_tmr                                    0x10004004   Data           4  rtx_conf_cm.o(.data)
    __stdout                                 0x1000400c   Data           4  retarget.o(.data)
    __stdin                                  0x10004010   Data           4  retarget.o(.data)
    g_tid                                    0x10004014   Data           4  helloworld.o(.data)
    g_counter                                0x10004018   Data           4  helloworld.o(.data)
    g_task_map                               0x1000401c   Data         140  helloworld.o(.data)
    first_wl_mem_ptr                         0x100040a8   Data           4  helloworld.o(.data)
    os_tsk                                   0x100040ac   Data           8  rt_task.o(.data)
    os_time                                  0x100040b4   Data           4  rt_time.o(.data)
    first                                    0x100040b8   Data           4  rt_user.o(.data)
    wait_list                                0x100040bc   Data          24  rt_user.o(.data)
    dbg_msg                                  0x100040d4   Data           1  hal_cm3.o(.data)
    os_tick_irqn                             0x100040dc   Data           4  rt_system.o(.data)
    os_robin                                 0x100040e0   Data           8  rt_robin.o(.data)
    os_tmr                                   0x100040e8   Data           8  rt_timer.o(.data)
    mp_tcb                                   0x100040f0   Data         492  rtx_conf_cm.o(.bss)
    mp_stk                                   0x100042e0   Data        5648  rtx_conf_cm.o(.bss)
    os_fifo                                  0x100058f0   Data         132  rtx_conf_cm.o(.bss)
    os_active_TCB                            0x10005974   Data          40  rtx_conf_cm.o(.bss)
    box_mem                                  0x10005dbc   Data         140  helloworld.o(.bss)
    g_mut_uart                               0x10005e48   Data          12  helloworld.o(.bss)
    g_str                                    0x10005e54   Data          16  helloworld.o(.bss)
    g_tsk_name                               0x10005e64   Data          16  helloworld.o(.bss)
    os_idle_TCB                              0x10005e74   Data          48  rt_task.o(.bss)
    os_rdy                                   0x10005ea4   Data          24  rt_list.o(.bss)
    os_dly                                   0x10005ebc   Data          24  rt_list.o(.bss)
    __libspace_start                         0x10005ed4   Data          96  libspace.o(.bss)
    __temporary_stack_top$libspace           0x10005f34   Data           0  libspace.o(.bss)



==============================================================================

Memory Map of the image

  Image Entry point : 0x100000cd

  Load Region LR_IROM1 (Base: 0x10000000, Size: 0x00001d90, Max: 0x00004000, ABSOLUTE)

    Execution Region ER_IROM1 (Base: 0x10000000, Size: 0x00001ca0, Max: 0x00004000, ABSOLUTE)

    Base Addr    Size         Type   Attr      Idx    E Section Name        Object

    0x10000000   0x000000cc   Data   RO            3    RESET               startup_lpc17xx.o
    0x100000cc   0x00000008   Code   RO          824  * !!!main             c_w.l(__main.o)
    0x100000d4   0x00000034   Code   RO          980    !!!scatter          c_w.l(__scatter.o)
    0x10000108   0x0000001a   Code   RO          982    !!handler_copy      c_w.l(__scatter_copy.o)
    0x10000122   0x00000002   PAD
    0x10000124   0x0000001c   Code   RO          984    !!handler_zi        c_w.l(__scatter_zi.o)
    0x10000140   0x00000000   Code   RO          819    .ARM.Collect$$_printf_percent$$00000000  c_w.l(_printf_percent.o)
    0x10000140   0x00000006   Code   RO          818    .ARM.Collect$$_printf_percent$$00000009  c_w.l(_printf_d.o)
    0x10000146   0x00000006   Code   RO          817    .ARM.Collect$$_printf_percent$$00000014  c_w.l(_printf_s.o)
    0x1000014c   0x00000004   Code   RO          833    .ARM.Collect$$_printf_percent$$00000017  c_w.l(_printf_percent_end.o)
    0x10000150   0x00000002   Code   RO          862    .ARM.Collect$$libinit$$00000000  c_w.l(libinit.o)
    0x10000152   0x00000000   Code   RO          866    .ARM.Collect$$libinit$$00000002  c_w.l(libinit2.o)
    0x10000152   0x00000000   Code   RO          869    .ARM.Collect$$libinit$$00000008  c_w.l(libinit2.o)
    0x10000152   0x00000000   Code   RO          871    .ARM.Collect$$libinit$$0000000A  c_w.l(libinit2.o)
    0x10000152   0x00000000   Code   RO          873    .ARM.Collect$$libinit$$0000000C  c_w.l(libinit2.o)
    0x10000152   0x00000000   Code   RO          876    .ARM.Collect$$libinit$$0000000F  c_w.l(libinit2.o)
    0x10000152   0x00000000   Code   RO          878    .ARM.Collect$$libinit$$00000011  c_w.l(libinit2.o)
    0x10000152   0x00000000   Code   RO          880    .ARM.Collect$$libinit$$00000013  c_w.l(libinit2.o)
    0x10000152   0x00000000   Code   RO          882    .ARM.Collect$$libinit$$00000015  c_w.l(libinit2.o)
    0x10000152   0x00000000   Code   RO          884    .ARM.Collect$$libinit$$00000017  c_w.l(libinit2.o)
    0x10000152   0x00000000   Code   RO          886    .ARM.Collect$$libinit$$00000019  c_w.l(libinit2.o)
    0x10000152   0x00000000   Code   RO          888    .ARM.Collect$$libinit$$0000001B  c_w.l(libinit2.o)
    0x10000152   0x00000000   Code   RO          890    .ARM.Collect$$libinit$$0000001D  c_w.l(libinit2.o)
    0x10000152   0x00000000   Code   RO          892    .ARM.Collect$$libinit$$0000001F  c_w.l(libinit2.o)
    0x10000152   0x00000000   Code   RO          894    .ARM.Collect$$libinit$$00000021  c_w.l(libinit2.o)
    0x10000152   0x00000000   Code   RO          896    .ARM.Collect$$libinit$$00000023  c_w.l(libinit2.o)
    0x10000152   0x00000000   Code   RO          900    .ARM.Collect$$libinit$$0000002A  c_w.l(libinit2.o)
    0x10000152   0x00000000   Code   RO          902    .ARM.Collect$$libinit$$0000002C  c_w.l(libinit2.o)
    0x10000152   0x00000000   Code   RO          904    .ARM.Collect$$libinit$$0000002E  c_w.l(libinit2.o)
    0x10000152   0x00000000   Code   RO          906    .ARM.Collect$$libinit$$00000030  c_w.l(libinit2.o)
    0x10000152   0x00000002   Code   RO          907    .ARM.Collect$$libinit$$00000031  c_w.l(libinit2.o)
    0x10000154   0x00000002   Code   RO          925    .ARM.Collect$$libshutdown$$00000000  c_w.l(libshutdown.o)
    0x10000156   0x00000000   Code   RO          936    .ARM.Collect$$libshutdown$$00000003  c_w.l(libshutdown2.o)
    0x10000156   0x00000000   Code   RO          939    .ARM.Collect$$libshutdown$$00000006  c_w.l(libshutdown2.o)
    0x10000156   0x00000000   Code   RO          942    .ARM.Collect$$libshutdown$$00000009  c_w.l(libshutdown2.o)
    0x10000156   0x00000000   Code   RO          944    .ARM.Collect$$libshutdown$$0000000B  c_w.l(libshutdown2.o)
    0x10000156   0x00000000   Code   RO          947    .ARM.Collect$$libshutdown$$0000000E  c_w.l(libshutdown2.o)
    0x10000156   0x00000002   Code   RO          948    .ARM.Collect$$libshutdown$$0000000F  c_w.l(libshutdown2.o)
    0x10000158   0x00000000   Code   RO          826    .ARM.Collect$$rtentry$$00000000  c_w.l(rtentry.o)
    0x10000158   0x00000000   Code   RO          835    .ARM.Collect$$rtentry$$00000002  c_w.l(rtentry2.o)
    0x10000158   0x00000006   Code   RO          847    .ARM.Collect$$rtentry$$00000004  c_w.l(rtentry4.o)
    0x1000015e   0x00000000   Code   RO          837    .ARM.Collect$$rtentry$$00000009  c_w.l(rtentry2.o)
    0x1000015e   0x00000004   Code   RO          838    .ARM.Collect$$rtentry$$0000000A  c_w.l(rtentry2.o)
    0x10000162   0x00000000   Code   RO          840    .ARM.Collect$$rtentry$$0000000C  c_w.l(rtentry2.o)
    0x10000162   0x00000008   Code   RO          841    .ARM.Collect$$rtentry$$0000000D  c_w.l(rtentry2.o)
    0x1000016a   0x00000002   Code   RO          863    .ARM.Collect$$rtexit$$00000000  c_w.l(rtexit.o)
    0x1000016c   0x00000000   Code   RO          909    .ARM.Collect$$rtexit$$00000002  c_w.l(rtexit2.o)
    0x1000016c   0x00000004   Code   RO          910    .ARM.Collect$$rtexit$$00000003  c_w.l(rtexit2.o)
    0x10000170   0x00000006   Code   RO          911    .ARM.Collect$$rtexit$$00000004  c_w.l(rtexit2.o)
    0x10000176   0x00000002   PAD
    0x10000178   0x00000154   Code   RO          399    .emb_text           RTX_CM3.lib(hal_cm3.o)
    0x100002cc   0x00000034   Code   RO            5    .text               startup_lpc17xx.o
    0x10000300   0x0000021c   Code   RO           15    .text               system_lpc17xx.o
    0x1000051c   0x000000dc   Code   RO           59    .text               uart_polling.o
    0x100005f8   0x00000094   Code   RO           80    .text               rtx_conf_cm.o
    0x1000068c   0x00000056   Code   RO          104    .text               retarget.o
    0x100006e2   0x00000002   PAD
    0x100006e4   0x000006e0   Code   RO          131    .text               helloworld.o
    0x10000dc4   0x00000008   Code   RO          782    .text               c_w.l(libspace.o)
    0x10000dcc   0x00000002   Code   RO          785    .text               c_w.l(use_no_semi.o)
    0x10000dce   0x00000002   PAD
    0x10000dd0   0x00000018   Code   RO          789    .text               c_w.l(noretval__2printf.o)
    0x10000de8   0x0000006a   Code   RO          791    .text               c_w.l(__printf.o)
    0x10000e52   0x00000052   Code   RO          793    .text               c_w.l(_printf_str.o)
    0x10000ea4   0x00000078   Code   RO          795    .text               c_w.l(_printf_dec.o)
    0x10000f1c   0x00000048   Code   RO          820    .text               c_w.l(strcpy.o)
    0x10000f64   0x00000006   Code   RO          822    .text               c_w.l(heapauxi.o)
    0x10000f6a   0x000000b8   Code   RO          827    .text               c_w.l(_printf_intcommon.o)
    0x10001022   0x0000002c   Code   RO          829    .text               c_w.l(_printf_char.o)
    0x1000104e   0x00000002   PAD
    0x10001050   0x00000024   Code   RO          831    .text               c_w.l(_printf_char_file.o)
    0x10001074   0x00000030   Code   RO          849    .text               c_w.l(_printf_char_common.o)
    0x100010a4   0x0000004a   Code   RO          851    .text               c_w.l(sys_stackheap_outer.o)
    0x100010ee   0x0000000c   Code   RO          855    .text               c_w.l(exit.o)
    0x100010fa   0x00000002   PAD
    0x100010fc   0x00000004   Code   RO          624    SVC_TABLE           RTX_CM3.lib(SVC_Table.o)
    0x10001100   0x00000046   Code   RO          330    i._init_box         RTX_CM3.lib(rt_membox.o)
    0x10001146   0x00000002   PAD
    0x10001148   0x00000030   Code   RO          400    i.dbg_init          RTX_CM3.lib(hal_cm3.o)
    0x10001178   0x00000020   Code   RO          401    i.dbg_task_notify   RTX_CM3.lib(hal_cm3.o)
    0x10001198   0x00000010   Code   RO          402    i.dbg_task_switch   RTX_CM3.lib(hal_cm3.o)
    0x100011a8   0x00000028   Code   RO          441    i.os_tick_init      RTX_CM3.lib(rt_system.o)
    0x100011d0   0x00000002   Code   RO          442    i.os_tick_irqack    RTX_CM3.lib(rt_system.o)
    0x100011d2   0x0000001a   Code   RO          331    i.rt_alloc_box      RTX_CM3.lib(rt_membox.o)
    0x100011ec   0x00000038   Code   RO          166    i.rt_block          RTX_CM3.lib(rt_task.o)
    0x10001224   0x00000048   Code   RO          603    i.rt_chk_robin      RTX_CM3.lib(rt_robin.o)
    0x1000126c   0x00000074   Code   RO          524    i.rt_dec_dly        RTX_CM3.lib(rt_list.o)
    0x100012e0   0x00000044   Code   RO          167    i.rt_dispatch       RTX_CM3.lib(rt_task.o)
    0x10001324   0x00000006   Code   RO          268    i.rt_dly_wait       RTX_CM3.lib(rt_time.o)
    0x1000132a   0x00000002   PAD
    0x1000132c   0x0000004c   Code   RO          630    i.rt_evt_psh        RTX_CM3.lib(rt_event.o)
    0x10001378   0x00000020   Code   RO          332    i.rt_free_box       RTX_CM3.lib(rt_membox.o)
    0x10001398   0x00000028   Code   RO          525    i.rt_get_first      RTX_CM3.lib(rt_list.o)
    0x100013c0   0x00000044   Code   RO          168    i.rt_init_context   RTX_CM3.lib(rt_task.o)
    0x10001404   0x00000018   Code   RO          604    i.rt_init_robin     RTX_CM3.lib(rt_robin.o)
    0x1000141c   0x00000050   Code   RO          403    i.rt_init_stack     RTX_CM3.lib(hal_cm3.o)
    0x1000146c   0x000000c0   Code   RO          673    i.rt_mbx_psh        RTX_CM3.lib(rt_mailbox.o)
    0x1000152c   0x0000002c   Code   RO          363    i.rt_mem_alloc      RTX_CM3.lib(rt_user.o)
    0x10001558   0x00000030   Code   RO          364    i.rt_mem_free       RTX_CM3.lib(rt_user.o)
    0x10001588   0x00000010   Code   RO          305    i.rt_mut_init       RTX_CM3.lib(rt_mutex.o)
    0x10001598   0x000000ac   Code   RO          306    i.rt_mut_release    RTX_CM3.lib(rt_mutex.o)
    0x10001644   0x00000064   Code   RO          307    i.rt_mut_wait       RTX_CM3.lib(rt_mutex.o)
    0x100016a8   0x00000078   Code   RO          443    i.rt_pop_req        RTX_CM3.lib(rt_system.o)
    0x10001720   0x00000048   Code   RO          528    i.rt_put_dly        RTX_CM3.lib(rt_list.o)
    0x10001768   0x00000036   Code   RO          529    i.rt_put_prio       RTX_CM3.lib(rt_list.o)
    0x1000179e   0x00000002   PAD
    0x100017a0   0x00000014   Code   RO          530    i.rt_put_rdy_first  RTX_CM3.lib(rt_list.o)
    0x100017b4   0x00000034   Code   RO          531    i.rt_resort_prio    RTX_CM3.lib(rt_list.o)
    0x100017e8   0x00000028   Code   RO          532    i.rt_rmv_dly        RTX_CM3.lib(rt_list.o)
    0x10001810   0x00000030   Code   RO          533    i.rt_rmv_list       RTX_CM3.lib(rt_list.o)
    0x10001840   0x00000034   Code   RO          719    i.rt_sem_psh        RTX_CM3.lib(rt_semaphore.o)
    0x10001874   0x00000024   Code   RO          446    i.rt_stk_check      RTX_CM3.lib(rt_system.o)
    0x10001898   0x00000028   Code   RO          169    i.rt_switch_req     RTX_CM3.lib(rt_task.o)
    0x100018c0   0x00000158   Code   RO          170    i.rt_sys_init       RTX_CM3.lib(rt_task.o)
    0x10001a18   0x0000003c   Code   RO          448    i.rt_systick        RTX_CM3.lib(rt_system.o)
    0x10001a54   0x00000040   Code   RO          755    i.rt_tmr_tick       RTX_CM3.lib(rt_timer.o)
    0x10001a94   0x00000094   Code   RO          171    i.rt_tsk_create     RTX_CM3.lib(rt_task.o)
    0x10001b28   0x000000bc   Code   RO          172    i.rt_tsk_delete     RTX_CM3.lib(rt_task.o)
    0x10001be4   0x00000064   Code   RO          366    i.rt_tsk_get        RTX_CM3.lib(rt_user.o)
    0x10001c48   0x00000010   Code   RO          175    i.rt_tsk_self       RTX_CM3.lib(rt_task.o)
    0x10001c58   0x00000028   Data   RO           82    .constdata          rtx_conf_cm.o
    0x10001c80   0x00000020   Data   RO          978    Region$$Table       anon$$obj.o


    Execution Region RW_IRAM1 (Base: 0x10004000, Size: 0x00002138, Max: 0x00004000, ABSOLUTE)

    Base Addr    Size         Type   Attr      Idx    E Section Name        Object

    0x10004000   0x00000004   Data   RW           16    .data               system_lpc17xx.o
    0x10004004   0x00000008   Data   RW           83    .data               rtx_conf_cm.o
    0x1000400c   0x00000008   Data   RW          105    .data               retarget.o
    0x10004014   0x00000098   Data   RW          133    .data               helloworld.o
    0x100040ac   0x00000008   Data   RW          177    .data               RTX_CM3.lib(rt_task.o)
    0x100040b4   0x00000004   Data   RW          272    .data               RTX_CM3.lib(rt_time.o)
    0x100040b8   0x0000001c   Data   RW          367    .data               RTX_CM3.lib(rt_user.o)
    0x100040d4   0x00000001   Data   RW          404    .data               RTX_CM3.lib(hal_cm3.o)
    0x100040d5   0x00000003   PAD
    0x100040d8   0x00000008   Data   RW          451    .data               RTX_CM3.lib(rt_system.o)
    0x100040e0   0x00000008   Data   RW          605    .data               RTX_CM3.lib(rt_robin.o)
    0x100040e8   0x00000008   Data   RW          756    .data               RTX_CM3.lib(rt_timer.o)
    0x100040f0   0x00001ccc   Zero   RW           81    .bss                rtx_conf_cm.o
    0x10005dbc   0x000000b8   Zero   RW          132    .bss                helloworld.o
    0x10005e74   0x00000030   Zero   RW          176    .bss                RTX_CM3.lib(rt_task.o)
    0x10005ea4   0x00000030   Zero   RW          534    .bss                RTX_CM3.lib(rt_list.o)
    0x10005ed4   0x00000060   Zero   RW          783    .bss                c_w.l(libspace.o)
    0x10005f34   0x00000004   PAD
    0x10005f38   0x00000000   Zero   RW            2    HEAP                startup_lpc17xx.o
    0x10005f38   0x00000200   Zero   RW            1    STACK               startup_lpc17xx.o



  Load Region LR$$.ARM.__at_0x02FC (Base: 0x000002fc, Size: 0x00000004, Max: 0x00000004, ABSOLUTE)

    Execution Region ER$$.ARM.__at_0x02FC (Base: 0x000002fc, Size: 0x00000004, Max: 0x00000004, ABSOLUTE, UNINIT)

    Base Addr    Size         Type   Attr      Idx    E Section Name        Object

    0x000002fc   0x00000004   Code   RO            4    .ARM.__at_0x02FC    startup_lpc17xx.o


==============================================================================

Image component sizes


      Code (inc. data)   RO Data    RW Data    ZI Data      Debug   Object Name

      1760        652          0        152        184      10814   helloworld.o
        86          0          0          8          0       3162   retarget.o
       148         26         40          8       7372       9645   rtx_conf_cm.o
        56         22        204          0        512        948   startup_lpc17xx.o
       540         64          0          4          0      21607   system_lpc17xx.o
       220         14          0          0          0       1744   uart_polling.o

    ----------------------------------------------------------------------
      2812        778        276        172       8068      47920   Object Totals
         0          0         32          0          0          0   (incl. Generated)
         2          0          0          0          0          0   (incl. Padding)

    ----------------------------------------------------------------------

      Code (inc. data)   RO Data    RW Data    ZI Data      Debug   Library Member Name

         4          4          0          0          0        160   SVC_Table.o
       516         56          0          1          0       2597   hal_cm3.o
        76          4          0          0          0        565   rt_event.o
       442         30          0          0         48       3986   rt_list.o
       192          4          0          0          0        629   rt_mailbox.o
       128          0          0          0          0       1569   rt_membox.o
       288         12          0          0          0       1669   rt_mutex.o
        96         22          0          8          0       1034   rt_robin.o
        52          6          0          0          0        473   rt_semaphore.o
       258         42          0          8          0       3142   rt_system.o
       928        160          0          8         48       6944   rt_task.o
         6          0          0          4          0        544   rt_time.o
        64          8          0          8          0        623   rt_timer.o
       192         20          0         28          0       2984   rt_user.o
         8          0          0          0          0         68   __main.o
       106          0          0          0          0         84   __printf.o
        52          8          0          0          0          0   __scatter.o
        26          0          0          0          0          0   __scatter_copy.o
        28          0          0          0          0          0   __scatter_zi.o
        44          0          0          0          0        108   _printf_char.o
        48          6          0          0          0         96   _printf_char_common.o
        36          4          0          0          0         80   _printf_char_file.o
         6          0          0          0          0          0   _printf_d.o
       120         18          0          0          0         92   _printf_dec.o
       184          0          0          0          0         88   _printf_intcommon.o
         0          0          0          0          0          0   _printf_percent.o
         4          0          0          0          0          0   _printf_percent_end.o
         6          0          0          0          0          0   _printf_s.o
        82          0          0          0          0         80   _printf_str.o
        12          0          0          0          0         72   exit.o
         6          0          0          0          0        152   heapauxi.o
         2          0          0          0          0          0   libinit.o
         2          0          0          0          0          0   libinit2.o
         2          0          0          0          0          0   libshutdown.o
         2          0          0          0          0          0   libshutdown2.o
         8          4          0          0         96         68   libspace.o
        24          4          0          0          0         84   noretval__2printf.o
         0          0          0          0          0          0   rtentry.o
        12          0          0          0          0          0   rtentry2.o
         6          0          0          0          0          0   rtentry4.o
         2          0          0          0          0          0   rtexit.o
        10          0          0          0          0          0   rtexit2.o
        72          0          0          0          0         80   strcpy.o
        74          0          0          0          0         80   sys_stackheap_outer.o
         2          0          0          0          0         68   use_no_semi.o

    ----------------------------------------------------------------------
      4244        412          0         68        196      28219   Library Totals
        16          0          0          3          4          0   (incl. Padding)

    ----------------------------------------------------------------------

      Code (inc. data)   RO Data    RW Data    ZI Data      Debug   Library Name

      3242        368          0         65         96      26919   RTX_CM3.lib
       986         44          0          0         96       1300   c_w.l

    ----------------------------------------------------------------------
      4244        412          0         68        196      28219   Library Totals

    ----------------------------------------------------------------------

==============================================================================


      Code (inc. data)   RO Data    RW Data    ZI Data      Debug   

      7056       1190        276        240       8264      73071   Grand Totals
      7056       1190        276        240       8264      73071   ELF Image Totals
      7056       1190        276        240          0          0   ROM Totals

==============================================================================

    Total RO  Size (Code + RO Data)                 7332 (   7.16kB)
    Total RW  Size (RW Data + ZI Data)              8504 (   8.30kB)
    Total ROM Size (Code + RO Data + RW Data)       7572 (   7.39kB)

==============================================================================

