ARM Linker, 5.02 [Build 28] [MDK-ARM Lite]

==============================================================================

Section Cross References

    startup_lpc17xx.o(STACK) refers (Special) to heapauxi.o(.text) for __use_two_region_memory
    startup_lpc17xx.o(HEAP) refers (Special) to heapauxi.o(.text) for __use_two_region_memory
    startup_lpc17xx.o(RESET) refers (Special) to heapauxi.o(.text) for __use_two_region_memory
    startup_lpc17xx.o(RESET) refers to startup_lpc17xx.o(STACK) for __initial_sp
    startup_lpc17xx.o(RESET) refers to startup_lpc17xx.o(.text) for Reset_Handler
    startup_lpc17xx.o(RESET) refers to hal_cm3.o(.emb_text) for SVC_Handler
    startup_lpc17xx.o(.ARM.__at_0x02FC) refers (Special) to heapauxi.o(.text) for __use_two_region_memory
    startup_lpc17xx.o(.text) refers (Special) to heapauxi.o(.text) for __use_two_region_memory
    startup_lpc17xx.o(.text) refers to __main.o(!!!main) for __main
    startup_lpc17xx.o(.text) refers to startup_lpc17xx.o(HEAP) for Heap_Mem
    startup_lpc17xx.o(.text) refers to startup_lpc17xx.o(STACK) for Stack_Mem
    system_lpc17xx.o(.text) refers to system_lpc17xx.o(.data) for SystemFrequency
    rtx_conf_cm.o(.text) refers to rt_task.o(i.rt_tsk_self) for rt_tsk_self
    rtx_conf_cm.o(.text) refers to rt_mutex.o(i.rt_mut_init) for rt_mut_init
    rtx_conf_cm.o(.text) refers to rtx_conf_cm.o(.bss) for .bss
    rtx_conf_cm.o(.text) refers to libspace.o(.bss) for __libspace_start
    rtx_conf_cm.o(.text) refers to rtx_conf_cm.o(.data) for .data
    rtx_conf_cm.o(.text) refers to rt_mutex.o(i.rt_mut_wait) for rt_mut_wait
    rtx_conf_cm.o(.text) refers to rt_mutex.o(i.rt_mut_release) for rt_mut_release
    retarget.o(.text) refers (Special) to use_no_semi.o(.text) for __use_no_semihosting_swi
    retarget.o(.text) refers to uart_polling.o(.text) for uart_put_char
    retarget.o(.data) refers (Special) to use_no_semi.o(.text) for __use_no_semihosting_swi
    helloworld.o(.text) refers to _printf_percent.o(.ARM.Collect$$_printf_percent$$00000000) for _printf_percent
    helloworld.o(.text) refers to _printf_d.o(.ARM.Collect$$_printf_percent$$00000009) for _printf_d
    helloworld.o(.text) refers to _printf_u.o(.ARM.Collect$$_printf_percent$$0000000A) for _printf_u
    helloworld.o(.text) refers to _printf_dec.o(.text) for _printf_int_dec
    helloworld.o(.text) refers to _printf_f.o(.ARM.Collect$$_printf_percent$$00000003) for _printf_f
    helloworld.o(.text) refers to printf1.o(x$fpl$printf1) for _printf_fp_dec
    helloworld.o(.text) refers to noretval__2printf.o(.text) for __2printf
    helloworld.o(.text) refers to hal_cm3.o(.emb_text) for _free_box
    helloworld.o(.text) refers to exit.o(.text) for exit
    helloworld.o(.text) refers to fflt_clz.o(x$fpl$ffltu) for __aeabi_ui2f
    helloworld.o(.text) refers to faddsub_clz.o(x$fpl$fsub) for __aeabi_fsub
    helloworld.o(.text) refers to fdiv.o(x$fpl$fdiv) for __aeabi_fdiv
    helloworld.o(.text) refers to f2d.o(x$fpl$f2d) for __aeabi_f2d
    helloworld.o(.text) refers to system_lpc17xx.o(.text) for SystemInit
    helloworld.o(.text) refers to uart_polling.o(.text) for uart_init
    helloworld.o(.text) refers to rt_membox.o(i._init_box) for _init_box
    helloworld.o(.text) refers to helloworld.o(.bss) for MsgBox
    helloworld.o(.text) refers to rt_mailbox.o(i.rt_mbx_wait) for rt_mbx_wait
    helloworld.o(.text) refers to rt_mutex.o(i.rt_mut_wait) for rt_mut_wait
    helloworld.o(.text) refers to helloworld.o(.data) for consumer_tskid
    helloworld.o(.text) refers to rt_mutex.o(i.rt_mut_release) for rt_mut_release
    helloworld.o(.text) refers to rt_time.o(i.rt_time_get) for rt_time_get
    helloworld.o(.text) refers to rt_task.o(i.rt_tsk_delete) for rt_tsk_delete
    helloworld.o(.text) refers to rt_task.o(i.rt_tsk_self) for rt_tsk_self
    helloworld.o(.text) refers to rt_task.o(i.rt_tsk_create) for rt_tsk_create
    helloworld.o(.text) refers to rt_mailbox.o(i.rt_mbx_init) for rt_mbx_init
    helloworld.o(.text) refers to rt_mailbox.o(i.rt_mbx_send) for rt_mbx_send
    helloworld.o(.text) refers to rt_mutex.o(i.rt_mut_init) for rt_mut_init
    helloworld.o(.text) refers to rt_task.o(i.rt_sys_init) for rt_sys_init
    rt_task.o(i.rt_block) refers to rt_list.o(i.rt_put_dly) for rt_put_dly
    rt_task.o(i.rt_block) refers to rt_list.o(i.rt_get_first) for rt_get_first
    rt_task.o(i.rt_block) refers to rt_task.o(i.rt_switch_req) for rt_switch_req
    rt_task.o(i.rt_block) refers to rt_task.o(.data) for .data
    rt_task.o(i.rt_block) refers to rt_list.o(.bss) for os_rdy
    rt_task.o(i.rt_dispatch) refers to rt_list.o(i.rt_put_rdy_first) for rt_put_rdy_first
    rt_task.o(i.rt_dispatch) refers to rt_task.o(i.rt_switch_req) for rt_switch_req
    rt_task.o(i.rt_dispatch) refers to rt_list.o(i.rt_get_first) for rt_get_first
    rt_task.o(i.rt_dispatch) refers to rt_list.o(i.rt_put_prio) for rt_put_prio
[...]
    libinit.o(.ARM.Collect$$libinit$$00000000) refers (Special) to libinit2.o(.ARM.Collect$$libinit$$00000017) for __rt_lib_init_lc_time_1
    libinit.o(.ARM.Collect$$libinit$$00000000) refers (Special) to libinit2.o(.ARM.Collect$$libinit$$0000000C) for __rt_lib_init_rand_1
    libinit.o(.ARM.Collect$$libinit$$00000000) refers (Special) to libinit2.o(.ARM.Collect$$libinit$$00000031) for __rt_lib_init_return
    libinit.o(.ARM.Collect$$libinit$$00000000) refers (Special) to libinit2.o(.ARM.Collect$$libinit$$0000001B) for __rt_lib_init_signal_1
    libinit.o(.ARM.Collect$$libinit$$00000000) refers (Special) to libinit2.o(.ARM.Collect$$libinit$$00000023) for __rt_lib_init_stdio_1
    libinit.o(.ARM.Collect$$libinit$$00000000) refers (Special) to libinit2.o(.ARM.Collect$$libinit$$0000000A) for __rt_lib_init_user_alloc_1
    libinit2.o(.ARM.Collect$$libinit$$0000000D) refers (Weak) to rt_locale_twolibspace.o(.text) for __rt_locale
    libinit2.o(.ARM.Collect$$libinit$$0000000E) refers to libinit2.o(.ARM.Collect$$libinit$$0000000D) for .ARM.Collect$$libinit$$0000000D
    libinit2.o(.ARM.Collect$$libinit$$00000010) refers to libinit2.o(.ARM.Collect$$libinit$$0000000D) for .ARM.Collect$$libinit$$0000000D
    libinit2.o(.ARM.Collect$$libinit$$00000012) refers to libinit2.o(.ARM.Collect$$libinit$$0000000D) for .ARM.Collect$$libinit$$0000000D
    libinit2.o(.ARM.Collect$$libinit$$00000014) refers to libinit2.o(.ARM.Collect$$libinit$$0000000D) for .ARM.Collect$$libinit$$0000000D
    libinit2.o(.ARM.Collect$$libinit$$00000014) refers (Weak) to lc_numeric_c.o(locale$$code) for _get_lc_numeric
    libinit2.o(.ARM.Collect$$libinit$$00000016) refers to libinit2.o(.ARM.Collect$$libinit$$0000000D) for .ARM.Collect$$libinit$$0000000D
    libinit2.o(.ARM.Collect$$libinit$$00000024) refers to argv_veneer.o(.emb_text) for __ARM_argv_veneer
    libinit2.o(.ARM.Collect$$libinit$$00000025) refers to argv_veneer.o(.emb_text) for __ARM_argv_veneer
    libshutdown.o(.ARM.Collect$$libshutdown$$00000000) refers (Special) to libshutdown2.o(.ARM.Collect$$libshutdown$$00000006) for __rt_lib_shutdown_fp_trap_1
    libshutdown.o(.ARM.Collect$$libshutdown$$00000000) refers (Special) to libshutdown2.o(.ARM.Collect$$libshutdown$$0000000E) for __rt_lib_shutdown_heap_1
    libshutdown.o(.ARM.Collect$$libshutdown$$00000000) refers (Special) to libshutdown2.o(.ARM.Collect$$libshutdown$$0000000F) for __rt_lib_shutdown_return
    libshutdown.o(.ARM.Collect$$libshutdown$$00000000) refers (Special) to libshutdown2.o(.ARM.Collect$$libshutdown$$00000009) for __rt_lib_shutdown_signal_1
    libshutdown.o(.ARM.Collect$$libshutdown$$00000000) refers (Special) to libshutdown2.o(.ARM.Collect$$libshutdown$$00000003) for __rt_lib_shutdown_stdio_1
    libshutdown.o(.ARM.Collect$$libshutdown$$00000000) refers (Special) to libshutdown2.o(.ARM.Collect$$libshutdown$$0000000B) for __rt_lib_shutdown_user_alloc_1
    argv_veneer.o(.emb_text) refers to no_argv.o(.text) for __ARM_get_argv
    _get_argv_nomalloc.o(.text) refers (Special) to hrguard.o(.text) for __heap_region$guard
    _get_argv_nomalloc.o(.text) refers to defsig_rtmem_outer.o(.text) for __rt_SIGRTMEM
    _get_argv_nomalloc.o(.text) refers to sys_command.o(.text) for _sys_command_string
    sys_command.o(.text) refers (Special) to use_no_semi.o(.text) for __I$use$semihosting
    sys_command.o(.text) refers (Special) to indicate_semi.o(.text) for __semihosting_library_function
    defsig_rtmem_outer.o(.text) refers to defsig_rtmem_inner.o(.text) for __rt_SIGRTMEM_inner
    defsig_rtmem_outer.o(.text) refers to defsig_exit.o(.text) for __sig_exit
    defsig_rtmem_formal.o(.text) refers to rt_raise.o(.text) for __rt_raise
    rt_raise.o(.text) refers to __raise.o(.text) for __raise
    rt_raise.o(.text) refers to retarget.o(.text) for _sys_exit
    defsig_exit.o(.text) refers to retarget.o(.text) for _sys_exit
    defsig_rtmem_inner.o(.text) refers to defsig_general.o(.text) for __default_signal_display
    __raise.o(.text) refers to defsig.o(CL$$defsig) for __default_signal_handler
    defsig_general.o(.text) refers to retarget.o(.text) for _ttywrch
    defsig.o(CL$$defsig) refers to defsig_rtmem_inner.o(.text) for __rt_SIGRTMEM_inner
    defsig_abrt_inner.o(.text) refers to defsig_general.o(.text) for __default_signal_display
    defsig_fpe_inner.o(.text) refers to defsig_general.o(.text) for __default_signal_display
    defsig_rtred_inner.o(.text) refers to defsig_general.o(.text) for __default_signal_display
    defsig_stak_inner.o(.text) refers to defsig_general.o(.text) for __default_signal_display
    defsig_pvfn_inner.o(.text) refers to defsig_general.o(.text) for __default_signal_display
    defsig_cppl_inner.o(.text) refers to defsig_general.o(.text) for __default_signal_display
    defsig_segv_inner.o(.text) refers to defsig_general.o(.text) for __default_signal_display
    defsig_other.o(.text) refers to defsig_general.o(.text) for __default_signal_display


==============================================================================

Removing Unused input sections from the image.

    Removing system_lpc17xx.o(.rev16_text), (4 bytes).
    Removing system_lpc17xx.o(.revsh_text), (4 bytes).
    Removing uart_polling.o(.rev16_text), (4 bytes).
    Removing uart_polling.o(.revsh_text), (4 bytes).
    Removing helloworld.o(.rev16_text), (4 bytes).
    Removing helloworld.o(.revsh_text), (4 bytes).
    Removing helloworld.o(.constdata), (16 bytes).
    Removing rt_task.o(i.rt_tsk_pass), (48 bytes).
    Removing rt_task.o(i.rt_tsk_prio), (128 bytes).
    Removing rt_mailbox.o(i.isr_mbx_receive), (84 bytes).
    Removing rt_mailbox.o(i.isr_mbx_send), (14 bytes).
    Removing rt_mailbox.o(i.rt_mbx_check), (8 bytes).
    Removing rt_time.o(i.rt_dly_wait), (6 bytes).
    Removing rt_time.o(i.rt_itv_set), (24 bytes).
    Removing rt_time.o(i.rt_itv_wait), (44 bytes).
    Removing rt_membox.o(i._calloc_box), (30 bytes).
    Removing rt_system.o(.emb_text), (0 bytes).
    Removing rt_system.o(i.rt_psh_req), (32 bytes).
    Removing rt_system.o(i.rt_resume), (176 bytes).
    Removing rt_system.o(i.rt_suspend), (44 bytes).
    Removing rt_system.o(i.rt_tsk_lock), (80 bytes).
    Removing rt_system.o(i.rt_tsk_unlock), (80 bytes).
    Removing rt_list.o(i.rt_get_same_rdy_prio), (36 bytes).
    Removing rt_list.o(i.rt_psq_enq), (88 bytes).
    Removing rt_event.o(i.isr_evt_set), (40 bytes).
    Removing rt_event.o(i.rt_evt_clr), (28 bytes).
    Removing rt_event.o(i.rt_evt_get), (12 bytes).
    Removing rt_event.o(i.rt_evt_set), (96 bytes).
    Removing rt_event.o(i.rt_evt_wait), (64 bytes).
    Removing rt_semaphore.o(i.isr_sem_send), (16 bytes).
    Removing rt_semaphore.o(i.rt_sem_init), (12 bytes).
    Removing rt_semaphore.o(i.rt_sem_send), (56 bytes).
    Removing rt_semaphore.o(i.rt_sem_wait), (60 bytes).
    Removing rt_timer.o(i.rt_tmr_create), (80 bytes).
    Removing rt_timer.o(i.rt_tmr_kill), (52 bytes).

35 unused section(s) (total 1478 bytes) removed from the image.

==============================================================================

Image Symbol Table

    Local Symbols

    Symbol Name                              Value     Ov Type        Size  Object(Section)

    RESET                                    0x00000000   Section      204  startup_lpc17xx.o(RESET)
    ../clib/angel/boardlib.s                 0x00000000   Number         0  boardinit3.o ABSOLUTE
    ../clib/angel/boardlib.s                 0x00000000   Number         0  boardshut.o ABSOLUTE
    ../clib/angel/boardlib.s                 0x00000000   Number         0  boardinit1.o ABSOLUTE
    ../clib/angel/boardlib.s                 0x00000000   Number         0  boardinit2.o ABSOLUTE
    ../clib/angel/handlers.s                 0x00000000   Number         0  __scatter_copy.o ABSOLUTE
    ../clib/angel/handlers.s                 0x00000000   Number         0  __scatter_zi.o ABSOLUTE
    ../clib/angel/kernel.s                   0x00000000   Number         0  rtexit2.o ABSOLUTE
    ../clib/angel/kernel.s                   0x00000000   Number         0  rtentry4.o ABSOLUTE
    ../clib/angel/kernel.s                   0x00000000   Number         0  rtentry2.o ABSOLUTE
    ../clib/angel/kernel.s                   0x00000000   Number         0  rtexit.o ABSOLUTE
    ../clib/angel/kernel.s                   0x00000000   Number         0  rtentry.o ABSOLUTE
    ../clib/angel/rt.s                       0x00000000   Number         0  rt_raise.o ABSOLUTE
    ../clib/angel/rt.s                       0x00000000   Number         0  rt_locale_twolibspace.o ABSOLUTE
    ../clib/angel/rt.s                       0x00000000   Number         0  rt_locale_intlibspace.o ABSOLUTE
    ../clib/angel/rt.s                       0x00000000   Number         0  rt_locale.o ABSOLUTE
    ../clib/angel/scatter.s                  0x00000000   Number         0  __scatter.o ABSOLUTE
    ../clib/angel/startup.s                  0x00000000   Number         0  __main.o ABSOLUTE
    ../clib/angel/sys.s                      0x00000000   Number         0  use_no_semi.o ABSOLUTE
    ../clib/angel/sys.s                      0x00000000   Number         0  indicate_semi.o ABSOLUTE
    ../clib/angel/sys.s                      0x00000000   Number         0  sys_stackheap_outer.o ABSOLUTE
    ../clib/angel/sys.s                      0x00000000   Number         0  libspace.o ABSOLUTE
    ../clib/angel/sysapp.c                   0x00000000   Number         0  sys_command.o ABSOLUTE
    ../clib/armsys.c                         0x00000000   Number         0  _get_argv_nomalloc.o ABSOLUTE
    ../clib/armsys.c                         0x00000000   Number         0  no_argv.o ABSOLUTE
    ../clib/armsys.c                         0x00000000   Number         0  argv_veneer.o ABSOLUTE
    ../clib/armsys.c                         0x00000000   Number         0  argv_veneer.o ABSOLUTE
    ../clib/bigflt.c                         0x00000000   Number         0  bigflt0.o ABSOLUTE
    ../clib/btod.s                           0x00000000   Number         0  btod.o ABSOLUTE
    ../clib/heapalloc.c                      0x00000000   Number         0  hrguard.o ABSOLUTE
    ../clib/heapaux.c                        0x00000000   Number         0  heapauxi.o ABSOLUTE
    ../clib/libinit.s                        0x00000000   Number         0  libinit2.o ABSOLUTE
    ../clib/libinit.s                        0x00000000   Number         0  libinit.o ABSOLUTE
    ../clib/libinit.s                        0x00000000   Number         0  libshutdown2.o ABSOLUTE
    ../clib/libinit.s                        0x00000000   Number         0  libshutdown.o ABSOLUTE
    ../clib/locale.s                         0x00000000   Number         0  lc_numeric_c.o ABSOLUTE
    ../clib/locale.s                         0x00000000   Number         0  lc_numeric_8859.o ABSOLUTE
    ../clib/longlong.s                       0x00000000   Number         0  lludiv10.o ABSOLUTE
    ../clib/memcpset.s                       0x00000000   Number         0  strcmpv7m.o ABSOLUTE
    ../clib/misc.s                           0x00000000   Number         0  printf_stubs.o ABSOLUTE
    ../clib/printf.c                         0x00000000   Number         0  noretval__2printf.o ABSOLUTE
    ../clib/printf.c                         0x00000000   Number         0  _printf_dec.o ABSOLUTE
    ../clib/printf.c                         0x00000000   Number         0  __printf_flags.o ABSOLUTE
    ../clib/printf.c                         0x00000000   Number         0  __printf_nopercent.o ABSOLUTE
    ../clib/printf.c                         0x00000000   Number         0  _printf_intcommon.o ABSOLUTE
    ../clib/printf.c                         0x00000000   Number         0  __printf_ss.o ABSOLUTE
    ../clib/printf.c                         0x00000000   Number         0  __printf_flags_ss_wp.o ABSOLUTE
    ../clib/printf.c                         0x00000000   Number         0  __printf_ss_wp.o ABSOLUTE
    ../clib/printf.c                         0x00000000   Number         0  _printf_fp_dec.o ABSOLUTE
    ../clib/printf.c                         0x00000000   Number         0  _printf_char_file.o ABSOLUTE
    ../clib/printf.c                         0x00000000   Number         0  __printf.o ABSOLUTE
    ../clib/printf.c                         0x00000000   Number         0  __printf_flags_wp.o ABSOLUTE
    ../clib/printf.c                         0x00000000   Number         0  __printf_flags_ss.o ABSOLUTE
    ../clib/printf.c                         0x00000000   Number         0  _printf_fp_infnan.o ABSOLUTE
    ../clib/printf.c                         0x00000000   Number         0  _printf_char_common.o ABSOLUTE
    ../clib/printf.c                         0x00000000   Number         0  __printf_wp.o ABSOLUTE
    ../clib/printf.c                         0x00000000   Number         0  __2printf.o ABSOLUTE
    ../clib/printf_percent.s                 0x00000000   Number         0  _printf_percent.o ABSOLUTE
    ../clib/printf_percent.s                 0x00000000   Number         0  _printf_d.o ABSOLUTE
    ../clib/printf_percent.s                 0x00000000   Number         0  _printf_u.o ABSOLUTE
    ../clib/printf_percent.s                 0x00000000   Number         0  _printf_f.o ABSOLUTE
    ../clib/printf_percent.s                 0x00000000   Number         0  _printf_percent_end.o ABSOLUTE
    ../clib/signal.c                         0x00000000   Number         0  defsig_fpe_inner.o ABSOLUTE
    ../clib/signal.c                         0x00000000   Number         0  defsig_abrt_inner.o ABSOLUTE
    ../clib/signal.c                         0x00000000   Number         0  defsig_general.o ABSOLUTE
    ../clib/signal.c                         0x00000000   Number         0  __raise.o ABSOLUTE
    ../clib/signal.c                         0x00000000   Number         0  defsig_rtmem_inner.o ABSOLUTE
    ../clib/signal.c                         0x00000000   Number         0  defsig_rtmem_outer.o ABSOLUTE
    ../clib/signal.c                         0x00000000   Number         0  defsig_rtmem_formal.o ABSOLUTE
    ../clib/signal.c                         0x00000000   Number         0  defsig_exit.o ABSOLUTE
    ../clib/signal.c                         0x00000000   Number         0  defsig_rtred_inner.o ABSOLUTE
    ../clib/signal.c                         0x00000000   Number         0  defsig_stak_inner.o ABSOLUTE
    ../clib/signal.c                         0x00000000   Number         0  defsig_pvfn_inner.o ABSOLUTE
    ../clib/signal.c                         0x00000000   Number         0  defsig_cppl_inner.o ABSOLUTE
    ../clib/signal.c                         0x00000000   Number         0  defsig_segv_inner.o ABSOLUTE
    ../clib/signal.c                         0x00000000   Number         0  defsig_other.o ABSOLUTE
    ../clib/signal.s                         0x00000000   Number         0  defsig.o ABSOLUTE
    ../clib/stdlib.c                         0x00000000   Number         0  exit.o ABSOLUTE
    ../fplib/dretinf.s                       0x00000000   Number         0  dretinf.o ABSOLUTE
    ../fplib/f2d.s                           0x00000000   Number         0  f2d.o ABSOLUTE
    ../fplib/faddsub.s                       0x00000000   Number         0  faddsub_clz.o ABSOLUTE
    ../fplib/fdiv.s                          0x00000000   Number         0  fdiv.o ABSOLUTE
    ../fplib/fflt.s                          0x00000000   Number         0  fflt_clz.o ABSOLUTE
    ../fplib/fnaninf.s                       0x00000000   Number         0  fnaninf.o ABSOLUTE
    ../fplib/fpinit.s                        0x00000000   Number         0  fpinit.o ABSOLUTE
    ../fplib/fretinf.s                       0x00000000   Number         0  fretinf.o ABSOLUTE
    ../fplib/istatus.s                       0x00000000   Number         0  istatus.o ABSOLUTE
    ../fplib/printf1.s                       0x00000000   Number         0  printf1.o ABSOLUTE
    ../fplib/usenofp.s                       0x00000000   Number         0  usenofp.o ABSOLUTE
    ../mathlib/fpclassify.c                  0x00000000   Number         0  fpclassify.o ABSOLUTE
    SRC\CM\HAL_CM3.c                         0x00000000   Number         0  hal_cm3.o ABSOLUTE
    SRC\CM\SVC_Table.s                       0x00000000   Number         0  SVC_Table.o ABSOLUTE
    SRC\CM\rt_Event.c                        0x00000000   Number         0  rt_event.o ABSOLUTE
    SRC\CM\rt_List.c                         0x00000000   Number         0  rt_list.o ABSOLUTE
    SRC\CM\rt_Mailbox.c                      0x00000000   Number         0  rt_mailbox.o ABSOLUTE
    SRC\CM\rt_MemBox.c                       0x00000000   Number         0  rt_membox.o ABSOLUTE
    SRC\CM\rt_Mutex.c                        0x00000000   Number         0  rt_mutex.o ABSOLUTE
    SRC\CM\rt_Robin.c                        0x00000000   Number         0  rt_robin.o ABSOLUTE
    SRC\CM\rt_Semaphore.c                    0x00000000   Number         0  rt_semaphore.o ABSOLUTE
    SRC\CM\rt_System.c                       0x00000000   Number         0  rt_system.o ABSOLUTE
    SRC\CM\rt_Task.c                         0x00000000   Number         0  rt_task.o ABSOLUTE
    SRC\CM\rt_Time.c                         0x00000000   Number         0  rt_time.o ABSOLUTE
    SRC\CM\rt_Timer.c                        0x00000000   Number         0  rt_timer.o ABSOLUTE
    SRC\\CM\\HAL_CM3.c                       0x00000000   Number         0  hal_cm3.o ABSOLUTE
    SRC\\CM\\rt_System.c                     0x00000000   Number         0  rt_system.o ABSOLUTE
    dc.s                                     0x00000000   Number         0  dc.o ABSOLUTE
    src\RTX_Conf_CM.c                        0x00000000   Number         0  rtx_conf_cm.o ABSOLUTE
    src\Retarget.c                           0x00000000   Number         0  retarget.o ABSOLUTE
    src\\helloworld.c                        0x00000000   Number         0  helloworld.o ABSOLUTE
    src\\system_LPC17xx.c                    0x00000000   Number         0  system_lpc17xx.o ABSOLUTE
    src\\uart_polling.c                      0x00000000   Number         0  uart_polling.o ABSOLUTE
    src\helloworld.c                         0x00000000   Number         0  helloworld.o ABSOLUTE
    src\startup_LPC17xx.s                    0x00000000   Number         0  startup_lpc17xx.o ABSOLUTE
    src\system_LPC17xx.c                     0x00000000   Number         0  system_lpc17xx.o ABSOLUTE
    src\uart_polling.c                       0x00000000   Number         0  uart_polling.o ABSOLUTE
    !!!main                                  0x000000cc   Section        8  __main.o(!!!main)
    !!!scatter                               0x000000d4   Section       52  __scatter.o(!!!scatter)
    !!handler_copy                           0x00000108   Section       26  __scatter_copy.o(!!handler_copy)
    !!handler_zi                             0x00000124   Section       28  __scatter_zi.o(!!handler_zi)
    .ARM.Collect$$_printf_percent$$00000000  0x00000140   Section        0  _printf_percent.o(.ARM.Collect$$_printf_percent$$00000000)
    .ARM.Collect$$_printf_percent$$00000003  0x00000140   Section        6  _printf_f.o(.ARM.Collect$$_printf_percent$$00000003)
    .ARM.Collect$$_printf_percent$$00000009  0x00000146   Section        6  _printf_d.o(.ARM.Collect$$_printf_percent$$00000009)
    .ARM.Collect$$_printf_percent$$0000000A  0x0000014c   Section        6  _printf_u.o(.ARM.Collect$$_printf_percent$$0000000A)
    .ARM.Collect$$_printf_percent$$00000017  0x00000152   Section        4  _printf_percent_end.o(.ARM.Collect$$_printf_percent$$00000017)
    .ARM.Collect$$libinit$$00000000          0x00000156   Section        2  libinit.o(.ARM.Collect$$libinit$$00000000)
    .ARM.Collect$$libinit$$00000002          0x00000158   Section        0  libinit2.o(.ARM.Collect$$libinit$$00000002)
    .ARM.Collect$$libinit$$00000008          0x00000158   Section        0  libinit2.o(.ARM.Collect$$libinit$$00000008)
    .ARM.Collect$$libinit$$0000000A          0x00000158   Section        0  libinit2.o(.ARM.Collect$$libinit$$0000000A)
    .ARM.Collect$$libinit$$0000000C          0x00000158   Section        0  libinit2.o(.ARM.Collect$$libinit$$0000000C)
    .ARM.Collect$$libinit$$0000000D          0x00000158   Section        6  libinit2.o(.ARM.Collect$$libinit$$0000000D)
    .ARM.Collect$$libinit$$0000000F          0x0000015e   Section        0  libinit2.o(.ARM.Collect$$libinit$$0000000F)
    .ARM.Collect$$libinit$$00000011          0x0000015e   Section        0  libinit2.o(.ARM.Collect$$libinit$$00000011)
    .ARM.Collect$$libinit$$00000013          0x0000015e   Section        0  libinit2.o(.ARM.Collect$$libinit$$00000013)
    .ARM.Collect$$libinit$$00000014          0x0000015e   Section       10  libinit2.o(.ARM.Collect$$libinit$$00000014)
    .ARM.Collect$$libinit$$00000015          0x00000168   Section        0  libinit2.o(.ARM.Collect$$libinit$$00000015)
    .ARM.Collect$$libinit$$00000017          0x00000168   Section        0  libinit2.o(.ARM.Collect$$libinit$$00000017)
    .ARM.Collect$$libinit$$00000019          0x00000168   Section        0  libinit2.o(.ARM.Collect$$libinit$$00000019)
    .ARM.Collect$$libinit$$0000001B          0x00000168   Section        0  libinit2.o(.ARM.Collect$$libinit$$0000001B)
    .ARM.Collect$$libinit$$0000001D          0x00000168   Section        0  libinit2.o(.ARM.Collect$$libinit$$0000001D)
    .ARM.Collect$$libinit$$0000001F          0x00000168   Section        0  libinit2.o(.ARM.Collect$$libinit$$0000001F)
    .ARM.Collect$$libinit$$00000021          0x00000168   Section        0  libinit2.o(.ARM.Collect$$libinit$$00000021)
    .ARM.Collect$$libinit$$00000023          0x00000168   Section        0  libinit2.o(.ARM.Collect$$libinit$$00000023)
    .ARM.Collect$$libinit$$0000002A          0x00000168   Section        0  libinit2.o(.ARM.Collect$$libinit$$0000002A)
    .ARM.Collect$$libinit$$0000002C          0x00000168   Section        0  libinit2.o(.ARM.Collect$$libinit$$0000002C)
    .ARM.Collect$$libinit$$0000002E          0x00000168   Section        0  libinit2.o(.ARM.Collect$$libinit$$0000002E)
    .ARM.Collect$$libinit$$00000030          0x00000168   Section        0  libinit2.o(.ARM.Collect$$libinit$$00000030)
    .ARM.Collect$$libinit$$00000031          0x00000168   Section        2  libinit2.o(.ARM.Collect$$libinit$$00000031)
    .ARM.Collect$$libshutdown$$00000000      0x0000016a   Section        2  libshutdown.o(.ARM.Collect$$libshutdown$$00000000)
    .ARM.Collect$$libshutdown$$00000003      0x0000016c   Section        0  libshutdown2.o(.ARM.Collect$$libshutdown$$00000003)
    .ARM.Collect$$libshutdown$$00000006      0x0000016c   Section        0  libshutdown2.o(.ARM.Collect$$libshutdown$$00000006)
    .ARM.Collect$$libshutdown$$00000009      0x0000016c   Section        0  libshutdown2.o(.ARM.Collect$$libshutdown$$00000009)
    .ARM.Collect$$libshutdown$$0000000B      0x0000016c   Section        0  libshutdown2.o(.ARM.Collect$$libshutdown$$0000000B)
    .ARM.Collect$$libshutdown$$0000000E      0x0000016c   Section        0  libshutdown2.o(.ARM.Collect$$libshutdown$$0000000E)
    .ARM.Collect$$libshutdown$$0000000F      0x0000016c   Section        2  libshutdown2.o(.ARM.Collect$$libshutdown$$0000000F)
    .ARM.Collect$$rtentry$$00000000          0x0000016e   Section        0  rtentry.o(.ARM.Collect$$rtentry$$00000000)
    .ARM.Collect$$rtentry$$00000002          0x0000016e   Section        0  rtentry2.o(.ARM.Collect$$rtentry$$00000002)
    .ARM.Collect$$rtentry$$00000004          0x0000016e   Section        6  rtentry4.o(.ARM.Collect$$rtentry$$00000004)
    .ARM.Collect$$rtentry$$00000009          0x00000174   Section        0  rtentry2.o(.ARM.Collect$$rtentry$$00000009)
    .ARM.Collect$$rtentry$$0000000A          0x00000174   Section        4  rtentry2.o(.ARM.Collect$$rtentry$$0000000A)
    .ARM.Collect$$rtentry$$0000000C          0x00000178   Section        0  rtentry2.o(.ARM.Collect$$rtentry$$0000000C)
    .ARM.Collect$$rtentry$$0000000D          0x00000178   Section        8  rtentry2.o(.ARM.Collect$$rtentry$$0000000D)
    .ARM.Collect$$rtexit$$00000000           0x00000180   Section        2  rtexit.o(.ARM.Collect$$rtexit$$00000000)
    .ARM.Collect$$rtexit$$00000002           0x00000182   Section        0  rtexit2.o(.ARM.Collect$$rtexit$$00000002)
    .ARM.Collect$$rtexit$$00000003           0x00000182   Section        4  rtexit2.o(.ARM.Collect$$rtexit$$00000003)
    .ARM.Collect$$rtexit$$00000004           0x00000186   Section        6  rtexit2.o(.ARM.Collect$$rtexit$$00000004)
    .emb_text                                0x0000018c   Section      340  hal_cm3.o(.emb_text)
    .text                                    0x000002e0   Section        8  libspace.o(.text)
    .text                                    0x000002e8   Section        2  use_no_semi.o(.text)
    .text                                    0x000002ea   Section        0  exit.o(.text)
    .text                                    0x000002f6   Section        0  heapauxi.o(.text)
    .ARM.__at_0x02FC                         0x000002fc   Section        4  startup_lpc17xx.o(.ARM.__at_0x02FC)
    .text                                    0x00000300   Section       52  startup_lpc17xx.o(.text)
    .text                                    0x00000334   Section        0  system_lpc17xx.o(.text)
    .text                                    0x00000550   Section        0  uart_polling.o(.text)
    .text                                    0x0000062c   Section        0  rtx_conf_cm.o(.text)
    __tagsym$$used                           0x00000677   Number         0  rtx_conf_cm.o(.text)
    __tagsym$$used                           0x00000691   Number         0  rtx_conf_cm.o(.text)
    .text                                    0x000006c0   Section        0  retarget.o(.text)
    .text                                    0x00000718   Section        0  helloworld.o(.text)
    .text                                    0x00000b10   Section        0  noretval__2printf.o(.text)
    .text                                    0x00000b28   Section        0  _printf_dec.o(.text)
    .text                                    0x00000ba0   Section        0  __printf_flags_wp.o(.text)
    .text                                    0x00000cdc   Section        0  _printf_intcommon.o(.text)
    .text                                    0x00000d94   Section        0  _printf_fp_dec.o(.text)
    _fp_digits                               0x00000d97   Thumb Code   426  _printf_fp_dec.o(.text)
    .text                                    0x000011b4   Section        0  _printf_char_file.o(.text)
    .text                                    0x000011d8   Section       10  rt_locale_twolibspace.o(.text)
    .text                                    0x000011e2   Section      138  lludiv10.o(.text)
    .text                                    0x0000126c   Section        0  _printf_char_common.o(.text)
    _printf_input_char                       0x0000126d   Thumb Code    10  _printf_char_common.o(.text)
    .text                                    0x0000129c   Section        0  _printf_fp_infnan.o(.text)
    .text                                    0x0000131c   Section        0  bigflt0.o(.text)
    .text                                    0x00001400   Section       74  sys_stackheap_outer.o(.text)
    .text                                    0x0000144c   Section      128  strcmpv7m.o(.text)
    CL$$btod_d2e                             0x000014cc   Section       62  btod.o(CL$$btod_d2e)
    CL$$btod_d2e_denorm_low                  0x0000150a   Section       70  btod.o(CL$$btod_d2e_denorm_low)
    CL$$btod_d2e_norm_op1                    0x00001550   Section       96  btod.o(CL$$btod_d2e_norm_op1)
    CL$$btod_div_common                      0x000015b0   Section      824  btod.o(CL$$btod_div_common)
    CL$$btod_e2e                             0x000018e8   Section      198  btod.o(CL$$btod_e2e)
    CL$$btod_ediv                            0x000019ae   Section       40  btod.o(CL$$btod_ediv)
    CL$$btod_emul                            0x000019d6   Section       40  btod.o(CL$$btod_emul)
    CL$$btod_mult_common                     0x000019fe   Section      580  btod.o(CL$$btod_mult_common)
    SVC_TABLE                                0x00001c44   Section        4  SVC_Table.o(SVC_TABLE)
    i.__ARM_fpclassify                       0x00001c48   Section        0  fpclassify.o(i.__ARM_fpclassify)
    i._init_box                              0x00001c70   Section        0  rt_membox.o(i._init_box)
    i._is_digit                              0x00001cb6   Section        0  __printf_wp.o(i._is_digit)
    i.dbg_init                               0x00001cc4   Section        0  hal_cm3.o(i.dbg_init)
    i.dbg_task_notify                        0x00001cf4   Section        0  hal_cm3.o(i.dbg_task_notify)
    i.dbg_task_switch                        0x00001d14   Section        0  hal_cm3.o(i.dbg_task_switch)
    i.os_tick_init                           0x00001d24   Section        0  rt_system.o(i.os_tick_init)
    i.os_tick_irqack                         0x00001d4c   Section        0  rt_system.o(i.os_tick_irqack)
    i.rt_alloc_box                           0x00001d4e   Section        0  rt_membox.o(i.rt_alloc_box)
    i.rt_block                               0x00001d68   Section        0  rt_task.o(i.rt_block)
    i.rt_chk_robin                           0x00001da0   Section        0  rt_robin.o(i.rt_chk_robin)
    i.rt_dec_dly                             0x00001de8   Section        0  rt_list.o(i.rt_dec_dly)
    i.rt_dispatch                            0x00001e5c   Section        0  rt_task.o(i.rt_dispatch)
    i.rt_evt_psh                             0x00001ea0   Section        0  rt_event.o(i.rt_evt_psh)
    i.rt_free_box                            0x00001eec   Section        0  rt_membox.o(i.rt_free_box)
    i.rt_get_first                           0x00001f0c   Section        0  rt_list.o(i.rt_get_first)
    i.rt_init_context                        0x00001f34   Section        0  rt_task.o(i.rt_init_context)
    rt_init_context                          0x00001f35   Thumb Code    64  rt_task.o(i.rt_init_context)
    i.rt_init_robin                          0x00001f78   Section        0  rt_robin.o(i.rt_init_robin)
    i.rt_init_stack                          0x00001f90   Section        0  hal_cm3.o(i.rt_init_stack)
    i.rt_mbx_init                            0x00001fe0   Section        0  rt_mailbox.o(i.rt_mbx_init)
    i.rt_mbx_psh                             0x00001ffc   Section        0  rt_mailbox.o(i.rt_mbx_psh)
    i.rt_mbx_send                            0x000020bc   Section        0  rt_mailbox.o(i.rt_mbx_send)
    i.rt_mbx_wait                            0x0000215c   Section        0  rt_mailbox.o(i.rt_mbx_wait)
    i.rt_mut_init                            0x00002214   Section        0  rt_mutex.o(i.rt_mut_init)
    i.rt_mut_release                         0x00002224   Section        0  rt_mutex.o(i.rt_mut_release)
    i.rt_mut_wait                            0x000022d0   Section        0  rt_mutex.o(i.rt_mut_wait)
    i.rt_pop_req                             0x00002334   Section        0  rt_system.o(i.rt_pop_req)
    i.rt_put_dly                             0x000023ac   Section        0  rt_list.o(i.rt_put_dly)
    i.rt_put_prio                            0x000023f4   Section        0  rt_list.o(i.rt_put_prio)
    i.rt_put_rdy_first                       0x0000242c   Section        0  rt_list.o(i.rt_put_rdy_first)
    i.rt_resort_prio                         0x00002440   Section        0  rt_list.o(i.rt_resort_prio)
    i.rt_rmv_dly                             0x00002474   Section        0  rt_list.o(i.rt_rmv_dly)
    i.rt_rmv_list                            0x0000249c   Section        0  rt_list.o(i.rt_rmv_list)
    i.rt_sem_psh                             0x000024cc   Section        0  rt_semaphore.o(i.rt_sem_psh)
    i.rt_stk_check                           0x00002500   Section        0  rt_system.o(i.rt_stk_check)
    i.rt_switch_req                          0x00002524   Section        0  rt_task.o(i.rt_switch_req)
    i.rt_sys_init                            0x0000254c   Section        0  rt_task.o(i.rt_sys_init)
    i.rt_systick                             0x000026a4   Section        0  rt_system.o(i.rt_systick)
    i.rt_time_get                            0x000026e0   Section        0  rt_time.o(i.rt_time_get)
    i.rt_tmr_tick                            0x000026ec   Section        0  rt_timer.o(i.rt_tmr_tick)
    i.rt_tsk_create                          0x0000272c   Section        0  rt_task.o(i.rt_tsk_create)
    i.rt_tsk_delete                          0x000027c0   Section        0  rt_task.o(i.rt_tsk_delete)
    i.rt_tsk_self                            0x0000287c   Section        0  rt_task.o(i.rt_tsk_self)
    locale$$code                             0x0000288c   Section       44  lc_numeric_c.o(locale$$code)
    x$fpl$dretinf                            0x000028b8   Section       12  dretinf.o(x$fpl$dretinf)
    x$fpl$f2d                                0x000028c4   Section       86  f2d.o(x$fpl$f2d)
    x$fpl$fadd                               0x0000291c   Section      196  faddsub_clz.o(x$fpl$fadd)
    _fadd1                                   0x0000292b   Thumb Code     0  faddsub_clz.o(x$fpl$fadd)
    x$fpl$fdiv                               0x000029e0   Section      388  fdiv.o(x$fpl$fdiv)
    _fdiv1                                   0x000029e1   Thumb Code     0  fdiv.o(x$fpl$fdiv)
    x$fpl$ffltu                              0x00002b64   Section       38  fflt_clz.o(x$fpl$ffltu)
    x$fpl$fnaninf                            0x00002b8a   Section      140  fnaninf.o(x$fpl$fnaninf)
    x$fpl$fretinf                            0x00002c16   Section       10  fretinf.o(x$fpl$fretinf)
    x$fpl$fsub                               0x00002c20   Section      234  faddsub_clz.o(x$fpl$fsub)
    _fsub1                                   0x00002c2f   Thumb Code     0  faddsub_clz.o(x$fpl$fsub)
    x$fpl$printf1                            0x00002d0a   Section        4  printf1.o(x$fpl$printf1)
    x$fpl$usenofp                            0x00002d0e   Section        0  usenofp.o(x$fpl$usenofp)
    .constdata                               0x00002d10   Section       40  rtx_conf_cm.o(.constdata)
    __tagsym$$used                           0x00002d24   Number         0  rtx_conf_cm.o(.constdata)
    __tagsym$$used                           0x00002d28   Number         0  rtx_conf_cm.o(.constdata)
    .constdata                               0x00002d38   Section       17  __printf_flags_wp.o(.constdata)
    maptable                                 0x00002d38   Data          17  __printf_flags_wp.o(.constdata)
    .constdata                               0x00002d4c   Section      148  bigflt0.o(.constdata)
    tenpwrs_x                                0x00002d4c   Data          60  bigflt0.o(.constdata)
    tenpwrs_i                                0x00002d88   Data          64  bigflt0.o(.constdata)
    locale$$data                             0x00002e00   Section       28  lc_numeric_c.o(locale$$data)
    __lcnum_c_name                           0x00002e04   Data           2  lc_numeric_c.o(locale$$data)
    __lcnum_c_start                          0x00002e0c   Data           0  lc_numeric_c.o(locale$$data)
    __lcnum_c_point                          0x00002e18   Data           0  lc_numeric_c.o(locale$$data)
    __lcnum_c_thousands                      0x00002e1a   Data           0  lc_numeric_c.o(locale$$data)
    __lcnum_c_grouping                       0x00002e1b   Data           0  lc_numeric_c.o(locale$$data)
    __lcnum_c_end                            0x00002e1c   Data           0  lc_numeric_c.o(locale$$data)
    .data                                    0x10000000   Section        4  system_lpc17xx.o(.data)
    .data                                    0x10000004   Section        8  rtx_conf_cm.o(.data)
    nr_mutex                                 0x10000008   Data           4  rtx_conf_cm.o(.data)
    .data                                    0x1000000c   Section        8  retarget.o(.data)
    .data                                    0x10000014   Section       44  helloworld.o(.data)
    .data                                    0x10000040   Section        8  rt_task.o(.data)
    .data                                    0x10000048   Section        4  rt_time.o(.data)
    .data                                    0x1000004c   Section        1  hal_cm3.o(.data)
    .data                                    0x10000050   Section        8  rt_system.o(.data)
    os_lock                                  0x10000050   Data           1  rt_system.o(.data)
    os_psh_flag                              0x10000051   Data           1  rt_system.o(.data)
    pend_flags                               0x10000052   Data           1  rt_system.o(.data)
    .data                                    0x10000058   Section        8  rt_robin.o(.data)
    .data                                    0x10000060   Section        8  rt_timer.o(.data)
    .bss                                     0x10000068   Section     8316  rtx_conf_cm.o(.bss)
    std_libspace                             0x10001e44   Data         576  rtx_conf_cm.o(.bss)
    std_libmutex                             0x10002084   Data          96  rtx_conf_cm.o(.bss)
    .bss                                     0x100020e4   Section     2600  helloworld.o(.bss)
    .bss                                     0x10002b0c   Section       48  rt_task.o(.bss)
    .bss                                     0x10002b3c   Section       48  rt_list.o(.bss)
    .bss                                     0x10002b6c   Section       96  libspace.o(.bss)
    HEAP                                     0x10002bd0   Section        0  startup_lpc17xx.o(HEAP)
    STACK                                    0x10002bd0   Section      512  startup_lpc17xx.o(STACK)
    Heap_Mem                                 0x10002bd0   Data           0  startup_lpc17xx.o(HEAP)
    Stack_Mem                                0x10002bd0   Data         512  startup_lpc17xx.o(STACK)
    __initial_sp                             0x10002dd0   Data           0  startup_lpc17xx.o(STACK)

    Global Symbols

    Symbol Name                              Value     Ov Type        Size  Object(Section)

    BuildAttributes$$THM_ISAv4$P$D$K$B$S$PE$A:L22UL41UL21$X:L11$S22US41US21$IEEE1$IW$USESV6$~STKCKD$USESV7$~SHL$OTIME$ROPI$IEEEJ$EBA8$UX$STANDARDLIB$REQ8$PRES8$EABIv2 0x00000000   Number         0  anon$$obj.o ABSOLUTE
    __ARM_use_no_argv                        0x00000000   Number         0  helloworld.o ABSOLUTE
    __Vectors                                0x00000000   Data           4  startup_lpc17xx.o(RESET)
    _printf_flags                            0x00000000   Number         0  printf_stubs.o ABSOLUTE
    _printf_return_value                     0x00000000   Number         0  printf_stubs.o ABSOLUTE
    _printf_sizespec                         0x00000000   Number         0  printf_stubs.o ABSOLUTE
    _printf_widthprec                        0x00000000   Number         0  printf_stubs.o ABSOLUTE
    __ARM_exceptions_init                     - Undefined Weak Reference
    __alloca_initialize                       - Undefined Weak Reference
    __cpp_initialize__aeabi_                  - Undefined Weak Reference
    __cxa_finalize                            - Undefined Weak Reference
    __sigvec_lookup                           - Undefined Weak Reference
    _atexit_init                              - Undefined Weak Reference
    _call_atexit_fns                          - Undefined Weak Reference
    _clock_init                               - Undefined Weak Reference
    _fp_trap_init                             - Undefined Weak Reference
    _fp_trap_shutdown                         - Undefined Weak Reference
    _get_lc_collate                           - Undefined Weak Reference
    _get_lc_ctype                             - Undefined Weak Reference
    _get_lc_monetary                          - Undefined Weak Reference
    _get_lc_time                              - Undefined Weak Reference
    _getenv_init                              - Undefined Weak Reference
    _handle_redirection                       - Undefined Weak Reference
    _init_alloc                               - Undefined Weak Reference
    _init_user_alloc                          - Undefined Weak Reference
    _initio                                   - Undefined Weak Reference
    _printf_post_padding                      - Undefined Weak Reference
    _printf_pre_padding                       - Undefined Weak Reference
    _printf_truncate_signed                   - Undefined Weak Reference
    _printf_truncate_unsigned                 - Undefined Weak Reference
    _rand_init                                - Undefined Weak Reference
    _signal_finish                            - Undefined Weak Reference
    _signal_init                              - Undefined Weak Reference
    _terminate_alloc                          - Undefined Weak Reference
    _terminate_user_alloc                     - Undefined Weak Reference
    _terminateio                              - Undefined Weak Reference
    __main                                   0x000000cd   Thumb Code     8  __main.o(!!!main)
    __scatterload                            0x000000d5   Thumb Code     0  __scatter.o(!!!scatter)
    __scatterload_rt2                        0x000000d5   Thumb Code    44  __scatter.o(!!!scatter)
    __scatterload_rt2_thumb_only             0x000000d5   Thumb Code     0  __scatter.o(!!!scatter)
    __scatterload_null                       0x000000e3   Thumb Code     0  __scatter.o(!!!scatter)
    __scatterload_copy                       0x00000109   Thumb Code    26  __scatter_copy.o(!!handler_copy)
    __scatterload_zeroinit                   0x00000125   Thumb Code    28  __scatter_zi.o(!!handler_zi)
    _printf_f                                0x00000141   Thumb Code     0  _printf_f.o(.ARM.Collect$$_printf_percent$$00000003)
    _printf_percent                          0x00000141   Thumb Code     0  _printf_percent.o(.ARM.Collect$$_printf_percent$$00000000)
    _printf_d                                0x00000147   Thumb Code     0  _printf_d.o(.ARM.Collect$$_printf_percent$$00000009)
    _printf_u                                0x0000014d   Thumb Code     0  _printf_u.o(.ARM.Collect$$_printf_percent$$0000000A)
    _printf_percent_end                      0x00000153   Thumb Code     0  _printf_percent_end.o(.ARM.Collect$$_printf_percent$$00000017)
    __rt_lib_init                            0x00000157   Thumb Code     0  libinit.o(.ARM.Collect$$libinit$$00000000)
    __rt_lib_init_fp_1                       0x00000159   Thumb Code     0  libinit2.o(.ARM.Collect$$libinit$$00000002)
    __rt_lib_init_heap_1                     0x00000159   Thumb Code     0  libinit2.o(.ARM.Collect$$libinit$$00000008)
    __rt_lib_init_lc_common                  0x00000159   Thumb Code     0  libinit2.o(.ARM.Collect$$libinit$$0000000D)
    __rt_lib_init_rand_1                     0x00000159   Thumb Code     0  libinit2.o(.ARM.Collect$$libinit$$0000000C)
    __rt_lib_init_user_alloc_1               0x00000159   Thumb Code     0  libinit2.o(.ARM.Collect$$libinit$$0000000A)
    __rt_lib_init_lc_collate_1               0x0000015f   Thumb Code     0  libinit2.o(.ARM.Collect$$libinit$$0000000F)
    __rt_lib_init_lc_ctype_1                 0x0000015f   Thumb Code     0  libinit2.o(.ARM.Collect$$libinit$$00000011)
    __rt_lib_init_lc_monetary_1              0x0000015f   Thumb Code     0  libinit2.o(.ARM.Collect$$libinit$$00000013)
    __rt_lib_init_lc_numeric_2               0x0000015f   Thumb Code     0  libinit2.o(.ARM.Collect$$libinit$$00000014)
    __rt_lib_init_alloca_1                   0x00000169   Thumb Code     0  libinit2.o(.ARM.Collect$$libinit$$0000002C)
    __rt_lib_init_argv_1                     0x00000169   Thumb Code     0  libinit2.o(.ARM.Collect$$libinit$$0000002A)
    __rt_lib_init_atexit_1                   0x00000169   Thumb Code     0  libinit2.o(.ARM.Collect$$libinit$$00000019)
    __rt_lib_init_clock_1                    0x00000169   Thumb Code     0  libinit2.o(.ARM.Collect$$libinit$$0000001F)
    __rt_lib_init_cpp_1                      0x00000169   Thumb Code     0  libinit2.o(.ARM.Collect$$libinit$$00000030)
    __rt_lib_init_exceptions_1               0x00000169   Thumb Code     0  libinit2.o(.ARM.Collect$$libinit$$0000002E)
    __rt_lib_init_fp_trap_1                  0x00000169   Thumb Code     0  libinit2.o(.ARM.Collect$$libinit$$0000001D)
    __rt_lib_init_getenv_1                   0x00000169   Thumb Code     0  libinit2.o(.ARM.Collect$$libinit$$00000021)
    __rt_lib_init_lc_numeric_1               0x00000169   Thumb Code     0  libinit2.o(.ARM.Collect$$libinit$$00000015)
    __rt_lib_init_lc_time_1                  0x00000169   Thumb Code     0  libinit2.o(.ARM.Collect$$libinit$$00000017)
    __rt_lib_init_return                     0x00000169   Thumb Code     0  libinit2.o(.ARM.Collect$$libinit$$00000031)
    __rt_lib_init_signal_1                   0x00000169   Thumb Code     0  libinit2.o(.ARM.Collect$$libinit$$0000001B)
    __rt_lib_init_stdio_1                    0x00000169   Thumb Code     0  libinit2.o(.ARM.Collect$$libinit$$00000023)
    __rt_lib_shutdown                        0x0000016b   Thumb Code     0  libshutdown.o(.ARM.Collect$$libshutdown$$00000000)
    __rt_lib_shutdown_fp_trap_1              0x0000016d   Thumb Code     0  libshutdown2.o(.ARM.Collect$$libshutdown$$00000006)
    __rt_lib_shutdown_heap_1                 0x0000016d   Thumb Code     0  libshutdown2.o(.ARM.Collect$$libshutdown$$0000000E)
    __rt_lib_shutdown_return                 0x0000016d   Thumb Code     0  libshutdown2.o(.ARM.Collect$$libshutdown$$0000000F)
    __rt_lib_shutdown_signal_1               0x0000016d   Thumb Code     0  libshutdown2.o(.ARM.Collect$$libshutdown$$00000009)
    __rt_lib_shutdown_stdio_1                0x0000016d   Thumb Code     0  libshutdown2.o(.ARM.Collect$$libshutdown$$00000003)
    __rt_lib_shutdown_user_alloc_1           0x0000016d   Thumb Code     0  libshutdown2.o(.ARM.Collect$$libshutdown$$0000000B)
    __rt_entry                               0x0000016f   Thumb Code     0  rtentry.o(.ARM.Collect$$rtentry$$00000000)
    __rt_entry_presh_1                       0x0000016f   Thumb Code     0  rtentry2.o(.ARM.Collect$$rtentry$$00000002)
    __rt_entry_sh                            0x0000016f   Thumb Code     0  rtentry4.o(.ARM.Collect$$rtentry$$00000004)
    __rt_entry_li                            0x00000175   Thumb Code     0  rtentry2.o(.ARM.Collect$$rtentry$$0000000A)
    __rt_entry_postsh_1                      0x00000175   Thumb Code     0  rtentry2.o(.ARM.Collect$$rtentry$$00000009)
    __rt_entry_main                          0x00000179   Thumb Code     0  rtentry2.o(.ARM.Collect$$rtentry$$0000000D)
    __rt_entry_postli_1                      0x00000179   Thumb Code     0  rtentry2.o(.ARM.Collect$$rtentry$$0000000C)
    __rt_exit                                0x00000181   Thumb Code     0  rtexit.o(.ARM.Collect$$rtexit$$00000000)
    __rt_exit_ls                             0x00000183   Thumb Code     0  rtexit2.o(.ARM.Collect$$rtexit$$00000003)
    __rt_exit_prels_1                        0x00000183   Thumb Code     0  rtexit2.o(.ARM.Collect$$rtexit$$00000002)
    __rt_exit_exit                           0x00000187   Thumb Code     0  rtexit2.o(.ARM.Collect$$rtexit$$00000004)
    rt_set_PSP                               0x0000018d   Thumb Code     6  hal_cm3.o(.emb_text)
    rt_get_PSP                               0x00000193   Thumb Code     6  hal_cm3.o(.emb_text)
    os_set_env                               0x00000199   Thumb Code    24  hal_cm3.o(.emb_text)
    _alloc_box                               0x000001b5   Thumb Code    28  hal_cm3.o(.emb_text)
    _free_box                                0x000001d5   Thumb Code    28  hal_cm3.o(.emb_text)
    SVC_Handler                              0x000001f5   Thumb Code   124  hal_cm3.o(.emb_text)
    PendSV_Handler                           0x0000027d   Thumb Code    76  hal_cm3.o(.emb_text)
    SysTick_Handler                          0x000002cd   Thumb Code     8  hal_cm3.o(.emb_text)
    OS_Tick_Handler                          0x000002d5   Thumb Code    12  hal_cm3.o(.emb_text)
    __user_libspace                          0x000002e1   Thumb Code     8  libspace.o(.text)
    __user_perproc_libspace                  0x000002e1   Thumb Code     0  libspace.o(.text)
    __I$use$semihosting                      0x000002e9   Thumb Code     0  use_no_semi.o(.text)
    __use_no_semihosting_swi                 0x000002e9   Thumb Code     2  use_no_semi.o(.text)
    exit                                     0x000002eb   Thumb Code    12  exit.o(.text)
    __use_two_region_memory                  0x000002f7   Thumb Code     2  heapauxi.o(.text)
    __rt_heap_escrow$2region                 0x000002f9   Thumb Code     2  heapauxi.o(.text)
    __rt_heap_expand$2region                 0x000002fb   Thumb Code     2  heapauxi.o(.text)
    Reset_Handler                            0x00000301   Thumb Code     4  startup_lpc17xx.o(.text)
    NMI_Handler                              0x00000305   Thumb Code     2  startup_lpc17xx.o(.text)
    HardFault_Handler                        0x00000307   Thumb Code     2  startup_lpc17xx.o(.text)
    MemManage_Handler                        0x00000309   Thumb Code     2  startup_lpc17xx.o(.text)
    BusFault_Handler                         0x0000030b   Thumb Code     2  startup_lpc17xx.o(.text)
    UsageFault_Handler                       0x0000030d   Thumb Code     2  startup_lpc17xx.o(.text)
    DebugMon_Handler                         0x00000311   Thumb Code     2  startup_lpc17xx.o(.text)
    ADC_IRQHandler                           0x00000317   Thumb Code     0  startup_lpc17xx.o(.text)
    BOD_IRQHandler                           0x00000317   Thumb Code     0  startup_lpc17xx.o(.text)
    CANActivity_IRQHandler                   0x00000317   Thumb Code     0  startup_lpc17xx.o(.text)
    CAN_IRQHandler                           0x00000317   Thumb Code     0  startup_lpc17xx.o(.text)
    DMA_IRQHandler                           0x00000317   Thumb Code     0  startup_lpc17xx.o(.text)
    EINT0_IRQHandler                         0x00000317   Thumb Code     0  startup_lpc17xx.o(.text)
    EINT1_IRQHandler                         0x00000317   Thumb Code     0  startup_lpc17xx.o(.text)
    EINT2_IRQHandler                         0x00000317   Thumb Code     0  startup_lpc17xx.o(.text)
    EINT3_IRQHandler                         0x00000317   Thumb Code     0  startup_lpc17xx.o(.text)
    ENET_IRQHandler                          0x00000317   Thumb Code     0  startup_lpc17xx.o(.text)
    I2C0_IRQHandler                          0x00000317   Thumb Code     0  startup_lpc17xx.o(.text)
    I2C1_IRQHandler                          0x00000317   Thumb Code     0  startup_lpc17xx.o(.text)
    I2C2_IRQHandler                          0x00000317   Thumb Code     0  startup_lpc17xx.o(.text)
    I2S_IRQHandler                           0x00000317   Thumb Code     0  startup_lpc17xx.o(.text)
    MCPWM_IRQHandler                         0x00000317   Thumb Code     0  startup_lpc17xx.o(.text)
    PLL0_IRQHandler                          0x00000317   Thumb Code     0  startup_lpc17xx.o(.text)
    PLL1_IRQHandler                          0x00000317   Thumb Code     0  startup_lpc17xx.o(.text)
    PWM1_IRQHandler                          0x00000317   Thumb Code     0  startup_lpc17xx.o(.text)
    QEI_IRQHandler                           0x00000317   Thumb Code     0  startup_lpc17xx.o(.text)
    RIT_IRQHandler                           0x00000317   Thumb Code     0  startup_lpc17xx.o(.text)
    RTC_IRQHandler                           0x00000317   Thumb Code     0  startup_lpc17xx.o(.text)
    SPI_IRQHandler                           0x00000317   Thumb Code     0  startup_lpc17xx.o(.text)
    SSP0_IRQHandler                          0x00000317   Thumb Code     0  startup_lpc17xx.o(.text)
    SSP1_IRQHandler                          0x00000317   Thumb Code     0  startup_lpc17xx.o(.text)
    TIMER0_IRQHandler                        0x00000317   Thumb Code     0  startup_lpc17xx.o(.text)
    TIMER1_IRQHandler                        0x00000317   Thumb Code     0  startup_lpc17xx.o(.text)
    TIMER2_IRQHandler                        0x00000317   Thumb Code     0  startup_lpc17xx.o(.text)
    TIMER3_IRQHandler                        0x00000317   Thumb Code     0  startup_lpc17xx.o(.text)
    UART0_IRQHandler                         0x00000317   Thumb Code     0  startup_lpc17xx.o(.text)
    UART1_IRQHandler                         0x00000317   Thumb Code     0  startup_lpc17xx.o(.text)
    UART2_IRQHandler                         0x00000317   Thumb Code     0  startup_lpc17xx.o(.text)
    UART3_IRQHandler                         0x00000317   Thumb Code     0  startup_lpc17xx.o(.text)
    USBActivity_IRQHandler                   0x00000317   Thumb Code     0  startup_lpc17xx.o(.text)
    USB_IRQHandler                           0x00000317   Thumb Code     0  startup_lpc17xx.o(.text)
    WDT_IRQHandler                           0x00000317   Thumb Code     0  startup_lpc17xx.o(.text)
    __user_initial_stackheap                 0x00000319   Thumb Code     0  startup_lpc17xx.o(.text)
    SystemInit                               0x00000335   Thumb Code   476  system_lpc17xx.o(.text)
    __RL_RTX_VER                             0x00000460   Number         0  rt_system.o ABSOLUTE
    uart_init                                0x00000551   Thumb Code    94  uart_polling.o(.text)
    uart_get_char                            0x000005af   Thumb Code    36  uart_polling.o(.text)
    uart_put_char                            0x000005d3   Thumb Code    38  uart_polling.o(.text)
    uart_put_string                          0x000005f9   Thumb Code    38  uart_polling.o(.text)
    os_idle_demon                            0x0000062d   Thumb Code     4  rtx_conf_cm.o(.text)
    os_tmr_call                              0x00000631   Thumb Code     2  rtx_conf_cm.o(.text)
    os_error                                 0x00000633   Thumb Code     4  rtx_conf_cm.o(.text)
    __user_perthread_libspace                0x00000637   Thumb Code    26  rtx_conf_cm.o(.text)
    _mutex_initialize                        0x00000651   Thumb Code    38  rtx_conf_cm.o(.text)
    _mutex_acquire                           0x00000677   Thumb Code    26  rtx_conf_cm.o(.text)
    _mutex_release                           0x00000691   Thumb Code    22  rtx_conf_cm.o(.text)
    sendchar                                 0x000006c1   Thumb Code    28  retarget.o(.text)
    getkey                                   0x000006dd   Thumb Code    10  retarget.o(.text)
    fputc                                    0x000006e7   Thumb Code    14  retarget.o(.text)
    fgetc                                    0x000006f5   Thumb Code    10  retarget.o(.text)
    ferror                                   0x000006ff   Thumb Code     8  retarget.o(.text)
    _ttywrch                                 0x00000707   Thumb Code    12  retarget.o(.text)
    _sys_exit                                0x00000713   Thumb Code     4  retarget.o(.text)
    consumer_task                            0x00000719   Thumb Code   254  helloworld.o(.text)
    producer_task                            0x00000817   Thumb Code   228  helloworld.o(.text)
    init                                     0x000008fb   Thumb Code    58  helloworld.o(.text)
    main                                     0x00000935   Thumb Code    52  helloworld.o(.text)
    __2printf                                0x00000b11   Thumb Code    20  noretval__2printf.o(.text)
    _printf_int_dec                          0x00000b29   Thumb Code   102  _printf_dec.o(.text)
    __printf                                 0x00000ba1   Thumb Code   310  __printf_flags_wp.o(.text)
    _printf_int_common                       0x00000cdd   Thumb Code   184  _printf_intcommon.o(.text)
    __lib_sel_fp_printf                      0x00000d95   Thumb Code     2  _printf_fp_dec.o(.text)
    _printf_fp_dec_real                      0x00000f41   Thumb Code   628  _printf_fp_dec.o(.text)
    _printf_char_file                        0x000011b5   Thumb Code    32  _printf_char_file.o(.text)
    __rt_locale                              0x000011d9   Thumb Code    10  rt_locale_twolibspace.o(.text)
    _ll_udiv10                               0x000011e3   Thumb Code   138  lludiv10.o(.text)
    _printf_char_common                      0x00001277   Thumb Code    32  _printf_char_common.o(.text)
    _printf_fp_infnan                        0x0000129d   Thumb Code   112  _printf_fp_infnan.o(.text)
    _btod_etento                             0x0000131d   Thumb Code   222  bigflt0.o(.text)
    __user_setup_stackheap                   0x00001401   Thumb Code    74  sys_stackheap_outer.o(.text)
    strcmp                                   0x0000144d   Thumb Code   128  strcmpv7m.o(.text)
    _btod_d2e                                0x000014cd   Thumb Code    62  btod.o(CL$$btod_d2e)
    _d2e_denorm_low                          0x0000150b   Thumb Code    70  btod.o(CL$$btod_d2e_denorm_low)
    _d2e_norm_op1                            0x00001551   Thumb Code    96  btod.o(CL$$btod_d2e_norm_op1)
    __btod_div_common                        0x000015b1   Thumb Code   696  btod.o(CL$$btod_div_common)
    _e2e                                     0x000018e9   Thumb Code   198  btod.o(CL$$btod_e2e)
    _btod_ediv                               0x000019af   Thumb Code    40  btod.o(CL$$btod_ediv)
    _btod_emul                               0x000019d7   Thumb Code    40  btod.o(CL$$btod_emul)
    __btod_mult_common                       0x000019ff   Thumb Code   580  btod.o(CL$$btod_mult_common)
    SVC_Count                                0x00001c44   Data           4  SVC_Table.o(SVC_TABLE)
    SVC_Table                                0x00001c48   Data           0  SVC_Table.o(SVC_TABLE)
    __ARM_fpclassify                         0x00001c49   Thumb Code    40  fpclassify.o(i.__ARM_fpclassify)
    _init_box                                0x00001c71   Thumb Code    70  rt_membox.o(i._init_box)
    _is_digit                                0x00001cb7   Thumb Code    14  __printf_wp.o(i._is_digit)
    dbg_init                                 0x00001cc5   Thumb Code    34  hal_cm3.o(i.dbg_init)
    dbg_task_notify                          0x00001cf5   Thumb Code    32  hal_cm3.o(i.dbg_task_notify)
    dbg_task_switch                          0x00001d15   Thumb Code    16  hal_cm3.o(i.dbg_task_switch)
    os_tick_init                             0x00001d25   Thumb Code    32  rt_system.o(i.os_tick_init)
    os_tick_irqack                           0x00001d4d   Thumb Code     2  rt_system.o(i.os_tick_irqack)
    rt_alloc_box                             0x00001d4f   Thumb Code    26  rt_membox.o(i.rt_alloc_box)
    rt_block                                 0x00001d69   Thumb Code    48  rt_task.o(i.rt_block)
    rt_chk_robin                             0x00001da1   Thumb Code    60  rt_robin.o(i.rt_chk_robin)
    rt_dec_dly                               0x00001de9   Thumb Code   106  rt_list.o(i.rt_dec_dly)
    rt_dispatch                              0x00001e5d   Thumb Code    60  rt_task.o(i.rt_dispatch)
    rt_evt_psh                               0x00001ea1   Thumb Code    72  rt_event.o(i.rt_evt_psh)
    rt_free_box                              0x00001eed   Thumb Code    32  rt_membox.o(i.rt_free_box)
    rt_get_first                             0x00001f0d   Thumb Code    40  rt_list.o(i.rt_get_first)
    rt_init_robin                            0x00001f79   Thumb Code    14  rt_robin.o(i.rt_init_robin)
    rt_init_stack                            0x00001f91   Thumb Code    70  hal_cm3.o(i.rt_init_stack)
    rt_mbx_init                              0x00001fe1   Thumb Code    26  rt_mailbox.o(i.rt_mbx_init)
    rt_mbx_psh                               0x00001ffd   Thumb Code   188  rt_mailbox.o(i.rt_mbx_psh)
    rt_mbx_send                              0x000020bd   Thumb Code   154  rt_mailbox.o(i.rt_mbx_send)
    rt_mbx_wait                              0x0000215d   Thumb Code   178  rt_mailbox.o(i.rt_mbx_wait)
    rt_mut_init                              0x00002215   Thumb Code    16  rt_mutex.o(i.rt_mut_init)
    rt_mut_release                           0x00002225   Thumb Code   164  rt_mutex.o(i.rt_mut_release)
    rt_mut_wait                              0x000022d1   Thumb Code    96  rt_mutex.o(i.rt_mut_wait)
    rt_pop_req                               0x00002335   Thumb Code   106  rt_system.o(i.rt_pop_req)
    rt_put_dly                               0x000023ad   Thumb Code    68  rt_list.o(i.rt_put_dly)
    rt_put_prio                              0x000023f5   Thumb Code    54  rt_list.o(i.rt_put_prio)
    rt_put_rdy_first                         0x0000242d   Thumb Code    14  rt_list.o(i.rt_put_rdy_first)
    rt_resort_prio                           0x00002441   Thumb Code    46  rt_list.o(i.rt_resort_prio)
    rt_rmv_dly                               0x00002475   Thumb Code    40  rt_list.o(i.rt_rmv_dly)
    rt_rmv_list                              0x0000249d   Thumb Code    44  rt_list.o(i.rt_rmv_list)
    rt_sem_psh                               0x000024cd   Thumb Code    46  rt_semaphore.o(i.rt_sem_psh)
    rt_stk_check                             0x00002501   Thumb Code    28  rt_system.o(i.rt_stk_check)
    rt_switch_req                            0x00002525   Thumb Code    30  rt_task.o(i.rt_switch_req)
    rt_sys_init                              0x0000254d   Thumb Code   266  rt_task.o(i.rt_sys_init)
    rt_systick                               0x000026a5   Thumb Code    48  rt_system.o(i.rt_systick)
    rt_time_get                              0x000026e1   Thumb Code     6  rt_time.o(i.rt_time_get)
    rt_tmr_tick                              0x000026ed   Thumb Code    56  rt_timer.o(i.rt_tmr_tick)
    rt_tsk_create                            0x0000272d   Thumb Code   126  rt_task.o(i.rt_tsk_create)
    rt_tsk_delete                            0x000027c1   Thumb Code   162  rt_task.o(i.rt_tsk_delete)
    rt_tsk_self                              0x0000287d   Thumb Code    12  rt_task.o(i.rt_tsk_self)
    _get_lc_numeric                          0x0000288d   Thumb Code    44  lc_numeric_c.o(locale$$code)
    __fpl_dretinf                            0x000028b9   Thumb Code    12  dretinf.o(x$fpl$dretinf)
    __aeabi_f2d                              0x000028c5   Thumb Code     0  f2d.o(x$fpl$f2d)
    _f2d                                     0x000028c5   Thumb Code    86  f2d.o(x$fpl$f2d)
    __aeabi_fadd                             0x0000291d   Thumb Code     0  faddsub_clz.o(x$fpl$fadd)
    _fadd                                    0x0000291d   Thumb Code   196  faddsub_clz.o(x$fpl$fadd)
    __aeabi_fdiv                             0x000029e1   Thumb Code     0  fdiv.o(x$fpl$fdiv)
    _fdiv                                    0x000029e1   Thumb Code   384  fdiv.o(x$fpl$fdiv)
    __aeabi_ui2f                             0x00002b65   Thumb Code     0  fflt_clz.o(x$fpl$ffltu)
    _ffltu                                   0x00002b65   Thumb Code    38  fflt_clz.o(x$fpl$ffltu)
    __fpl_fnaninf                            0x00002b8b   Thumb Code   140  fnaninf.o(x$fpl$fnaninf)
    __fpl_fretinf                            0x00002c17   Thumb Code    10  fretinf.o(x$fpl$fretinf)
    __aeabi_fsub                             0x00002c21   Thumb Code     0  faddsub_clz.o(x$fpl$fsub)
    _fsub                                    0x00002c21   Thumb Code   234  faddsub_clz.o(x$fpl$fsub)
    _printf_fp_dec                           0x00002d0b   Thumb Code     4  printf1.o(x$fpl$printf1)
    __I$use$fp                               0x00002d0e   Number         0  usenofp.o(x$fpl$usenofp)
    os_maxtaskrun                            0x00002d10   Data           2  rtx_conf_cm.o(.constdata)
    os_stackinfo                             0x00002d14   Data           4  rtx_conf_cm.o(.constdata)
    os_rrobin                                0x00002d18   Data           4  rtx_conf_cm.o(.constdata)
    os_trv                                   0x00002d1c   Data           4  rtx_conf_cm.o(.constdata)
    os_flags                                 0x00002d20   Data           1  rtx_conf_cm.o(.constdata)
    os_clockrate                             0x00002d24   Data           4  rtx_conf_cm.o(.constdata)
    os_timernum                              0x00002d28   Data           4  rtx_conf_cm.o(.constdata)
    mp_tcb_size                              0x00002d2c   Data           2  rtx_conf_cm.o(.constdata)
    mp_stk_size                              0x00002d30   Data           4  rtx_conf_cm.o(.constdata)
    os_fifo_size                             0x00002d34   Data           1  rtx_conf_cm.o(.constdata)
    mp_tmr_size                              0x00002d36   Data           2  rtx_conf_cm.o(.constdata)
    Region$$Table$$Base                      0x00002de0   Number         0  anon$$obj.o(Region$$Table)
    Region$$Table$$Limit                     0x00002e00   Number         0  anon$$obj.o(Region$$Table)
    SystemFrequency                          0x10000000   Data           4  system_lpc17xx.o(.data)
    m_tmr                                    0x10000004   Data           4  rtx_conf_cm.o(.data)
    __stdout                                 0x1000000c   Data           4  retarget.o(.data)
    __stdin                                  0x10000010   Data           4  retarget.o(.data)
    g_tid                                    0x10000014   Data           4  helloworld.o(.data)
    cur_producer                             0x10000018   Data           4  helloworld.o(.data)
    cur_consumer                             0x1000001c   Data           4  helloworld.o(.data)
    task_creator_ctr                         0x10000020   Data           4  helloworld.o(.data)
    msg_counter_rec                          0x10000024   Data           4  helloworld.o(.data)
    msg_counter_send                         0x10000028   Data           4  helloworld.o(.data)
    producer_tskid                           0x1000002c   Data           4  helloworld.o(.data)
    consumer_tskid                           0x10000030   Data           4  helloworld.o(.data)
    time_a                                   0x10000034   Data           4  helloworld.o(.data)
    time_b                                   0x10000038   Data           4  helloworld.o(.data)
    time_c                                   0x1000003c   Data           4  helloworld.o(.data)
    os_tsk                                   0x10000040   Data           8  rt_task.o(.data)
    os_time                                  0x10000048   Data           4  rt_time.o(.data)
    dbg_msg                                  0x1000004c   Data           1  hal_cm3.o(.data)
    os_tick_irqn                             0x10000054   Data           4  rt_system.o(.data)
    os_robin                                 0x10000058   Data           8  rt_robin.o(.data)
    os_tmr                                   0x10000060   Data           8  rt_timer.o(.data)
    mp_tcb                                   0x10000068   Data         300  rtx_conf_cm.o(.bss)
    mp_stk                                   0x10000198   Data        7184  rtx_conf_cm.o(.bss)
    os_fifo                                  0x10001da8   Data         132  rtx_conf_cm.o(.bss)
    os_active_TCB                            0x10001e2c   Data          24  rtx_conf_cm.o(.bss)
    g_mut_uart                               0x100020e4   Data          12  helloworld.o(.bss)
    MsgBox                                   0x100020f0   Data        1296  helloworld.o(.bss)
    mpool                                    0x10002600   Data        1292  helloworld.o(.bss)
    os_idle_TCB                              0x10002b0c   Data          48  rt_task.o(.bss)
    os_rdy                                   0x10002b3c   Data          24  rt_list.o(.bss)
    os_dly                                   0x10002b54   Data          24  rt_list.o(.bss)
    __libspace_start                         0x10002b6c   Data          96  libspace.o(.bss)
    __temporary_stack_top$libspace           0x10002bcc   Data           0  libspace.o(.bss)



==============================================================================

Memory Map of the image

  Image Entry point : 0x000000cd

  Load Region LR_IROM1 (Base: 0x00000000, Size: 0x00002e84, Max: 0x00080000, ABSOLUTE)

    Execution Region ER_IROM1 (Base: 0x00000000, Size: 0x00002e1c, Max: 0x00080000, ABSOLUTE)

    Base Addr    Size         Type   Attr      Idx    E Section Name        Object

    0x00000000   0x000000cc   Data   RO            3    RESET               startup_lpc17xx.o
    0x000000cc   0x00000008   Code   RO          779  * !!!main             c_w.l(__main.o)
    0x000000d4   0x00000034   Code   RO         1008    !!!scatter          c_w.l(__scatter.o)
    0x00000108   0x0000001a   Code   RO         1010    !!handler_copy      c_w.l(__scatter_copy.o)
    0x00000122   0x00000002   PAD
    0x00000124   0x0000001c   Code   RO         1012    !!handler_zi        c_w.l(__scatter_zi.o)
    0x00000140   0x00000000   Code   RO          774    .ARM.Collect$$_printf_percent$$00000000  c_w.l(_printf_percent.o)
    0x00000140   0x00000006   Code   RO          773    .ARM.Collect$$_printf_percent$$00000003  c_w.l(_printf_f.o)
    0x00000146   0x00000006   Code   RO          771    .ARM.Collect$$_printf_percent$$00000009  c_w.l(_printf_d.o)
    0x0000014c   0x00000006   Code   RO          772    .ARM.Collect$$_printf_percent$$0000000A  c_w.l(_printf_u.o)
    0x00000152   0x00000004   Code   RO          810    .ARM.Collect$$_printf_percent$$00000017  c_w.l(_printf_percent_end.o)
    0x00000156   0x00000002   Code   RO          901    .ARM.Collect$$libinit$$00000000  c_w.l(libinit.o)
    0x00000158   0x00000000   Code   RO          903    .ARM.Collect$$libinit$$00000002  c_w.l(libinit2.o)
    0x00000158   0x00000000   Code   RO          906    .ARM.Collect$$libinit$$00000008  c_w.l(libinit2.o)
    0x00000158   0x00000000   Code   RO          908    .ARM.Collect$$libinit$$0000000A  c_w.l(libinit2.o)
    0x00000158   0x00000000   Code   RO          910    .ARM.Collect$$libinit$$0000000C  c_w.l(libinit2.o)
    0x00000158   0x00000006   Code   RO          911    .ARM.Collect$$libinit$$0000000D  c_w.l(libinit2.o)
    0x0000015e   0x00000000   Code   RO          913    .ARM.Collect$$libinit$$0000000F  c_w.l(libinit2.o)
    0x0000015e   0x00000000   Code   RO          915    .ARM.Collect$$libinit$$00000011  c_w.l(libinit2.o)
    0x0000015e   0x00000000   Code   RO          917    .ARM.Collect$$libinit$$00000013  c_w.l(libinit2.o)
    0x0000015e   0x0000000a   Code   RO          918    .ARM.Collect$$libinit$$00000014  c_w.l(libinit2.o)
    0x00000168   0x00000000   Code   RO          919    .ARM.Collect$$libinit$$00000015  c_w.l(libinit2.o)
    0x00000168   0x00000000   Code   RO          921    .ARM.Collect$$libinit$$00000017  c_w.l(libinit2.o)
    0x00000168   0x00000000   Code   RO          923    .ARM.Collect$$libinit$$00000019  c_w.l(libinit2.o)
    0x00000168   0x00000000   Code   RO          925    .ARM.Collect$$libinit$$0000001B  c_w.l(libinit2.o)
    0x00000168   0x00000000   Code   RO          927    .ARM.Collect$$libinit$$0000001D  c_w.l(libinit2.o)
    0x00000168   0x00000000   Code   RO          929    .ARM.Collect$$libinit$$0000001F  c_w.l(libinit2.o)
    0x00000168   0x00000000   Code   RO          931    .ARM.Collect$$libinit$$00000021  c_w.l(libinit2.o)
    0x00000168   0x00000000   Code   RO          933    .ARM.Collect$$libinit$$00000023  c_w.l(libinit2.o)
    0x00000168   0x00000000   Code   RO          937    .ARM.Collect$$libinit$$0000002A  c_w.l(libinit2.o)
    0x00000168   0x00000000   Code   RO          939    .ARM.Collect$$libinit$$0000002C  c_w.l(libinit2.o)
    0x00000168   0x00000000   Code   RO          941    .ARM.Collect$$libinit$$0000002E  c_w.l(libinit2.o)
    0x00000168   0x00000000   Code   RO          943    .ARM.Collect$$libinit$$00000030  c_w.l(libinit2.o)
    0x00000168   0x00000002   Code   RO          944    .ARM.Collect$$libinit$$00000031  c_w.l(libinit2.o)
    0x0000016a   0x00000002   Code   RO          945    .ARM.Collect$$libshutdown$$00000000  c_w.l(libshutdown.o)
    0x0000016c   0x00000000   Code   RO          950    .ARM.Collect$$libshutdown$$00000003  c_w.l(libshutdown2.o)
    0x0000016c   0x00000000   Code   RO          953    .ARM.Collect$$libshutdown$$00000006  c_w.l(libshutdown2.o)
    0x0000016c   0x00000000   Code   RO          956    .ARM.Collect$$libshutdown$$00000009  c_w.l(libshutdown2.o)
    0x0000016c   0x00000000   Code   RO          958    .ARM.Collect$$libshutdown$$0000000B  c_w.l(libshutdown2.o)
    0x0000016c   0x00000000   Code   RO          961    .ARM.Collect$$libshutdown$$0000000E  c_w.l(libshutdown2.o)
    0x0000016c   0x00000002   Code   RO          962    .ARM.Collect$$libshutdown$$0000000F  c_w.l(libshutdown2.o)
    0x0000016e   0x00000000   Code   RO          801    .ARM.Collect$$rtentry$$00000000  c_w.l(rtentry.o)
    0x0000016e   0x00000000   Code   RO          819    .ARM.Collect$$rtentry$$00000002  c_w.l(rtentry2.o)
    0x0000016e   0x00000006   Code   RO          831    .ARM.Collect$$rtentry$$00000004  c_w.l(rtentry4.o)
    0x00000174   0x00000000   Code   RO          821    .ARM.Collect$$rtentry$$00000009  c_w.l(rtentry2.o)
    0x00000174   0x00000004   Code   RO          822    .ARM.Collect$$rtentry$$0000000A  c_w.l(rtentry2.o)
    0x00000178   0x00000000   Code   RO          824    .ARM.Collect$$rtentry$$0000000C  c_w.l(rtentry2.o)
    0x00000178   0x00000008   Code   RO          825    .ARM.Collect$$rtentry$$0000000D  c_w.l(rtentry2.o)
    0x00000180   0x00000002   Code   RO          802    .ARM.Collect$$rtexit$$00000000  c_w.l(rtexit.o)
    0x00000182   0x00000000   Code   RO          834    .ARM.Collect$$rtexit$$00000002  c_w.l(rtexit2.o)
    0x00000182   0x00000004   Code   RO          835    .ARM.Collect$$rtexit$$00000003  c_w.l(rtexit2.o)
    0x00000186   0x00000006   Code   RO          836    .ARM.Collect$$rtexit$$00000004  c_w.l(rtexit2.o)
    0x0000018c   0x00000154   Code   RO          403    .emb_text           RTX_CM3.LIB(hal_cm3.o)
    0x000002e0   0x00000008   Code   RO          738    .text               c_w.l(libspace.o)
    0x000002e8   0x00000002   Code   RO          741    .text               c_w.l(use_no_semi.o)
    0x000002ea   0x0000000c   Code   RO          775    .text               c_w.l(exit.o)
    0x000002f6   0x00000006   Code   RO          777    .text               c_w.l(heapauxi.o)
    0x000002fc   0x00000004   Code   RO            4    .ARM.__at_0x02FC    startup_lpc17xx.o
    0x00000300   0x00000034   Code   RO            5    .text               startup_lpc17xx.o
    0x00000334   0x0000021c   Code   RO           15    .text               system_lpc17xx.o
    0x00000550   0x000000dc   Code   RO           59    .text               uart_polling.o
    0x0000062c   0x00000094   Code   RO           80    .text               rtx_conf_cm.o
    0x000006c0   0x00000056   Code   RO          104    .text               retarget.o
    0x00000716   0x00000002   PAD
    0x00000718   0x000003f8   Code   RO          128    .text               helloworld.o
    0x00000b10   0x00000018   Code   RO          745    .text               c_w.l(noretval__2printf.o)
    0x00000b28   0x00000078   Code   RO          749    .text               c_w.l(_printf_dec.o)
    0x00000ba0   0x0000013c   Code   RO          763    .text               c_w.l(__printf_flags_wp.o)
    0x00000cdc   0x000000b8   Code   RO          804    .text               c_w.l(_printf_intcommon.o)
    0x00000d94   0x00000420   Code   RO          806    .text               c_w.l(_printf_fp_dec.o)
    0x000011b4   0x00000024   Code   RO          808    .text               c_w.l(_printf_char_file.o)
    0x000011d8   0x0000000a   Code   RO          845    .text               c_w.l(rt_locale_twolibspace.o)
    0x000011e2   0x0000008a   Code   RO          847    .text               c_w.l(lludiv10.o)
    0x0000126c   0x00000030   Code   RO          849    .text               c_w.l(_printf_char_common.o)
    0x0000129c   0x00000080   Code   RO          851    .text               c_w.l(_printf_fp_infnan.o)
    0x0000131c   0x000000e4   Code   RO          853    .text               c_w.l(bigflt0.o)
    0x00001400   0x0000004a   Code   RO          888    .text               c_w.l(sys_stackheap_outer.o)
    0x0000144a   0x00000002   PAD
    0x0000144c   0x00000080   Code   RO          892    .text               c_w.l(strcmpv7m.o)
    0x000014cc   0x0000003e   Code   RO          856    CL$$btod_d2e        c_w.l(btod.o)
    0x0000150a   0x00000046   Code   RO          858    CL$$btod_d2e_denorm_low  c_w.l(btod.o)
    0x00001550   0x00000060   Code   RO          857    CL$$btod_d2e_norm_op1  c_w.l(btod.o)
    0x000015b0   0x00000338   Code   RO          866    CL$$btod_div_common  c_w.l(btod.o)
    0x000018e8   0x000000c6   Code   RO          863    CL$$btod_e2e        c_w.l(btod.o)
    0x000019ae   0x00000028   Code   RO          860    CL$$btod_ediv       c_w.l(btod.o)
    0x000019d6   0x00000028   Code   RO          859    CL$$btod_emul       c_w.l(btod.o)
    0x000019fe   0x00000244   Code   RO          865    CL$$btod_mult_common  c_w.l(btod.o)
    0x00001c42   0x00000002   PAD
    0x00001c44   0x00000004   Code   RO          628    SVC_TABLE           RTX_CM3.LIB(SVC_Table.o)
    0x00001c48   0x00000028   Code   RO          886    i.__ARM_fpclassify  m_ws.l(fpclassify.o)
    0x00001c70   0x00000046   Code   RO          374    i._init_box         RTX_CM3.LIB(rt_membox.o)
    0x00001cb6   0x0000000e   Code   RO          761    i._is_digit         c_w.l(__printf_wp.o)
    0x00001cc4   0x00000030   Code   RO          404    i.dbg_init          RTX_CM3.LIB(hal_cm3.o)
    0x00001cf4   0x00000020   Code   RO          405    i.dbg_task_notify   RTX_CM3.LIB(hal_cm3.o)
    0x00001d14   0x00000010   Code   RO          406    i.dbg_task_switch   RTX_CM3.LIB(hal_cm3.o)
    0x00001d24   0x00000028   Code   RO          445    i.os_tick_init      RTX_CM3.LIB(rt_system.o)
    0x00001d4c   0x00000002   Code   RO          446    i.os_tick_irqack    RTX_CM3.LIB(rt_system.o)
    0x00001d4e   0x0000001a   Code   RO          375    i.rt_alloc_box      RTX_CM3.LIB(rt_membox.o)
    0x00001d68   0x00000038   Code   RO          161    i.rt_block          RTX_CM3.LIB(rt_task.o)
    0x00001da0   0x00000048   Code   RO          607    i.rt_chk_robin      RTX_CM3.LIB(rt_robin.o)
    0x00001de8   0x00000074   Code   RO          528    i.rt_dec_dly        RTX_CM3.LIB(rt_list.o)
    0x00001e5c   0x00000044   Code   RO          162    i.rt_dispatch       RTX_CM3.LIB(rt_task.o)
    0x00001ea0   0x0000004c   Code   RO          634    i.rt_evt_psh        RTX_CM3.LIB(rt_event.o)
    0x00001eec   0x00000020   Code   RO          376    i.rt_free_box       RTX_CM3.LIB(rt_membox.o)
    0x00001f0c   0x00000028   Code   RO          529    i.rt_get_first      RTX_CM3.LIB(rt_list.o)
    0x00001f34   0x00000044   Code   RO          163    i.rt_init_context   RTX_CM3.LIB(rt_task.o)
    0x00001f78   0x00000018   Code   RO          608    i.rt_init_robin     RTX_CM3.LIB(rt_robin.o)
    0x00001f90   0x00000050   Code   RO          407    i.rt_init_stack     RTX_CM3.LIB(hal_cm3.o)
    0x00001fe0   0x0000001a   Code   RO          263    i.rt_mbx_init       RTX_CM3.LIB(rt_mailbox.o)
    0x00001ffa   0x00000002   PAD
    0x00001ffc   0x000000c0   Code   RO          264    i.rt_mbx_psh        RTX_CM3.LIB(rt_mailbox.o)
    0x000020bc   0x000000a0   Code   RO          265    i.rt_mbx_send       RTX_CM3.LIB(rt_mailbox.o)
    0x0000215c   0x000000b8   Code   RO          266    i.rt_mbx_wait       RTX_CM3.LIB(rt_mailbox.o)
    0x00002214   0x00000010   Code   RO          349    i.rt_mut_init       RTX_CM3.LIB(rt_mutex.o)
    0x00002224   0x000000ac   Code   RO          350    i.rt_mut_release    RTX_CM3.LIB(rt_mutex.o)
    0x000022d0   0x00000064   Code   RO          351    i.rt_mut_wait       RTX_CM3.LIB(rt_mutex.o)
    0x00002334   0x00000078   Code   RO          447    i.rt_pop_req        RTX_CM3.LIB(rt_system.o)
    0x000023ac   0x00000048   Code   RO          532    i.rt_put_dly        RTX_CM3.LIB(rt_list.o)
    0x000023f4   0x00000036   Code   RO          533    i.rt_put_prio       RTX_CM3.LIB(rt_list.o)
    0x0000242a   0x00000002   PAD
    0x0000242c   0x00000014   Code   RO          534    i.rt_put_rdy_first  RTX_CM3.LIB(rt_list.o)
    0x00002440   0x00000034   Code   RO          535    i.rt_resort_prio    RTX_CM3.LIB(rt_list.o)
    0x00002474   0x00000028   Code   RO          536    i.rt_rmv_dly        RTX_CM3.LIB(rt_list.o)
    0x0000249c   0x00000030   Code   RO          537    i.rt_rmv_list       RTX_CM3.LIB(rt_list.o)
    0x000024cc   0x00000034   Code   RO          675    i.rt_sem_psh        RTX_CM3.LIB(rt_semaphore.o)
    0x00002500   0x00000024   Code   RO          450    i.rt_stk_check      RTX_CM3.LIB(rt_system.o)
    0x00002524   0x00000028   Code   RO          164    i.rt_switch_req     RTX_CM3.LIB(rt_task.o)
    0x0000254c   0x00000158   Code   RO          165    i.rt_sys_init       RTX_CM3.LIB(rt_task.o)
    0x000026a4   0x0000003c   Code   RO          452    i.rt_systick        RTX_CM3.LIB(rt_system.o)
    0x000026e0   0x0000000c   Code   RO          319    i.rt_time_get       RTX_CM3.LIB(rt_time.o)
    0x000026ec   0x00000040   Code   RO          711    i.rt_tmr_tick       RTX_CM3.LIB(rt_timer.o)
    0x0000272c   0x00000094   Code   RO          166    i.rt_tsk_create     RTX_CM3.LIB(rt_task.o)
    0x000027c0   0x000000bc   Code   RO          167    i.rt_tsk_delete     RTX_CM3.LIB(rt_task.o)
    0x0000287c   0x00000010   Code   RO          170    i.rt_tsk_self       RTX_CM3.LIB(rt_task.o)
    0x0000288c   0x0000002c   Code   RO          879    locale$$code        c_w.l(lc_numeric_c.o)
    0x000028b8   0x0000000c   Code   RO          811    x$fpl$dretinf       fz_ws.l(dretinf.o)
    0x000028c4   0x00000056   Code   RO          781    x$fpl$f2d           fz_ws.l(f2d.o)
    0x0000291a   0x00000002   PAD
    0x0000291c   0x000000c4   Code   RO          783    x$fpl$fadd          fz_ws.l(faddsub_clz.o)
    0x000029e0   0x00000184   Code   RO          790    x$fpl$fdiv          fz_ws.l(fdiv.o)
    0x00002b64   0x00000026   Code   RO          793    x$fpl$ffltu         fz_ws.l(fflt_clz.o)
    0x00002b8a   0x0000008c   Code   RO          813    x$fpl$fnaninf       fz_ws.l(fnaninf.o)
    0x00002c16   0x0000000a   Code   RO          815    x$fpl$fretinf       fz_ws.l(fretinf.o)
    0x00002c20   0x000000ea   Code   RO          785    x$fpl$fsub          fz_ws.l(faddsub_clz.o)
    0x00002d0a   0x00000004   Code   RO          799    x$fpl$printf1       fz_ws.l(printf1.o)
    0x00002d0e   0x00000000   Code   RO          817    x$fpl$usenofp       fz_ws.l(usenofp.o)
    0x00002d0e   0x00000002   PAD
    0x00002d10   0x00000028   Data   RO           82    .constdata          rtx_conf_cm.o
    0x00002d38   0x00000011   Data   RO          764    .constdata          c_w.l(__printf_flags_wp.o)
    0x00002d49   0x00000003   PAD
    0x00002d4c   0x00000094   Data   RO          854    .constdata          c_w.l(bigflt0.o)
    0x00002de0   0x00000020   Data   RO         1006    Region$$Table       anon$$obj.o
    0x00002e00   0x0000001c   Data   RO          878    locale$$data        c_w.l(lc_numeric_c.o)


    Execution Region RW_IRAM1 (Base: 0x10000000, Size: 0x00002dd0, Max: 0x00008000, ABSOLUTE)

    Base Addr    Size         Type   Attr      Idx    E Section Name        Object

    0x10000000   0x00000004   Data   RW           16    .data               system_lpc17xx.o
    0x10000004   0x00000008   Data   RW           83    .data               rtx_conf_cm.o
    0x1000000c   0x00000008   Data   RW          105    .data               retarget.o
    0x10000014   0x0000002c   Data   RW          131    .data               helloworld.o
    0x10000040   0x00000008   Data   RW          172    .data               RTX_CM3.LIB(rt_task.o)
    0x10000048   0x00000004   Data   RW          320    .data               RTX_CM3.LIB(rt_time.o)
    0x1000004c   0x00000001   Data   RW          408    .data               RTX_CM3.LIB(hal_cm3.o)
    0x1000004d   0x00000003   PAD
    0x10000050   0x00000008   Data   RW          455    .data               RTX_CM3.LIB(rt_system.o)
    0x10000058   0x00000008   Data   RW          609    .data               RTX_CM3.LIB(rt_robin.o)
    0x10000060   0x00000008   Data   RW          712    .data               RTX_CM3.LIB(rt_timer.o)
    0x10000068   0x0000207c   Zero   RW           81    .bss                rtx_conf_cm.o
    0x100020e4   0x00000a28   Zero   RW          129    .bss                helloworld.o
    0x10002b0c   0x00000030   Zero   RW          171    .bss                RTX_CM3.LIB(rt_task.o)
    0x10002b3c   0x00000030   Zero   RW          538    .bss                RTX_CM3.LIB(rt_list.o)
    0x10002b6c   0x00000060   Zero   RW          739    .bss                c_w.l(libspace.o)
    0x10002bcc   0x00000004   PAD
    0x10002bd0   0x00000000   Zero   RW            2    HEAP                startup_lpc17xx.o
    0x10002bd0   0x00000200   Zero   RW            1    STACK               startup_lpc17xx.o


==============================================================================

Image component sizes


      Code (inc. data)   RO Data    RW Data    ZI Data      Debug   Object Name

      1016        424          0         44       2600       2283   helloworld.o
        86          0          0          8          0       3082   retarget.o
       148         26         40          8       8316       9601   rtx_conf_cm.o
        56         22        204          0        512        924   startup_lpc17xx.o
       540         64          0          4          0      21591   system_lpc17xx.o
       220         14          0          0          0       1728   uart_polling.o

    ----------------------------------------------------------------------
      2068        550        276         64      11428      39209   Object Totals
         0          0         32          0          0          0   (incl. Generated)
         2          0          0          0          0          0   (incl. Padding)

    ----------------------------------------------------------------------

      Code (inc. data)   RO Data    RW Data    ZI Data      Debug   Library Member Name

         4          4          0          0          0        136   SVC_Table.o
       516         56          0          1          0       2465   hal_cm3.o
        76          4          0          0          0        541   rt_event.o
       442         30          0          0         48       3794   rt_list.o
       562         16          0          0          0       2431   rt_mailbox.o
       128          0          0          0          0       1489   rt_membox.o
       288         12          0          0          0       1601   rt_mutex.o
        96         22          0          8          0        962   rt_robin.o
        52          6          0          0          0        453   rt_semaphore.o
       258         42          0          8          0       2962   rt_system.o
       928        160          0          8         48       6656   rt_task.o
        12          6          0          4          0        512   rt_time.o
        64          8          0          8          0        583   rt_timer.o
         8          0          0          0          0         68   __main.o
       316          6         17          0          0         92   __printf_flags_wp.o
        14          0          0          0          0         68   __printf_wp.o
        52          8          0          0          0          0   __scatter.o
        26          0          0          0          0          0   __scatter_copy.o
        28          0          0          0          0          0   __scatter_zi.o
        48          6          0          0          0         96   _printf_char_common.o
        36          4          0          0          0         80   _printf_char_file.o
         6          0          0          0          0          0   _printf_d.o
       120         18          0          0          0         92   _printf_dec.o
         6          0          0          0          0          0   _printf_f.o
      1056          0          0          0          0        212   _printf_fp_dec.o
       128         16          0          0          0         84   _printf_fp_infnan.o
       184          0          0          0          0         88   _printf_intcommon.o
         0          0          0          0          0          0   _printf_percent.o
         4          0          0          0          0          0   _printf_percent_end.o
         6          0          0          0          0          0   _printf_u.o
       228          6        148          0          0         96   bigflt0.o
      1910        128          0          0          0        672   btod.o
        12          0          0          0          0         72   exit.o
         6          0          0          0          0        152   heapauxi.o
        44         10         28          0          0         76   lc_numeric_c.o
         2          0          0          0          0          0   libinit.o
        18          0          0          0          0          0   libinit2.o
         2          0          0          0          0          0   libshutdown.o
         2          0          0          0          0          0   libshutdown2.o
         8          4          0          0         96         68   libspace.o
       138          0          0          0          0         80   lludiv10.o
        24          4          0          0          0         84   noretval__2printf.o
        10          0          0          0          0         76   rt_locale_twolibspace.o
         0          0          0          0          0          0   rtentry.o
        12          0          0          0          0          0   rtentry2.o
         6          0          0          0          0          0   rtentry4.o
         2          0          0          0          0          0   rtexit.o
        10          0          0          0          0          0   rtexit2.o
       128          0          0          0          0         68   strcmpv7m.o
        74          0          0          0          0         80   sys_stackheap_outer.o
         2          0          0          0          0         68   use_no_semi.o
        12          0          0          0          0         68   dretinf.o
        86          4          0          0          0         84   f2d.o
       430          8          0          0          0        168   faddsub_clz.o
       388         76          0          0          0         96   fdiv.o
        38          0          0          0          0         68   fflt_clz.o
       140          4          0          0          0         84   fnaninf.o
        10          0          0          0          0         68   fretinf.o
         4          0          0          0          0         68   printf1.o
         0          0          0          0          0          0   usenofp.o
        40          0          0          0          0         68   fpclassify.o

    ----------------------------------------------------------------------
      9264        668        196         40        196      27829   Library Totals
        14          0          3          3          4          0   (incl. Padding)

    ----------------------------------------------------------------------

      Code (inc. data)   RO Data    RW Data    ZI Data      Debug   Library Name

      3426        366          0         37         96      24585   RTX_CM3.LIB
      4676        210        193          0         96       2472   c_w.l
      1108         92          0          0          0        704   fz_ws.l
        40          0          0          0          0         68   m_ws.l

    ----------------------------------------------------------------------
      9264        668        196         40        196      27829   Library Totals

    ----------------------------------------------------------------------

==============================================================================


      Code (inc. data)   RO Data    RW Data    ZI Data      Debug   

     11332       1218        472        104      11624      62774   Grand Totals
     11332       1218        472        104      11624      62774   ELF Image Totals
     11332       1218        472        104          0          0   ROM Totals

==============================================================================

    Total RO  Size (Code + RO Data)                11804 (  11.53kB)
    Total RW  Size (RW Data + ZI Data)             11728 (  11.45kB)
    Total ROM Size (Code + RO Data + RW Data)      11908 (  11.63kB)

==============================================================================

