ARM Linker, 5.02 [Build 28] [MDK-ARM Lite]

==============================================================================

Section Cross References

    mailbox.o(.text) refers to _printf_percent.o(.ARM.Collect$$_printf_percent$$00000000) for _printf_percent
    mailbox.o(.text) refers to _printf_d.o(.ARM.Collect$$_printf_percent$$00000009) for _printf_d
    mailbox.o(.text) refers to _printf_dec.o(.text) for _printf_int_dec
    mailbox.o(.text) refers to rt_mailbox.o(i.os_mbx_wait) for os_mbx_wait
    mailbox.o(.text) refers to noretval__2printf.o(.text) for __2printf
    mailbox.o(.text) refers to rt_task.o(i.os_tsk_self) for os_tsk_self
    mailbox.o(.text) refers to rt_time.o(i.os_time_get) for os_time_get
    mailbox.o(.text) refers to rt_task.o(i.os_tsk_create0) for os_tsk_create0
    mailbox.o(.text) refers to rt_mailbox.o(i.os_mbx_init) for os_mbx_init
    mailbox.o(.text) refers to rt_time.o(i.os_dly_wait) for os_dly_wait
    mailbox.o(.text) refers to rand.o(.emb_text) for rand
    mailbox.o(.text) refers to aeabi_sdiv.o(.text) for __aeabi_idivmod
    mailbox.o(.text) refers to rt_mailbox.o(i.os_mbx_send) for os_mbx_send
    mailbox.o(.text) refers to rt_task.o(i.os_tsk_delete) for os_tsk_delete
    mailbox.o(.text) refers to rt_membox.o(i._init_box) for _init_box
    mailbox.o(.text) refers to hal_arm.o(.emb_text) for os_sys_init0
    mailbox.o(.text) refers to mailbox.o(.data) for .data
    mailbox.o(.text) refers to mailbox.o(.bss) for .bss
    rtx_config.o(.text) refers to rt_task.o(i.os_tsk_self) for os_tsk_self
    rtx_config.o(.text) refers to rt_mutex.o(i.os_mut_init) for os_mut_init
    rtx_config.o(.text) refers to rt_mutex.o(i.os_mut_wait) for os_mut_wait
    rtx_config.o(.text) refers to rt_mutex.o(i.os_mut_release) for os_mut_release
    rtx_config.o(.text) refers to rtx_config.o(.text) for os_def_interrupt
    rtx_config.o(.text) refers to hal_arm.o(.emb_text) for os_clock_interrupt
    rtx_config.o(.text) refers to rtx_config.o(.bss) for .bss
    rtx_config.o(.text) refers to libspace.o(.bss) for __libspace_start
    rtx_config.o(.text) refers to rtx_config.o(.data) for .data
    startup.o(STACK) refers (Special) to heapauxi.o(.text) for __use_two_region_memory
    startup.o(HEAP) refers (Special) to heapauxi.o(.text) for __use_two_region_memory
    startup.o(RESET) refers (Special) to heapauxi.o(.text) for __use_two_region_memory
    startup.o(RESET) refers to hal_arm.o(.emb_text) for SWI_Handler
    startup.o(RESET) refers to startup.o(STACK) for Stack_Top
    startup.o(RESET) refers to __main.o(!!!main) for __main
    startup.o(.text) refers (Special) to heapauxi.o(.text) for __use_two_region_memory
    startup.o(.text) refers to startup.o(HEAP) for Heap_Mem
    startup.o(.text) refers to startup.o(STACK) for Stack_Mem
    rt_task.o(i.os_block) refers to rt_list.o(i.os_put_dly) for os_put_dly
    rt_task.o(i.os_block) refers to rt_list.o(i.os_get_first) for os_get_first
    rt_task.o(i.os_block) refers to rt_task.o(.data) for .data
    rt_task.o(i.os_block) refers to rt_list.o(.bss) for os_rdy
    rt_task.o(i.os_dispatch) refers to rt_list.o(i.os_put_rdy_first) for os_put_rdy_first
    rt_task.o(i.os_dispatch) refers to rt_list.o(i.os_get_first) for os_get_first
    rt_task.o(i.os_dispatch) refers to rt_list.o(i.os_put_prio) for os_put_prio
    rt_task.o(i.os_dispatch) refers to rt_task.o(.data) for .data
    rt_task.o(i.os_dispatch) refers to rt_list.o(.bss) for os_rdy
    rt_task.o(i.os_init_context) refers to hal_arm.o(i.os_init_stack) for os_init_stack
    rt_task.o(i.os_init_context) refers to rtx_config.o(.bss) for mp_stk
    rt_task.o(i.os_sys_init1) refers to rt_membox.o(i._init_box) for _init_box
    rt_task.o(i.os_sys_init1) refers to rt_task.o(i.os_init_context) for os_init_context
    rt_task.o(i.os_sys_init1) refers to hal_arm.o(.emb_text) for os_set_env
    rt_task.o(i.os_sys_init1) refers to rtx_config.o(.text) for os_tmr_init
    rt_task.o(i.os_sys_init1) refers to rt_robin.o(i.os_init_robin) for os_init_robin
    rt_task.o(i.os_sys_init1) refers to rtx_config.o(.text) for os_idle_demon
    rt_task.o(i.os_sys_init1) refers to rtx_config.o(.bss) for os_active_TCB
    rt_task.o(i.os_sys_init1) refers to rtx_config.o(.constdata) for os_maxtaskrun
    rt_task.o(i.os_sys_init1) refers to rtx_config.o(.constdata) for mp_tcb_size
    rt_task.o(i.os_sys_init1) refers to rtx_config.o(.bss) for mp_tcb
    rt_task.o(i.os_sys_init1) refers to rtx_config.o(.constdata) for os_stackinfo
    rt_task.o(i.os_sys_init1) refers to rtx_config.o(.constdata) for mp_stk_size
    rt_task.o(i.os_sys_init1) refers to rtx_config.o(.bss) for mp_stk
    rt_task.o(i.os_sys_init1) refers to rtx_config.o(.constdata) for mp_tmr_size
    rt_task.o(i.os_sys_init1) refers to rtx_config.o(.data) for m_tmr
    rt_task.o(i.os_sys_init1) refers to rt_task.o(.bss) for .bss
[...]
    ../clib/heap1.c                          0x00000000   Number         0  h1_free.o ABSOLUTE
    ../clib/heap1.c                          0x00000000   Number         0  h1_free_mt.o ABSOLUTE
    ../clib/heap1.c                          0x00000000   Number         0  h1_extend_mt.o ABSOLUTE
    ../clib/heap1.c                          0x00000000   Number         0  h1_init_mt.o ABSOLUTE
    ../clib/heap1.c                          0x00000000   Number         0  h1_extend.o ABSOLUTE
    ../clib/heap1.c                          0x00000000   Number         0  h1_final.o ABSOLUTE
    ../clib/heap1.c                          0x00000000   Number         0  h1_init.o ABSOLUTE
    ../clib/heap2.c                          0x00000000   Number         0  heap2.o ABSOLUTE
    ../clib/heap2.c                          0x00000000   Number         0  heap2mt.o ABSOLUTE
    ../clib/heap2.c                          0x00000000   Number         0  fdtree.o ABSOLUTE
    ../clib/heapalloc.c                      0x00000000   Number         0  maybetermalloc1.o ABSOLUTE
    ../clib/heapalloc.c                      0x00000000   Number         0  maybetermalloc2.o ABSOLUTE
    ../clib/heapalloc.c                      0x00000000   Number         0  maybetermalloc2.o ABSOLUTE
    ../clib/heapalloc.c                      0x00000000   Number         0  maybetermalloc1.o ABSOLUTE
    ../clib/heapalloc.c                      0x00000000   Number         0  hguard.o ABSOLUTE
    ../clib/heapalloc.c                      0x00000000   Number         0  hrguard.o ABSOLUTE
    ../clib/heapalloc.c                      0x00000000   Number         0  term_alloc.o ABSOLUTE
    ../clib/heapalloc.c                      0x00000000   Number         0  free.o ABSOLUTE
    ../clib/heapalloc.c                      0x00000000   Number         0  init_alloc.o ABSOLUTE
    ../clib/heapalloc.c                      0x00000000   Number         0  malloc.o ABSOLUTE
    ../clib/heapalloc.c                      0x00000000   Number         0  heapstubs.o ABSOLUTE
    ../clib/heapaux.c                        0x00000000   Number         0  heapauxa.o ABSOLUTE
    ../clib/heapaux.c                        0x00000000   Number         0  heapauxi.o ABSOLUTE
    ../clib/libinit.s                        0x00000000   Number         0  libinit.o ABSOLUTE
    ../clib/libinit.s                        0x00000000   Number         0  libshutdown2.o ABSOLUTE
    ../clib/libinit.s                        0x00000000   Number         0  libinit2.o ABSOLUTE
    ../clib/libinit.s                        0x00000000   Number         0  libshutdown.o ABSOLUTE
    ../clib/memcpset.s                       0x00000000   Number         0  rt_memcpy_w.o ABSOLUTE
    ../clib/memcpset.s                       0x00000000   Number         0  rt_memclr_w.o ABSOLUTE
    ../clib/printf.c                         0x00000000   Number         0  __printf_flags_ss.o ABSOLUTE
    ../clib/printf.c                         0x00000000   Number         0  __printf_wp.o ABSOLUTE
    ../clib/printf.c                         0x00000000   Number         0  _printf_char_common.o ABSOLUTE
    ../clib/printf.c                         0x00000000   Number         0  __printf_flags_wp.o ABSOLUTE
    ../clib/printf.c                         0x00000000   Number         0  __printf_ss_wp.o ABSOLUTE
    ../clib/printf.c                         0x00000000   Number         0  __printf_flags_ss_wp.o ABSOLUTE
    ../clib/printf.c                         0x00000000   Number         0  __printf_nopercent.o ABSOLUTE
    ../clib/printf.c                         0x00000000   Number         0  _printf_intcommon.o ABSOLUTE
    ../clib/printf.c                         0x00000000   Number         0  _printf_char_file.o ABSOLUTE
    ../clib/printf.c                         0x00000000   Number         0  __printf_flags.o ABSOLUTE
    ../clib/printf.c                         0x00000000   Number         0  __2printf.o ABSOLUTE
    ../clib/printf.c                         0x00000000   Number         0  noretval__2printf.o ABSOLUTE
    ../clib/printf.c                         0x00000000   Number         0  __printf.o ABSOLUTE
    ../clib/printf.c                         0x00000000   Number         0  _printf_dec.o ABSOLUTE
    ../clib/printf.c                         0x00000000   Number         0  __printf_ss.o ABSOLUTE
    ../clib/printf_percent.s                 0x00000000   Number         0  _printf_percent.o ABSOLUTE
    ../clib/printf_percent.s                 0x00000000   Number         0  _printf_percent_end.o ABSOLUTE
    ../clib/printf_percent.s                 0x00000000   Number         0  _printf_d.o ABSOLUTE
    ../clib/signal.c                         0x00000000   Number         0  defsig_rtred_formal.o ABSOLUTE
    ../clib/signal.c                         0x00000000   Number         0  defsig_fpe_formal.o ABSOLUTE
    ../clib/signal.c                         0x00000000   Number         0  defsig_fpe_outer.o ABSOLUTE
    ../clib/signal.c                         0x00000000   Number         0  defsig_general.o ABSOLUTE
    ../clib/signal.c                         0x00000000   Number         0  defsig_rtred_inner.o ABSOLUTE
    ../clib/signal.c                         0x00000000   Number         0  defsig_fpe_inner.o ABSOLUTE
    ../clib/signal.c                         0x00000000   Number         0  defsig_rtmem_formal.o ABSOLUTE
    ../clib/signal.c                         0x00000000   Number         0  defsig_exit.o ABSOLUTE
    ../clib/signal.c                         0x00000000   Number         0  defsig_rtmem_inner.o ABSOLUTE
    ../clib/signal.c                         0x00000000   Number         0  defsig_rtmem_outer.o ABSOLUTE
    ../clib/signal.c                         0x00000000   Number         0  defsig_other.o ABSOLUTE
    ../clib/signal.c                         0x00000000   Number         0  defsig_segv_inner.o ABSOLUTE
    ../clib/signal.c                         0x00000000   Number         0  __raise.o ABSOLUTE
    ../clib/signal.c                         0x00000000   Number         0  defsig_cppl_inner.o ABSOLUTE
    ../clib/signal.c                         0x00000000   Number         0  defsig_pvfn_inner.o ABSOLUTE
    ../clib/signal.c                         0x00000000   Number         0  defsig_stak_inner.o ABSOLUTE
    ../clib/signal.c                         0x00000000   Number         0  defsig_rtred_outer.o ABSOLUTE
    ../clib/signal.c                         0x00000000   Number         0  defsig_abrt_inner.o ABSOLUTE
    ../clib/signal.s                         0x00000000   Number         0  defsig.o ABSOLUTE
    ../clib/stdio.c                          0x00000000   Number         0  ferror.o ABSOLUTE
    ../clib/stdio.c                          0x00000000   Number         0  fopen.o ABSOLUTE
    ../clib/stdio.c                          0x00000000   Number         0  streamlock.o ABSOLUTE
    ../clib/stdio.c                          0x00000000   Number         0  setvbuf.o ABSOLUTE
    ../clib/stdio.c                          0x00000000   Number         0  stdio.o ABSOLUTE
    ../clib/stdio.c                          0x00000000   Number         0  ferror_locked.o ABSOLUTE
    ../clib/stdio.c                          0x00000000   Number         0  initio_locked.o ABSOLUTE
    ../clib/stdio.c                          0x00000000   Number         0  initio.o ABSOLUTE
    ../clib/stdio.c                          0x00000000   Number         0  stdio_streams.o ABSOLUTE
    ../clib/stdio.c                          0x00000000   Number         0  ftell.o ABSOLUTE
    ../clib/stdio.c                          0x00000000   Number         0  fopen_locked.o ABSOLUTE
    ../clib/stdio.c                          0x00000000   Number         0  fseek.o ABSOLUTE
    ../clib/stdio.c                          0x00000000   Number         0  setvbuf_locked.o ABSOLUTE
    ../clib/stdio.c                          0x00000000   Number         0  fclose.o ABSOLUTE
    ../clib/stdlib.c                         0x00000000   Number         0  rand.o ABSOLUTE
    ../clib/stdlib.c                         0x00000000   Number         0  exit.o ABSOLUTE
    ../clib/stdlib.c                         0x00000000   Number         0  rand.o ABSOLUTE
    ../clib/string.c                         0x00000000   Number         0  strlen.o ABSOLUTE
    ../fplib/fpinit.s                        0x00000000   Number         0  fpinit.o ABSOLUTE
    Mailbox.c                                0x00000000   Number         0  mailbox.o ABSOLUTE
    RTX_Config.c                             0x00000000   Number         0  rtx_config.o ABSOLUTE
    SRC\ARM\HAL_ARM.c                        0x00000000   Number         0  hal_arm.o ABSOLUTE
    SRC\ARM\SWI_Table.s                      0x00000000   Number         0  SWI_Table.o ABSOLUTE
    SRC\ARM\rt_Event.c                       0x00000000   Number         0  rt_event.o ABSOLUTE
    SRC\ARM\rt_List.c                        0x00000000   Number         0  rt_list.o ABSOLUTE
    SRC\ARM\rt_Mailbox.c                     0x00000000   Number         0  rt_mailbox.o ABSOLUTE
    SRC\ARM\rt_MemBox.c                      0x00000000   Number         0  rt_membox.o ABSOLUTE
    SRC\ARM\rt_Mutex.c                       0x00000000   Number         0  rt_mutex.o ABSOLUTE
    SRC\ARM\rt_Robin.c                       0x00000000   Number         0  rt_robin.o ABSOLUTE
    SRC\ARM\rt_Semaphore.c                   0x00000000   Number         0  rt_semaphore.o ABSOLUTE
    SRC\ARM\rt_System.c                      0x00000000   Number         0  rt_system.o ABSOLUTE
    SRC\ARM\rt_Task.c                        0x00000000   Number         0  rt_task.o ABSOLUTE
    SRC\ARM\rt_Time.c                        0x00000000   Number         0  rt_time.o ABSOLUTE
    SRC\ARM\rt_Timer.c                       0x00000000   Number         0  rt_timer.o ABSOLUTE
    SRC\\ARM\\HAL_ARM.c                      0x00000000   Number         0  hal_arm.o ABSOLUTE
    SRC\\ARM\\rt_System.c                    0x00000000   Number         0  rt_system.o ABSOLUTE
    Serial.c                                 0x00000000   Number         0  serial.o ABSOLUTE
    Startup.s                                0x00000000   Number         0  startup.o ABSOLUTE
    dc.s                                     0x00000000   Number         0  dc.o ABSOLUTE
    Undef_Handler                            0x00000040   ARM Code       4  startup.o(RESET)
    PAbt_Handler                             0x00000044   ARM Code       4  startup.o(RESET)
    DAbt_Handler                             0x00000048   ARM Code       4  startup.o(RESET)
    IRQ_Handler                              0x0000004c   ARM Code       4  startup.o(RESET)
    FIQ_Handler                              0x00000050   ARM Code       4  startup.o(RESET)
    !!!main                                  0x0000010c   Section        8  __main.o(!!!main)
    !!!scatter                               0x00000114   Section       60  __scatter.o(!!!scatter)
    !!handler_copy                           0x00000150   Section       40  __scatter_copy.o(!!handler_copy)
    !!handler_zi                             0x00000178   Section       44  __scatter_zi.o(!!handler_zi)
    .ARM.Collect$$_printf_percent$$00000000  0x000001a8   Section        0  _printf_percent.o(.ARM.Collect$$_printf_percent$$00000000)
    .ARM.Collect$$_printf_percent$$00000009  0x000001a8   Section        8  _printf_d.o(.ARM.Collect$$_printf_percent$$00000009)
    .ARM.Collect$$_printf_percent$$00000017  0x000001b0   Section        8  _printf_percent_end.o(.ARM.Collect$$_printf_percent$$00000017)
    .ARM.Collect$$libinit$$00000000          0x000001c0   Section        2  libinit.o(.ARM.Collect$$libinit$$00000000)
    .ARM.Collect$$libinit$$00000002          0x000001c2   Section        0  libinit2.o(.ARM.Collect$$libinit$$00000002)
    .ARM.Collect$$libinit$$00000003          0x000001c2   Section        8  libinit2.o(.ARM.Collect$$libinit$$00000003)
    .ARM.Collect$$libinit$$00000008          0x000001ca   Section        0  libinit2.o(.ARM.Collect$$libinit$$00000008)
    .ARM.Collect$$libinit$$0000000A          0x000001ca   Section        0  libinit2.o(.ARM.Collect$$libinit$$0000000A)
    .ARM.Collect$$libinit$$0000000B          0x000001ca   Section        4  libinit2.o(.ARM.Collect$$libinit$$0000000B)
    .ARM.Collect$$libinit$$0000000C          0x000001ce   Section        0  libinit2.o(.ARM.Collect$$libinit$$0000000C)
    .ARM.Collect$$libinit$$0000000F          0x000001ce   Section        0  libinit2.o(.ARM.Collect$$libinit$$0000000F)
    .ARM.Collect$$libinit$$00000011          0x000001ce   Section        0  libinit2.o(.ARM.Collect$$libinit$$00000011)
    .ARM.Collect$$libinit$$00000013          0x000001ce   Section        0  libinit2.o(.ARM.Collect$$libinit$$00000013)
    .ARM.Collect$$libinit$$00000015          0x000001ce   Section        0  libinit2.o(.ARM.Collect$$libinit$$00000015)
    .ARM.Collect$$libinit$$00000017          0x000001ce   Section        0  libinit2.o(.ARM.Collect$$libinit$$00000017)
    .ARM.Collect$$libinit$$00000019          0x000001ce   Section        0  libinit2.o(.ARM.Collect$$libinit$$00000019)
    .ARM.Collect$$libinit$$0000001B          0x000001ce   Section        0  libinit2.o(.ARM.Collect$$libinit$$0000001B)
    .ARM.Collect$$libinit$$0000001D          0x000001ce   Section        0  libinit2.o(.ARM.Collect$$libinit$$0000001D)
    .ARM.Collect$$libinit$$0000001F          0x000001ce   Section        0  libinit2.o(.ARM.Collect$$libinit$$0000001F)
    .ARM.Collect$$libinit$$00000021          0x000001ce   Section        0  libinit2.o(.ARM.Collect$$libinit$$00000021)
    .ARM.Collect$$libinit$$00000022          0x000001ce   Section        4  libinit2.o(.ARM.Collect$$libinit$$00000022)
    .ARM.Collect$$libinit$$00000023          0x000001d2   Section        0  libinit2.o(.ARM.Collect$$libinit$$00000023)
    .ARM.Collect$$libinit$$0000002A          0x000001d2   Section        0  libinit2.o(.ARM.Collect$$libinit$$0000002A)
    .ARM.Collect$$libinit$$0000002C          0x000001d2   Section        0  libinit2.o(.ARM.Collect$$libinit$$0000002C)
    .ARM.Collect$$libinit$$0000002E          0x000001d2   Section        0  libinit2.o(.ARM.Collect$$libinit$$0000002E)
    .ARM.Collect$$libinit$$00000030          0x000001d2   Section        0  libinit2.o(.ARM.Collect$$libinit$$00000030)
    .ARM.Collect$$libinit$$00000031          0x000001d2   Section       12  libinit2.o(.ARM.Collect$$libinit$$00000031)
    .ARM.Collect$$libshutdown$$00000000      0x000001e8   Section        4  libshutdown.o(.ARM.Collect$$libshutdown$$00000000)
    .ARM.Collect$$libshutdown$$00000002      0x000001ec   Section        4  libshutdown2.o(.ARM.Collect$$libshutdown$$00000002)
    .ARM.Collect$$libshutdown$$00000003      0x000001f0   Section        0  libshutdown2.o(.ARM.Collect$$libshutdown$$00000003)
    .ARM.Collect$$libshutdown$$00000006      0x000001f0   Section        0  libshutdown2.o(.ARM.Collect$$libshutdown$$00000006)
    .ARM.Collect$$libshutdown$$00000009      0x000001f0   Section        0  libshutdown2.o(.ARM.Collect$$libshutdown$$00000009)
    .ARM.Collect$$libshutdown$$0000000B      0x000001f0   Section        0  libshutdown2.o(.ARM.Collect$$libshutdown$$0000000B)
    .ARM.Collect$$libshutdown$$0000000E      0x000001f0   Section        0  libshutdown2.o(.ARM.Collect$$libshutdown$$0000000E)
    .ARM.Collect$$libshutdown$$0000000F      0x000001f0   Section        6  libshutdown2.o(.ARM.Collect$$libshutdown$$0000000F)
    .ARM.Collect$$rtentry$$00000000          0x000001f8   Section        0  rtentry.o(.ARM.Collect$$rtentry$$00000000)
    .ARM.Collect$$rtentry$$00000002          0x000001f8   Section        0  rtentry2.o(.ARM.Collect$$rtentry$$00000002)
    .ARM.Collect$$rtentry$$00000004          0x000001f8   Section        8  rtentry4.o(.ARM.Collect$$rtentry$$00000004)
    .ARM.Collect$$rtentry$$00000009          0x00000200   Section        0  rtentry2.o(.ARM.Collect$$rtentry$$00000009)
    .ARM.Collect$$rtentry$$0000000A          0x00000200   Section        4  rtentry2.o(.ARM.Collect$$rtentry$$0000000A)
    .ARM.Collect$$rtentry$$0000000C          0x00000204   Section        0  rtentry2.o(.ARM.Collect$$rtentry$$0000000C)
    .ARM.Collect$$rtentry$$0000000D          0x00000204   Section       40  rtentry2.o(.ARM.Collect$$rtentry$$0000000D)
    .ARM.Collect$$rtexit$$00000000           0x00000230   Section        4  rtexit.o(.ARM.Collect$$rtexit$$00000000)
    .ARM.Collect$$rtexit$$00000002           0x00000234   Section        0  rtexit2.o(.ARM.Collect$$rtexit$$00000002)
    .ARM.Collect$$rtexit$$00000003           0x00000234   Section        4  rtexit2.o(.ARM.Collect$$rtexit$$00000003)
    .ARM.Collect$$rtexit$$00000004           0x00000238   Section        8  rtexit2.o(.ARM.Collect$$rtexit$$00000004)
    .emb_text                                0x00000248   Section      516  hal_arm.o(.emb_text)
    Switch_task                              0x000003c4   ARM Code       0  hal_arm.o(.emb_text)
    .emb_text                                0x00000454   Section       56  rand.o(.emb_text)
    .emb_text                                0x0000048c   Section        0  maybetermalloc1.o(.emb_text)
    .text                                    0x0000048c   Section        0  mailbox.o(.text)
    .text                                    0x000006c4   Section        0  serial.o(.text)
    .text                                    0x00000720   Section        0  rtx_config.o(.text)
    os_def_interrupt                         0x0000072c   ARM Code      20  rtx_config.o(.text)
    .text                                    0x00000748   Section        0  rtx_config.o(.text)
    __tagsym$$used                           0x000007f1   Number         0  rtx_config.o(.text)
    __tagsym$$used                           0x00000809   Number         0  rtx_config.o(.text)
    .text                                    0x0000084c   Section       32  startup.o(.text)
    .text                                    0x0000086c   Section       12  libspace.o(.text)
    .text                                    0x00000880   Section        0  noretval__2printf.o(.text)
    .text                                    0x0000089c   Section        0  __printf.o(.text)
    .text                                    0x0000091c   Section        0  _printf_dec.o(.text)
    .text                                    0x0000098c   Section        0  rand.o(.text)
    .text                                    0x000009cc   Section      384  aeabi_sdiv.o(.text)
    __arm_div8                               0x000009f8   ARM Code       0  aeabi_sdiv.o(.text)
    __arm_div5                               0x00000a1c   ARM Code       0  aeabi_sdiv.o(.text)
    __arm_div2                               0x00000a40   ARM Code       0  aeabi_sdiv.o(.text)
    __arm_div_large                          0x00000a7c   ARM Code       0  aeabi_sdiv.o(.text)
    .text                                    0x00000b4c   Section        0  heapauxi.o(.text)
    .text                                    0x00000b52   Section        0  _printf_intcommon.o(.text)
    .text                                    0x00000c0c   Section        0  _printf_char_file.o(.text)
    .text                                    0x00000c3c   Section       44  rtudiv10.o(.text)
    .text                                    0x00000c68   Section        0  _printf_char_common.o(.text)
    _printf_input_char                       0x00000c69   Thumb Code    10  _printf_char_common.o(.text)
    .text                                    0x00000c98   Section        0  ferror_locked.o(.text)
    .text                                    0x00000cbc   Section        0  initio_locked.o(.text)
    .text                                    0x00000e90   Section        0  sys_io.o(.text)
    .text                                    0x00000f04   Section       96  sys_stackheap_outer.o(.text)
    .text                                    0x00000f64   Section        0  h1_free_mt.o(.text)
    .text                                    0x00000fe0   Section        0  fclose.o(.text)
    .text                                    0x00001030   Section        0  setvbuf_locked.o(.text)
    .text                                    0x000010a0   Section        0  fopen_locked.o(.text)
    _freopen_locked                          0x000010a1   Thumb Code   172  fopen_locked.o(.text)
    .text                                    0x000011ec   Section        0  exit.o(.text)
    .text                                    0x000011f8   Section        0  defsig_rtred_outer.o(.text)
    .text                                    0x0000120c   Section       84  rt_memclr_w.o(.text)
    .text                                    0x00001260   Section        4  use_no_semi.o(.text)
    .text                                    0x00001264   Section        0  indicate_semi.o(.text)
    .text                                    0x00001268   Section       20  rt_heap_descriptor_twolibspace.o(.text)
    .text                                    0x0000127c   Section        0  hguard.o(.text)
    .text                                    0x00001280   Section        0  init_alloc.o(.text)
    .text                                    0x00001314   Section        0  h1_alloc_mt.o(.text)
    Heap1_SizeAdjust                         0x00001315   Thumb Code     8  h1_alloc_mt.o(.text)
    .text                                    0x000013bc   Section        0  fseek.o(.text)
    .text                                    0x000014b4   Section        0  stdio.o(.text)
    .text                                    0x000015b0   Section        0  defsig_exit.o(.text)
    .text                                    0x000015c0   Section        0  defsig_rtred_inner.o(.text)
    .text                                    0x000015f8   Section        0  defsig_rtmem_outer.o(.text)
    .text                                    0x00001608   Section        0  strlen.o(.text)
    .text                                    0x00001654   Section        0  sys_exit.o(.text)
    .text                                    0x00001660   Section        0  h1_init_mt.o(.text)
    .text                                    0x0000167a   Section        0  h1_extend_mt.o(.text)
    .text                                    0x000016b6   Section        0  ftell.o(.text)
    .text                                    0x000016fc   Section        0  defsig_general.o(.text)
    .text                                    0x00001734   Section        0  defsig_rtmem_inner.o(.text)
    .text                                    0x00001788   Section        0  sys_wrch.o(.text)
    .text                                    0x0000179c   Section        4  rt_errno_addr_twolibspace.o(.text)
    SWI_TABLE                                0x000017a0   Section       36  SWI_Table.o(SWI_TABLE)
    i.__ARM_common_call_via_r1               0x000017d4   Section        0  __printf.o(i.__ARM_common_call_via_r1)
    i.__ARM_common_call_via_r2               0x000017d6   Section        0  __printf.o(i.__ARM_common_call_via_r2)
    i.__SWI_0                                0x000017d8   Section        0  hal_arm.o(i.__SWI_0)
    i.__SWI_1                                0x0000180c   Section        0  rt_membox.o(i.__SWI_1)
    i.__SWI_2                                0x0000181a   Section        0  rt_membox.o(i.__SWI_2)
    i.__SWI_3                                0x00001832   Section        0  hal_arm.o(i.__SWI_3)
    i.__SWI_4                                0x0000183a   Section        0  hal_arm.o(i.__SWI_4)
    i.__SWI_6                                0x00001842   Section        0  hal_arm.o(i.__SWI_6)
    i.__SWI_7                                0x00001844   Section        0  hal_arm.o(i.__SWI_7)
    i._init_box                              0x00001850   Section        0  rt_membox.o(i._init_box)
    i.os_block                               0x0000189c   Section        0  rt_task.o(i.os_block)
    i.os_chk_robin                           0x000018e4   Section        0  rt_robin.o(i.os_chk_robin)
    i.os_dec_dly                             0x0000192c   Section        0  rt_list.o(i.os_dec_dly)
    i.os_dispatch                            0x000019a8   Section        0  rt_task.o(i.os_dispatch)
    i.os_dly_wait                            0x000019f4   Section        0  rt_time.o(i.os_dly_wait)
    i.os_evt_psh                             0x00001a0c   Section        0  rt_event.o(i.os_evt_psh)
    i.os_get_first                           0x00001a5c   Section        0  rt_list.o(i.os_get_first)
    i.os_init_context                        0x00001a88   Section        0  rt_task.o(i.os_init_context)
    os_init_context                          0x00001a89   Thumb Code    66  rt_task.o(i.os_init_context)
    i.os_init_robin                          0x00001ad0   Section        0  rt_robin.o(i.os_init_robin)
    i.os_init_stack                          0x00001ae8   Section        0  hal_arm.o(i.os_init_stack)
    i.os_mbx_init                            0x00001b64   Section        0  rt_mailbox.o(i.os_mbx_init)
    i.os_mbx_psh                             0x00001b94   Section        0  rt_mailbox.o(i.os_mbx_psh)
    i.os_mbx_send                            0x00001c24   Section        0  rt_mailbox.o(i.os_mbx_send)
    i.os_mbx_wait                            0x00001cd0   Section        0  rt_mailbox.o(i.os_mbx_wait)
    i.os_mut_init                            0x00001d70   Section        0  rt_mutex.o(i.os_mut_init)
    i.os_mut_release                         0x00001da0   Section        0  rt_mutex.o(i.os_mut_release)
    i.os_mut_wait                            0x00001e48   Section        0  rt_mutex.o(i.os_mut_wait)
    i.os_put_dly                             0x00001ecc   Section        0  rt_list.o(i.os_put_dly)
    i.os_put_prio                            0x00001f1c   Section        0  rt_list.o(i.os_put_prio)
    i.os_put_rdy_first                       0x00001f5c   Section        0  rt_list.o(i.os_put_rdy_first)
    i.os_resort_prio                         0x00001f70   Section        0  rt_list.o(i.os_resort_prio)
    i.os_rmv_dly                             0x00001fa4   Section        0  rt_list.o(i.os_rmv_dly)
    i.os_rmv_list                            0x00001fd0   Section        0  rt_list.o(i.os_rmv_list)
    i.os_sem_psh                             0x00002004   Section        0  rt_semaphore.o(i.os_sem_psh)
    i.os_stk_check                           0x0000203c   Section        0  hal_arm.o(i.os_stk_check)
    i.os_sys_init1                           0x0000206c   Section        0  rt_task.o(i.os_sys_init1)
    i.os_sys_manager                         0x00002154   Section        0  rt_system.o(i.os_sys_manager)
    i.os_time_get                            0x0000222c   Section        0  rt_time.o(i.os_time_get)
    i.os_tmr_tick                            0x00002238   Section        0  rt_timer.o(i.os_tmr_tick)
    i.os_tsk_create0                         0x00002284   Section        0  rt_task.o(i.os_tsk_create0)
    i.os_tsk_delete                          0x0000231c   Section        0  rt_task.o(i.os_tsk_delete)
    i.os_tsk_self                            0x000023d4   Section        0  rt_task.o(i.os_tsk_self)
    .constdata                               0x000023e4   Section        2  rtx_config.o(.constdata)
    .constdata                               0x000023e8   Section        4  rtx_config.o(.constdata)
    .constdata                               0x000023ec   Section        4  rtx_config.o(.constdata)
    .constdata                               0x000023f0   Section        8  rtx_config.o(.constdata)
    __tagsym$$used                           0x000023f0   Number         0  rtx_config.o(.constdata)
    __tagsym$$used                           0x000023f4   Number         0  rtx_config.o(.constdata)
    .constdata                               0x000023f8   Section        2  rtx_config.o(.constdata)
    .constdata                               0x000023fc   Section        4  rtx_config.o(.constdata)
    .constdata                               0x00002400   Section        1  rtx_config.o(.constdata)
    .constdata                               0x00002402   Section        2  rtx_config.o(.constdata)
    .constdata                               0x00002404   Section        4  sys_io.o(.constdata)
    .constdata                               0x00002408   Section        4  sys_io.o(.constdata)
    .constdata                               0x0000240c   Section        4  sys_io.o(.constdata)
    .data                                    0x10000000   Section       28  mailbox.o(.data)
    .data                                    0x1000001c   Section        4  rtx_config.o(.data)
    .data                                    0x10000020   Section        4  rtx_config.o(.data)
    nr_mutex                                 0x10000020   Data           4  rtx_config.o(.data)
    .data                                    0x10000024   Section        4  rt_task.o(.data)
    .data                                    0x10000028   Section        4  rt_time.o(.data)
    .data                                    0x1000002c   Section        4  hal_arm.o(.data)
    .data                                    0x10000030   Section        1  hal_arm.o(.data)
    .data                                    0x10000034   Section        8  rt_system.o(.data)
    .data                                    0x1000003c   Section        8  rt_robin.o(.data)
    .data                                    0x10000044   Section        8  rt_timer.o(.data)
    .data                                    0x1000004c   Section        4  stdio_streams.o(.data)
    .data                                    0x10000050   Section        4  stdio_streams.o(.data)
    .data                                    0x10000054   Section        4  stdio_streams.o(.data)
    .data                                    0x10000058   Section        4  streamlock.o(.data)
    .bss                                     0x1000005c   Section      156  mailbox.o(.bss)
    .bss                                     0x100000f8   Section      300  rtx_config.o(.bss)
    .bss                                     0x10000228   Section     3600  rtx_config.o(.bss)
    .bss                                     0x10001038   Section      132  rtx_config.o(.bss)
    .bss                                     0x100010bc   Section       24  rtx_config.o(.bss)
    .bss                                     0x100010d4   Section      672  rtx_config.o(.bss)
    std_libspace                             0x100010d4   Data         576  rtx_config.o(.bss)
    std_libmutex                             0x10001314   Data          96  rtx_config.o(.bss)
    .bss                                     0x10001374   Section       48  rt_task.o(.bss)
    .bss                                     0x100013a4   Section       48  rt_list.o(.bss)
    .bss                                     0x100013d4   Section       96  libspace.o(.bss)
    .bss                                     0x10001434   Section      228  rand.o(.bss)
    .bss                                     0x10001518   Section       84  stdio_streams.o(.bss)
    .bss                                     0x1000156c   Section       84  stdio_streams.o(.bss)
    .bss                                     0x100015c0   Section       84  stdio_streams.o(.bss)
    HEAP                                     0x10001618   Section        0  startup.o(HEAP)
    STACK                                    0x10001618   Section      176  startup.o(STACK)
    Heap_Mem                                 0x10001618   Data           0  startup.o(HEAP)
    Stack_Mem                                0x10001618   Data          80  startup.o(STACK)
    Stack_Top                                0x100016c8   Data           0  startup.o(STACK)

    Global Symbols

    Symbol Name                              Value     Ov Type        Size  Object(Section)

    BuildAttributes$$THM_ISAv1$ARM_ISAv4$S$PE$A:L22$X:L11$S22$IEEE1$IW$USESV6$~STKCKD$USESV7$~SHL$OTIME$ROPI$EBA8$UX$STANDARDLIB$REQ8$EABIv2 0x00000000   Number         0  anon$$obj.o ABSOLUTE
    __ARM_use_no_argv                        0x00000000   Number         0  mailbox.o ABSOLUTE
    __ARM_exceptions_init                     - Undefined Weak Reference
    __alloca_initialize                       - Undefined Weak Reference
    __cpp_initialize__aeabi_                  - Undefined Weak Reference
    __cxa_finalize                            - Undefined Weak Reference
    __rt_locale                               - Undefined Weak Reference
    __sigvec_lookup                           - Undefined Weak Reference
    __user_heap_extent                        - Undefined Weak Reference
    _atexit_init                              - Undefined Weak Reference
    _call_atexit_fns                          - Undefined Weak Reference
    _clock_init                               - Undefined Weak Reference
    _fp_trap_init                             - Undefined Weak Reference
    _fp_trap_shutdown                         - Undefined Weak Reference
    _get_lc_collate                           - Undefined Weak Reference
    _get_lc_ctype                             - Undefined Weak Reference
    _get_lc_monetary                          - Undefined Weak Reference
    _get_lc_numeric                           - Undefined Weak Reference
    _get_lc_time                              - Undefined Weak Reference
    _getenv_init                              - Undefined Weak Reference
    _handle_redirection                       - Undefined Weak Reference
    _mutex_free                               - Undefined Weak Reference
    _printf_post_padding                      - Undefined Weak Reference
    _printf_pre_padding                       - Undefined Weak Reference
    _printf_truncate_signed                   - Undefined Weak Reference
    _printf_truncate_unsigned                 - Undefined Weak Reference
    _signal_finish                            - Undefined Weak Reference
    _signal_init                              - Undefined Weak Reference
    os_tmr_reload                             - Undefined Weak Reference
    rt_init                                   - Undefined Weak Reference
    rt_notify                                 - Undefined Weak Reference
    rt_post_taskswitch                        - Undefined Weak Reference
    Reset_Handler                            0x00000054   ARM Code       0  startup.o(RESET)
    __main                                   0x0000010c   ARM Code       8  __main.o(!!!main)
    __scatterload                            0x00000114   ARM Code       0  __scatter.o(!!!scatter)
    __scatterload_rt2                        0x00000114   ARM Code      52  __scatter.o(!!!scatter)
    __scatterload_null                       0x00000128   ARM Code       0  __scatter.o(!!!scatter)
    __scatterload_copy                       0x00000150   ARM Code      40  __scatter_copy.o(!!handler_copy)
    __scatterload_zeroinit                   0x00000178   ARM Code      44  __scatter_zi.o(!!handler_zi)
    Inline Thumb to ARM Veneer to _printf_percent 0x000001a5   Thumb Code     4  _printf_percent.o(.ARM.Collect$$_printf_percent$$00000000)
    _printf_d                                0x000001a8   ARM Code       0  _printf_d.o(.ARM.Collect$$_printf_percent$$00000009)
    _printf_percent                          0x000001a8   ARM Code       0  _printf_percent.o(.ARM.Collect$$_printf_percent$$00000000)
    _printf_percent_end                      0x000001b0   ARM Code       0  _printf_percent_end.o(.ARM.Collect$$_printf_percent$$00000017)
    Inline ARM to Thumb Veneer to __rt_lib_init 0x000001b8   ARM Code       8  libinit.o(.ARM.Collect$$libinit$$00000000)
    __rt_lib_init                            0x000001c1   Thumb Code     0  libinit.o(.ARM.Collect$$libinit$$00000000)
    __rt_lib_init_fp_1                       0x000001c3   Thumb Code     0  libinit2.o(.ARM.Collect$$libinit$$00000002)
    __rt_lib_init_heap_2                     0x000001c3   Thumb Code     0  libinit2.o(.ARM.Collect$$libinit$$00000003)
    __rt_lib_init_heap_1                     0x000001cb   Thumb Code     0  libinit2.o(.ARM.Collect$$libinit$$00000008)
    __rt_lib_init_rand_2                     0x000001cb   Thumb Code     0  libinit2.o(.ARM.Collect$$libinit$$0000000B)
    __rt_lib_init_user_alloc_1               0x000001cb   Thumb Code     0  libinit2.o(.ARM.Collect$$libinit$$0000000A)
    __rt_lib_init_atexit_1                   0x000001cf   Thumb Code     0  libinit2.o(.ARM.Collect$$libinit$$00000019)
    __rt_lib_init_clock_1                    0x000001cf   Thumb Code     0  libinit2.o(.ARM.Collect$$libinit$$0000001F)
    __rt_lib_init_fp_trap_1                  0x000001cf   Thumb Code     0  libinit2.o(.ARM.Collect$$libinit$$0000001D)
    __rt_lib_init_getenv_1                   0x000001cf   Thumb Code     0  libinit2.o(.ARM.Collect$$libinit$$00000021)
    __rt_lib_init_lc_collate_1               0x000001cf   Thumb Code     0  libinit2.o(.ARM.Collect$$libinit$$0000000F)
    __rt_lib_init_lc_ctype_1                 0x000001cf   Thumb Code     0  libinit2.o(.ARM.Collect$$libinit$$00000011)
    __rt_lib_init_lc_monetary_1              0x000001cf   Thumb Code     0  libinit2.o(.ARM.Collect$$libinit$$00000013)
    __rt_lib_init_lc_numeric_1               0x000001cf   Thumb Code     0  libinit2.o(.ARM.Collect$$libinit$$00000015)
    __rt_lib_init_lc_time_1                  0x000001cf   Thumb Code     0  libinit2.o(.ARM.Collect$$libinit$$00000017)
    __rt_lib_init_rand_1                     0x000001cf   Thumb Code     0  libinit2.o(.ARM.Collect$$libinit$$0000000C)
    __rt_lib_init_signal_1                   0x000001cf   Thumb Code     0  libinit2.o(.ARM.Collect$$libinit$$0000001B)
    __rt_lib_init_stdio_2                    0x000001cf   Thumb Code     0  libinit2.o(.ARM.Collect$$libinit$$00000022)
    __rt_lib_init_alloca_1                   0x000001d3   Thumb Code     0  libinit2.o(.ARM.Collect$$libinit$$0000002C)
    __rt_lib_init_argv_1                     0x000001d3   Thumb Code     0  libinit2.o(.ARM.Collect$$libinit$$0000002A)
    __rt_lib_init_cpp_1                      0x000001d3   Thumb Code     0  libinit2.o(.ARM.Collect$$libinit$$00000030)
    __rt_lib_init_exceptions_1               0x000001d3   Thumb Code     0  libinit2.o(.ARM.Collect$$libinit$$0000002E)
    __rt_lib_init_return                     0x000001d3   Thumb Code     0  libinit2.o(.ARM.Collect$$libinit$$00000031)
    __rt_lib_init_stdio_1                    0x000001d3   Thumb Code     0  libinit2.o(.ARM.Collect$$libinit$$00000023)
    Inline ARM to Thumb Veneer to __rt_lib_shutdown 0x000001e0   ARM Code       8  libshutdown.o(.ARM.Collect$$libshutdown$$00000000)
    __rt_lib_shutdown                        0x000001e9   Thumb Code     0  libshutdown.o(.ARM.Collect$$libshutdown$$00000000)
    __rt_lib_shutdown_stdio_2                0x000001ed   Thumb Code     0  libshutdown2.o(.ARM.Collect$$libshutdown$$00000002)
    __rt_lib_shutdown_fp_trap_1              0x000001f1   Thumb Code     0  libshutdown2.o(.ARM.Collect$$libshutdown$$00000006)
    __rt_lib_shutdown_heap_1                 0x000001f1   Thumb Code     0  libshutdown2.o(.ARM.Collect$$libshutdown$$0000000E)
    __rt_lib_shutdown_return                 0x000001f1   Thumb Code     0  libshutdown2.o(.ARM.Collect$$libshutdown$$0000000F)
    __rt_lib_shutdown_signal_1               0x000001f1   Thumb Code     0  libshutdown2.o(.ARM.Collect$$libshutdown$$00000009)
    __rt_lib_shutdown_stdio_1                0x000001f1   Thumb Code     0  libshutdown2.o(.ARM.Collect$$libshutdown$$00000003)
    __rt_lib_shutdown_user_alloc_1           0x000001f1   Thumb Code     0  libshutdown2.o(.ARM.Collect$$libshutdown$$0000000B)
    __rt_entry                               0x000001f8   ARM Code       0  rtentry.o(.ARM.Collect$$rtentry$$00000000)
    __rt_entry_presh_1                       0x000001f8   ARM Code       0  rtentry2.o(.ARM.Collect$$rtentry$$00000002)
    __rt_entry_sh                            0x000001f8   ARM Code       0  rtentry4.o(.ARM.Collect$$rtentry$$00000004)
    __rt_entry_li                            0x00000200   ARM Code       0  rtentry2.o(.ARM.Collect$$rtentry$$0000000A)
    __rt_entry_postsh_1                      0x00000200   ARM Code       0  rtentry2.o(.ARM.Collect$$rtentry$$00000009)
    __rt_entry_main                          0x00000204   ARM Code       0  rtentry2.o(.ARM.Collect$$rtentry$$0000000D)
    __rt_entry_postli_1                      0x00000204   ARM Code       0  rtentry2.o(.ARM.Collect$$rtentry$$0000000C)
    Inline Thumb to ARM Veneer to __rt_exit  0x0000022d   Thumb Code     4  rtexit.o(.ARM.Collect$$rtexit$$00000000)
    __rt_exit                                0x00000230   ARM Code       0  rtexit.o(.ARM.Collect$$rtexit$$00000000)
    __rt_exit_ls                             0x00000234   ARM Code       0  rtexit2.o(.ARM.Collect$$rtexit$$00000003)
    __rt_exit_prels_1                        0x00000234   ARM Code       0  rtexit2.o(.ARM.Collect$$rtexit$$00000002)
    __rt_exit_exit                           0x00000238   ARM Code       0  rtexit2.o(.ARM.Collect$$rtexit$$00000004)
    Inline ARM to Thumb Veneer to os_sys_init0 0x00000240   ARM Code       8  hal_arm.o(.emb_text)
    _inc_qi                                  0x00000249   Thumb Code    60  hal_arm.o(.emb_text)
    _dec_qc                                  0x00000285   Thumb Code    32  hal_arm.o(.emb_text)
    os_set_env                               0x000002a5   Thumb Code     8  hal_arm.o(.emb_text)
    os_sys_init0                             0x000002ad   Thumb Code    32  hal_arm.o(.emb_text)
    os_sys_run                               0x000002d9   Thumb Code    16  hal_arm.o(.emb_text)
    os_clock_interrupt                       0x000002ec   ARM Code     128  hal_arm.o(.emb_text)
    os_sys_manager_ret                       0x00000359   Thumb Code     0  hal_arm.o(.emb_text)
    SWI_Handler                              0x00000380   ARM Code     196  hal_arm.o(.emb_text)
    os_switch_tasks_ret                      0x000003bd   Thumb Code     0  hal_arm.o(.emb_text)
    Inline ARM to Thumb Veneer to rand       0x0000044c   ARM Code       8  rand.o(.emb_text)
    rand                                     0x00000455   Thumb Code    52  rand.o(.emb_text)
    __RL_RTX_VER                             0x00000460   Number         0  rt_system.o ABSOLUTE
    _maybe_terminate_alloc                   0x0000048d   Thumb Code     0  maybetermalloc1.o(.emb_text)
    init_serial                              0x0000048c   ARM Code      44  mailbox.o(.text)
    rec_task                                 0x000004b8   ARM Code      96  mailbox.o(.text)
    send_task                                0x00000518   ARM Code     224  mailbox.o(.text)
    main                                     0x000005f8   ARM Code      64  mailbox.o(.text)
    fputc                                    0x000006c4   ARM Code      60  serial.o(.text)
    getkey                                   0x00000700   ARM Code      24  serial.o(.text)
    Inline Thumb to ARM Veneer to os_idle_demon 0x0000071d   Thumb Code     4  rtx_config.o(.text)
    os_idle_demon                            0x00000720   ARM Code       4  rtx_config.o(.text)
    os_tmr_call                              0x00000724   ARM Code       4  rtx_config.o(.text)
    os_error                                 0x00000728   ARM Code       4  rtx_config.o(.text)
    Inline ARM to Thumb Veneer to __user_perthread_libspace 0x00000740   ARM Code       8  rtx_config.o(.text)
    os_tmr_init                              0x00000749   Thumb Code    34  rtx_config.o(.text)
    os_tmr_force_irq                         0x0000076d   Thumb Code     8  rtx_config.o(.text)
    os_tmr_inspect_cnt                       0x00000775   Thumb Code     6  rtx_config.o(.text)
    os_tmr_inspect_ovf                       0x0000077d   Thumb Code    10  rtx_config.o(.text)
    os_irq_ack_lock                          0x00000789   Thumb Code    20  rtx_config.o(.text)
    __SWI_5                                  0x0000079d   Thumb Code     8  rtx_config.o(.text)
    tsk_unlock                               0x000007a5   Thumb Code     8  rtx_config.o(.text)
    __user_perthread_libspace                0x000007ad   Thumb Code    30  rtx_config.o(.text)
    _mutex_initialize                        0x000007cd   Thumb Code    36  rtx_config.o(.text)
    _mutex_acquire                           0x000007f1   Thumb Code    22  rtx_config.o(.text)
    _mutex_release                           0x00000809   Thumb Code    20  rtx_config.o(.text)
    __user_initial_stackheap                 0x0000084c   ARM Code       0  startup.o(.text)
    __user_libspace                          0x0000086c   ARM Code      12  libspace.o(.text)
    __user_perproc_libspace                  0x0000086c   ARM Code       0  libspace.o(.text)
    Inline ARM to Thumb Veneer to __2printf  0x00000878   ARM Code       8  noretval__2printf.o(.text)
    __2printf                                0x00000881   Thumb Code    22  noretval__2printf.o(.text)
    __printf                                 0x0000089d   Thumb Code   120  __printf.o(.text)
    Inline ARM to Thumb Veneer to _printf_int_dec 0x00000914   ARM Code       8  _printf_dec.o(.text)
    _printf_int_dec                          0x0000091d   Thumb Code    94  _printf_dec.o(.text)
    srand                                    0x0000098d   Thumb Code    48  rand.o(.text)
    _rand_init                               0x000009bd   Thumb Code     4  rand.o(.text)
    __aeabi_idiv                             0x000009cc   ARM Code       0  aeabi_sdiv.o(.text)
    __aeabi_idivmod                          0x000009cc   ARM Code     384  aeabi_sdiv.o(.text)
    __use_two_region_memory                  0x00000b4d   Thumb Code     2  heapauxi.o(.text)
    __rt_heap_escrow                         0x00000b4f   Thumb Code     2  heapauxi.o(.text)
    __rt_heap_expand                         0x00000b51   Thumb Code     2  heapauxi.o(.text)
    _printf_int_common                       0x00000b53   Thumb Code   186  _printf_intcommon.o(.text)
    _printf_char_file                        0x00000c0d   Thumb Code    38  _printf_char_file.o(.text)
    Inline Thumb to ARM Veneer to __rt_udiv10 0x00000c39   Thumb Code     4  rtudiv10.o(.text)
    __rt_udiv10                              0x00000c3c   ARM Code      44  rtudiv10.o(.text)
    _printf_char_common                      0x00000c73   Thumb Code    34  _printf_char_common.o(.text)
    ferror                                   0x00000c99   Thumb Code    34  ferror_locked.o(.text)
    _initio                                  0x00000cbd   Thumb Code   250  initio_locked.o(.text)
    _terminateio                             0x00000db7   Thumb Code   168  initio_locked.o(.text)
    _sys_open                                0x00000e91   Thumb Code    24  sys_io.o(.text)
    _sys_close                               0x00000ea9   Thumb Code    14  sys_io.o(.text)
    _sys_write                               0x00000eb7   Thumb Code    20  sys_io.o(.text)
    _sys_read                                0x00000ecb   Thumb Code    14  sys_io.o(.text)
    _sys_istty                               0x00000ed9   Thumb Code    12  sys_io.o(.text)
    _sys_seek                                0x00000ee5   Thumb Code    18  sys_io.o(.text)
    _sys_ensure                              0x00000ef7   Thumb Code     2  sys_io.o(.text)
    _sys_flen                                0x00000ef9   Thumb Code    12  sys_io.o(.text)
    __user_setup_stackheap                   0x00000f04   ARM Code      96  sys_stackheap_outer.o(.text)
    _free_internal                           0x00000f65   Thumb Code   100  h1_free_mt.o(.text)
    free                                     0x00000fc9   Thumb Code    24  h1_free_mt.o(.text)
    _fclose_internal                         0x00000fe1   Thumb Code    76  fclose.o(.text)
    fclose                                   0x00000fe1   Thumb Code     0  fclose.o(.text)
    setvbuf                                  0x00001031   Thumb Code   108  setvbuf_locked.o(.text)
    freopen                                  0x0000114d   Thumb Code    42  fopen_locked.o(.text)
    _fopen$locked                            0x00001177   Thumb Code   106  fopen_locked.o(.text)
    exit                                     0x000011ed   Thumb Code    12  exit.o(.text)
    __rt_SIGRTRED                            0x000011f9   Thumb Code    16  defsig_rtred_outer.o(.text)
    Inline Thumb to ARM Veneer to __aeabi_memclr4 0x00001209   Thumb Code     4  rt_memclr_w.o(.text)
    __aeabi_memclr4                          0x0000120c   ARM Code       0  rt_memclr_w.o(.text)
    __aeabi_memclr8                          0x0000120c   ARM Code       0  rt_memclr_w.o(.text)
    __rt_memclr_w                            0x0000120c   ARM Code      84  rt_memclr_w.o(.text)
    _memset_w                                0x00001210   ARM Code       0  rt_memclr_w.o(.text)
    __I$use$semihosting                      0x00001260   ARM Code       0  use_no_semi.o(.text)
    __use_no_semihosting_swi                 0x00001260   ARM Code       4  use_no_semi.o(.text)
    Inline Thumb to ARM Veneer to __rt_heap_descriptor 0x00001265   Thumb Code     4  rt_heap_descriptor_twolibspace.o(.text)
    __semihosting_library_function           0x00001264   ARM Code       0  indicate_semi.o(.text)
    __rt_heap_descriptor                     0x00001268   ARM Code      20  rt_heap_descriptor_twolibspace.o(.text)
    __use_no_heap                            0x0000127d   Thumb Code     2  hguard.o(.text)
    __heap$guard                             0x0000127f   Thumb Code     2  hguard.o(.text)
    _terminate_user_alloc                    0x00001281   Thumb Code     2  init_alloc.o(.text)
    _init_user_alloc                         0x00001283   Thumb Code     2  init_alloc.o(.text)
    __Heap_Full                              0x00001285   Thumb Code    36  init_alloc.o(.text)
    __Heap_Broken                            0x000012a9   Thumb Code    14  init_alloc.o(.text)
    _init_alloc                              0x000012b7   Thumb Code    94  init_alloc.o(.text)
    _malloc_internal                         0x0000131d   Thumb Code   134  h1_alloc_mt.o(.text)
    malloc                                   0x000013a3   Thumb Code    24  h1_alloc_mt.o(.text)
    _fseek                                   0x000013bd   Thumb Code   244  fseek.o(.text)
    fseek                                    0x000013bd   Thumb Code     0  fseek.o(.text)
    _seterr                                  0x000014b5   Thumb Code    20  stdio.o(.text)
    _writebuf                                0x000014c9   Thumb Code    80  stdio.o(.text)
    _fflush                                  0x00001519   Thumb Code    80  stdio.o(.text)
    _deferredlazyseek                        0x00001569   Thumb Code    64  stdio.o(.text)
    __sig_exit                               0x000015b1   Thumb Code    16  defsig_exit.o(.text)
    __rt_SIGRTRED_inner                      0x000015c1   Thumb Code    18  defsig_rtred_inner.o(.text)
    __rt_SIGRTMEM                            0x000015f9   Thumb Code    16  defsig_rtmem_outer.o(.text)
    strlen                                   0x00001609   Thumb Code    64  strlen.o(.text)
    Inline ARM to Thumb Veneer to _sys_exit  0x0000164c   ARM Code       8  sys_exit.o(.text)
    _sys_exit                                0x00001655   Thumb Code     8  sys_exit.o(.text)
    __Heap_Initialize                        0x00001661   Thumb Code    22  h1_init_mt.o(.text)
    __Heap_DescSize                          0x00001677   Thumb Code     4  h1_init_mt.o(.text)
    __Heap_ProvideMemory                     0x0000167b   Thumb Code    60  h1_extend_mt.o(.text)
    _ftell_internal                          0x000016b7   Thumb Code    70  ftell.o(.text)
    ftell                                    0x000016b7   Thumb Code     0  ftell.o(.text)
    __default_signal_display                 0x000016fd   Thumb Code    56  defsig_general.o(.text)
    __rt_SIGRTMEM_inner                      0x00001735   Thumb Code    26  defsig_rtmem_inner.o(.text)
    _ttywrch                                 0x00001789   Thumb Code    16  sys_wrch.o(.text)
    Inline Thumb to ARM Veneer to __aeabi_errno_addr 0x00001799   Thumb Code     4  rt_errno_addr_twolibspace.o(.text)
    __aeabi_errno_addr                       0x0000179c   ARM Code       4  rt_errno_addr_twolibspace.o(.text)
    __errno$twolibspace                      0x0000179c   ARM Code       0  rt_errno_addr_twolibspace.o(.text)
    __rt_errno_addr$twolibspace              0x0000179c   ARM Code       0  rt_errno_addr_twolibspace.o(.text)
    SWI_Count                                0x000017a0   Data           4  SWI_Table.o(SWI_TABLE)
    SWI_Table                                0x000017a4   Data           0  SWI_Table.o(SWI_TABLE)
    Short Thumb to ARM Veneer to os_error    0x000017c5   Thumb Code     8  anon$$obj.o(Veneer$$Code)
    Short Thumb to ARM Veneer to os_tmr_call 0x000017cd   Thumb Code     8  anon$$obj.o(Veneer$$Code)
    __ARM_common_call_via_r1                 0x000017d5   Thumb Code     2  __printf.o(i.__ARM_common_call_via_r1)
    __ARM_common_call_via_r2                 0x000017d7   Thumb Code     2  __printf.o(i.__ARM_common_call_via_r2)
    __SWI_0                                  0x000017d9   Thumb Code    46  hal_arm.o(i.__SWI_0)
    __SWI_1                                  0x0000180d   Thumb Code    14  rt_membox.o(i.__SWI_1)
    __SWI_2                                  0x0000181b   Thumb Code    24  rt_membox.o(i.__SWI_2)
    __SWI_3                                  0x00001833   Thumb Code     8  hal_arm.o(i.__SWI_3)
    __SWI_4                                  0x0000183b   Thumb Code     8  hal_arm.o(i.__SWI_4)
    __SWI_6                                  0x00001843   Thumb Code     2  hal_arm.o(i.__SWI_6)
    __SWI_7                                  0x00001845   Thumb Code     2  hal_arm.o(i.__SWI_7)
    Inline ARM to Thumb Veneer to _init_box  0x00001848   ARM Code       8  rt_membox.o(i._init_box)
    _init_box                                0x00001851   Thumb Code    74  rt_membox.o(i._init_box)
    os_block                                 0x0000189d   Thumb Code    58  rt_task.o(i.os_block)
    os_chk_robin                             0x000018e5   Thumb Code    60  rt_robin.o(i.os_chk_robin)
    os_dec_dly                               0x0000192d   Thumb Code   116  rt_list.o(i.os_dec_dly)
    os_dispatch                              0x000019a9   Thumb Code    60  rt_task.o(i.os_dispatch)
    Inline ARM to Thumb Veneer to os_dly_wait 0x000019ec   ARM Code       8  rt_time.o(i.os_dly_wait)
    os_dly_wait                              0x000019f5   Thumb Code    24  rt_time.o(i.os_dly_wait)
    os_evt_psh                               0x00001a0d   Thumb Code    74  rt_event.o(i.os_evt_psh)
    os_get_first                             0x00001a5d   Thumb Code    42  rt_list.o(i.os_get_first)
    os_init_robin                            0x00001ad1   Thumb Code    16  rt_robin.o(i.os_init_robin)
    os_init_stack                            0x00001ae9   Thumb Code   100  hal_arm.o(i.os_init_stack)
    Inline ARM to Thumb Veneer to os_mbx_init 0x00001b5c   ARM Code       8  rt_mailbox.o(i.os_mbx_init)
    os_mbx_init                              0x00001b65   Thumb Code    44  rt_mailbox.o(i.os_mbx_init)
    os_mbx_psh                               0x00001b95   Thumb Code   132  rt_mailbox.o(i.os_mbx_psh)
    Inline ARM to Thumb Veneer to os_mbx_send 0x00001c1c   ARM Code       8  rt_mailbox.o(i.os_mbx_send)
    os_mbx_send                              0x00001c25   Thumb Code   158  rt_mailbox.o(i.os_mbx_send)
    Inline ARM to Thumb Veneer to os_mbx_wait 0x00001cc8   ARM Code       8  rt_mailbox.o(i.os_mbx_wait)
    os_mbx_wait                              0x00001cd1   Thumb Code   154  rt_mailbox.o(i.os_mbx_wait)
    os_mut_init                              0x00001d71   Thumb Code    44  rt_mutex.o(i.os_mut_init)
    os_mut_release                           0x00001da1   Thumb Code   160  rt_mutex.o(i.os_mut_release)
    os_mut_wait                              0x00001e49   Thumb Code   126  rt_mutex.o(i.os_mut_wait)
    os_put_dly                               0x00001ecd   Thumb Code    76  rt_list.o(i.os_put_dly)
    os_put_prio                              0x00001f1d   Thumb Code    62  rt_list.o(i.os_put_prio)
    os_put_rdy_first                         0x00001f5d   Thumb Code    14  rt_list.o(i.os_put_rdy_first)
    os_resort_prio                           0x00001f71   Thumb Code    48  rt_list.o(i.os_resort_prio)
    os_rmv_dly                               0x00001fa5   Thumb Code    44  rt_list.o(i.os_rmv_dly)
    os_rmv_list                              0x00001fd1   Thumb Code    46  rt_list.o(i.os_rmv_list)
    os_sem_psh                               0x00002005   Thumb Code    50  rt_semaphore.o(i.os_sem_psh)
    os_stk_check                             0x0000203d   Thumb Code    38  hal_arm.o(i.os_stk_check)
    os_sys_init1                             0x0000206d   Thumb Code   162  rt_task.o(i.os_sys_init1)
    os_sys_manager                           0x00002155   Thumb Code   186  rt_system.o(i.os_sys_manager)
    Inline ARM to Thumb Veneer to os_time_get 0x00002224   ARM Code       8  rt_time.o(i.os_time_get)
    os_time_get                              0x0000222d   Thumb Code     6  rt_time.o(i.os_time_get)
    os_tmr_tick                              0x00002239   Thumb Code    58  rt_timer.o(i.os_tmr_tick)
    Inline ARM to Thumb Veneer to os_tsk_create0 0x0000227c   ARM Code       8  rt_task.o(i.os_tsk_create0)
    os_tsk_create0                           0x00002285   Thumb Code   130  rt_task.o(i.os_tsk_create0)
    Inline ARM to Thumb Veneer to os_tsk_delete 0x00002314   ARM Code       8  rt_task.o(i.os_tsk_delete)
    os_tsk_delete                            0x0000231d   Thumb Code   156  rt_task.o(i.os_tsk_delete)
    Inline ARM to Thumb Veneer to os_tsk_self 0x000023cc   ARM Code       8  rt_task.o(i.os_tsk_self)
    os_tsk_self                              0x000023d5   Thumb Code    12  rt_task.o(i.os_tsk_self)
    os_maxtaskrun                            0x000023e4   Data           2  rtx_config.o(.constdata)
    os_stackinfo                             0x000023e8   Data           4  rtx_config.o(.constdata)
    os_rrobin                                0x000023ec   Data           4  rtx_config.o(.constdata)
    os_clockrate                             0x000023f0   Data           4  rtx_config.o(.constdata)
    os_timernum                              0x000023f4   Data           4  rtx_config.o(.constdata)
    mp_tcb_size                              0x000023f8   Data           2  rtx_config.o(.constdata)
    mp_stk_size                              0x000023fc   Data           4  rtx_config.o(.constdata)
    os_fifo_size                             0x00002400   Data           1  rtx_config.o(.constdata)
    mp_tmr_size                              0x00002402   Data           2  rtx_config.o(.constdata)
    __stdin_name                             0x00002404   Data           4  sys_io.o(.constdata)
    __stdout_name                            0x00002408   Data           4  sys_io.o(.constdata)
    __stderr_name                            0x0000240c   Data           4  sys_io.o(.constdata)
    Region$$Table$$Base                      0x00002410   Number         0  anon$$obj.o(Region$$Table)
    Region$$Table$$Limit                     0x00002430   Number         0  anon$$obj.o(Region$$Table)
    N                                        0x10000000   Data           4  mailbox.o(.data)
    B                                        0x10000004   Data           4  mailbox.o(.data)
    tsk1                                     0x10000008   Data           4  mailbox.o(.data)
    tsk2                                     0x1000000c   Data           4  mailbox.o(.data)
    time_a                                   0x10000010   Data           4  mailbox.o(.data)
    time_b                                   0x10000014   Data           4  mailbox.o(.data)
    time_c                                   0x10000018   Data           4  mailbox.o(.data)
    m_tmr                                    0x1000001c   Data           4  rtx_config.o(.data)
    os_runtask                               0x10000024   Data           4  rt_task.o(.data)
    os_time                                  0x10000028   Data           4  rt_time.o(.data)
    sys_stktop                               0x1000002c   Data           4  hal_arm.o(.data)
    sys_mode                                 0x10000030   Data           1  hal_arm.o(.data)
    os_psh                                   0x10000034   Data           8  rt_system.o(.data)
    os_robin                                 0x1000003c   Data           8  rt_robin.o(.data)
    os_tmr                                   0x10000044   Data           8  rt_timer.o(.data)
    __aeabi_stdin                            0x1000004c   Data           4  stdio_streams.o(.data)
    __aeabi_stdout                           0x10000050   Data           4  stdio_streams.o(.data)
    __aeabi_stderr                           0x10000054   Data           4  stdio_streams.o(.data)
    _stream_list_lock                        0x10000058   Data           4  streamlock.o(.data)
    MsgBox                                   0x1000005c   Data          80  mailbox.o(.bss)
    mpool                                    0x100000ac   Data          76  mailbox.o(.bss)
    mp_tcb                                   0x100000f8   Data         300  rtx_config.o(.bss)
    mp_stk                                   0x10000228   Data        3600  rtx_config.o(.bss)
    os_fifo                                  0x10001038   Data         132  rtx_config.o(.bss)
    os_active_TCB                            0x100010bc   Data          24  rtx_config.o(.bss)
    os_idle_TCB                              0x10001374   Data          48  rt_task.o(.bss)
    os_rdy                                   0x100013a4   Data          24  rt_list.o(.bss)
    os_dly                                   0x100013bc   Data          24  rt_list.o(.bss)
    __libspace_start                         0x100013d4   Data          96  libspace.o(.bss)
    __temporary_stack_top$libspace           0x10001434   Data           0  libspace.o(.bss)
    _random_number_data                      0x10001434   Data         228  rand.o(.bss)
    __stdin                                  0x10001518   Data          84  stdio_streams.o(.bss)
    __stdout                                 0x1000156c   Data          84  stdio_streams.o(.bss)
    __stderr                                 0x100015c0   Data          84  stdio_streams.o(.bss)



==============================================================================

Memory Map of the image

  Image Entry point : 0x0000010c

  Load Region LR_IROM1 (Base: 0x00000000, Size: 0x0000248c, Max: 0x00080000, ABSOLUTE)

    Execution Region ER_IROM1 (Base: 0x00000000, Size: 0x00002430, Max: 0x00080000, ABSOLUTE)

    Base Addr    Size         Type   Attr      Idx    E Section Name        Object

    0x00000000   0x0000010c   Code   RO           90    RESET               startup.o
    0x0000010c   0x00000008   Code   RO          696  * !!!main             c_t.l(__main.o)
    0x00000114   0x0000003c   Code   RO         1033    !!!scatter          c_t.l(__scatter.o)
    0x00000150   0x00000028   Code   RO         1035    !!handler_copy      c_t.l(__scatter_copy.o)
    0x00000178   0x0000002c   Code   RO         1037    !!handler_zi        c_t.l(__scatter_zi.o)
    0x000001a4   0x00000004   Ven    RO          672    .ARM.Collect$$_printf_percent$$00000000  c_t.l(_printf_percent.o)
    0x000001a8   0x00000000   Code   RO          672    .ARM.Collect$$_printf_percent$$00000000  c_t.l(_printf_percent.o)
    0x000001a8   0x00000008   Code   RO          671    .ARM.Collect$$_printf_percent$$00000009  c_t.l(_printf_d.o)
    0x000001b0   0x00000008   Code   RO          707    .ARM.Collect$$_printf_percent$$00000017  c_t.l(_printf_percent_end.o)
    0x000001b8   0x00000008   Ven    RO          893    .ARM.Collect$$libinit$$00000000  c_t.l(libinit.o)
    0x000001c0   0x00000002   Code   RO          893    .ARM.Collect$$libinit$$00000000  c_t.l(libinit.o)
    0x000001c2   0x00000000   Code   RO          717    .ARM.Collect$$libinit$$00000002  c_t.l(libinit2.o)
    0x000001c2   0x00000008   Code   RO          718    .ARM.Collect$$libinit$$00000003  c_t.l(libinit2.o)
    0x000001ca   0x00000000   Code   RO          720    .ARM.Collect$$libinit$$00000008  c_t.l(libinit2.o)
    0x000001ca   0x00000000   Code   RO          722    .ARM.Collect$$libinit$$0000000A  c_t.l(libinit2.o)
    0x000001ca   0x00000004   Code   RO          723    .ARM.Collect$$libinit$$0000000B  c_t.l(libinit2.o)
    0x000001ce   0x00000000   Code   RO          724    .ARM.Collect$$libinit$$0000000C  c_t.l(libinit2.o)
    0x000001ce   0x00000000   Code   RO          727    .ARM.Collect$$libinit$$0000000F  c_t.l(libinit2.o)
    0x000001ce   0x00000000   Code   RO          729    .ARM.Collect$$libinit$$00000011  c_t.l(libinit2.o)
    0x000001ce   0x00000000   Code   RO          731    .ARM.Collect$$libinit$$00000013  c_t.l(libinit2.o)
    0x000001ce   0x00000000   Code   RO          733    .ARM.Collect$$libinit$$00000015  c_t.l(libinit2.o)
    0x000001ce   0x00000000   Code   RO          735    .ARM.Collect$$libinit$$00000017  c_t.l(libinit2.o)
    0x000001ce   0x00000000   Code   RO          737    .ARM.Collect$$libinit$$00000019  c_t.l(libinit2.o)
    0x000001ce   0x00000000   Code   RO          739    .ARM.Collect$$libinit$$0000001B  c_t.l(libinit2.o)
    0x000001ce   0x00000000   Code   RO          741    .ARM.Collect$$libinit$$0000001D  c_t.l(libinit2.o)
    0x000001ce   0x00000000   Code   RO          743    .ARM.Collect$$libinit$$0000001F  c_t.l(libinit2.o)
    0x000001ce   0x00000000   Code   RO          745    .ARM.Collect$$libinit$$00000021  c_t.l(libinit2.o)
    0x000001ce   0x00000004   Code   RO          746    .ARM.Collect$$libinit$$00000022  c_t.l(libinit2.o)
    0x000001d2   0x00000000   Code   RO          747    .ARM.Collect$$libinit$$00000023  c_t.l(libinit2.o)
    0x000001d2   0x00000000   Code   RO          751    .ARM.Collect$$libinit$$0000002A  c_t.l(libinit2.o)
    0x000001d2   0x00000000   Code   RO          753    .ARM.Collect$$libinit$$0000002C  c_t.l(libinit2.o)
    0x000001d2   0x00000000   Code   RO          755    .ARM.Collect$$libinit$$0000002E  c_t.l(libinit2.o)
    0x000001d2   0x00000000   Code   RO          757    .ARM.Collect$$libinit$$00000030  c_t.l(libinit2.o)
    0x000001d2   0x0000000c   Code   RO          758    .ARM.Collect$$libinit$$00000031  c_t.l(libinit2.o)
    0x000001de   0x00000002   PAD
    0x000001e0   0x00000008   Ven    RO         1014    .ARM.Collect$$libshutdown$$00000000  c_t.l(libshutdown.o)
    0x000001e8   0x00000004   Code   RO         1014    .ARM.Collect$$libshutdown$$00000000  c_t.l(libshutdown.o)
    0x000001ec   0x00000004   Code   RO          895    .ARM.Collect$$libshutdown$$00000002  c_t.l(libshutdown2.o)
    0x000001f0   0x00000000   Code   RO          896    .ARM.Collect$$libshutdown$$00000003  c_t.l(libshutdown2.o)
    0x000001f0   0x00000000   Code   RO          899    .ARM.Collect$$libshutdown$$00000006  c_t.l(libshutdown2.o)
    0x000001f0   0x00000000   Code   RO          902    .ARM.Collect$$libshutdown$$00000009  c_t.l(libshutdown2.o)
    0x000001f0   0x00000000   Code   RO          904    .ARM.Collect$$libshutdown$$0000000B  c_t.l(libshutdown2.o)
    0x000001f0   0x00000000   Code   RO          907    .ARM.Collect$$libshutdown$$0000000E  c_t.l(libshutdown2.o)
    0x000001f0   0x00000006   Code   RO          908    .ARM.Collect$$libshutdown$$0000000F  c_t.l(libshutdown2.o)
    0x000001f6   0x00000002   PAD
    0x000001f8   0x00000000   Code   RO          698    .ARM.Collect$$rtentry$$00000000  c_t.l(rtentry.o)
    0x000001f8   0x00000000   Code   RO          760    .ARM.Collect$$rtentry$$00000002  c_t.l(rtentry2.o)
    0x000001f8   0x00000008   Code   RO          772    .ARM.Collect$$rtentry$$00000004  c_t.l(rtentry4.o)
    0x00000200   0x00000000   Code   RO          762    .ARM.Collect$$rtentry$$00000009  c_t.l(rtentry2.o)
    0x00000200   0x00000004   Code   RO          763    .ARM.Collect$$rtentry$$0000000A  c_t.l(rtentry2.o)
    0x00000204   0x00000000   Code   RO          765    .ARM.Collect$$rtentry$$0000000C  c_t.l(rtentry2.o)
    0x00000204   0x00000028   Code   RO          766    .ARM.Collect$$rtentry$$0000000D  c_t.l(rtentry2.o)
    0x0000022c   0x00000004   Ven    RO          914    .ARM.Collect$$rtexit$$00000000  c_t.l(rtexit.o)
    0x00000230   0x00000004   Code   RO          914    .ARM.Collect$$rtexit$$00000000  c_t.l(rtexit.o)
    0x00000234   0x00000000   Code   RO          970    .ARM.Collect$$rtexit$$00000002  c_t.l(rtexit2.o)
    0x00000234   0x00000004   Code   RO          971    .ARM.Collect$$rtexit$$00000003  c_t.l(rtexit2.o)
    0x00000238   0x00000008   Code   RO          972    .ARM.Collect$$rtexit$$00000004  c_t.l(rtexit2.o)
    0x00000240   0x00000008   Ven    RO          329    .emb_text           RTX_ARM_L.LIB(hal_arm.o)
    0x00000248   0x00000204   Code   RO          329    .emb_text           RTX_ARM_L.LIB(hal_arm.o)
    0x0000044c   0x00000008   Ven    RO          673    .emb_text           c_t.l(rand.o)
    0x00000454   0x00000038   Code   RO          673    .emb_text           c_t.l(rand.o)
    0x0000048c   0x00000000   Code   RO          976    .emb_text           c_t.l(maybetermalloc1.o)
    0x0000048c   0x00000238   Code   RO            1    .text               mailbox.o
    0x000006c4   0x00000058   Code   RO           33    .text               serial.o
    0x0000071c   0x00000004   Ven    RO           49    .text               rtx_config.o
    0x00000720   0x00000020   Code   RO           49    .text               rtx_config.o
    0x00000740   0x00000008   Ven    RO           50    .text               rtx_config.o
    0x00000748   0x00000104   Code   RO           50    .text               rtx_config.o
    0x0000084c   0x00000020   Code   RO           91    .text               startup.o
    0x0000086c   0x0000000c   Code   RO          636    .text               c_t.l(libspace.o)
    0x00000878   0x00000008   Ven    RO          641    .text               c_t.l(noretval__2printf.o)
    0x00000880   0x0000001c   Code   RO          641    .text               c_t.l(noretval__2printf.o)
    0x0000089c   0x00000078   Code   RO          643    .text               c_t.l(__printf.o)
    0x00000914   0x00000008   Ven    RO          649    .text               c_t.l(_printf_dec.o)
    0x0000091c   0x00000070   Code   RO          649    .text               c_t.l(_printf_dec.o)
    0x0000098c   0x00000040   Code   RO          674    .text               c_t.l(rand.o)
    0x000009cc   0x00000180   Code   RO          678    .text               c_t.l(aeabi_sdiv.o)
    0x00000b4c   0x00000006   Code   RO          694    .text               c_t.l(heapauxi.o)
    0x00000b52   0x000000ba   Code   RO          703    .text               c_t.l(_printf_intcommon.o)
    0x00000c0c   0x0000002c   Code   RO          705    .text               c_t.l(_printf_char_file.o)
    0x00000c38   0x00000004   Ven    RO          714    .text               c_t.l(rtudiv10.o)
    0x00000c3c   0x0000002c   Code   RO          714    .text               c_t.l(rtudiv10.o)
    0x00000c68   0x00000030   Code   RO          776    .text               c_t.l(_printf_char_common.o)
    0x00000c98   0x00000022   Code   RO          782    .text               c_t.l(ferror_locked.o)
    0x00000cba   0x00000002   PAD
    0x00000cbc   0x000001d4   Code   RO          784    .text               c_t.l(initio_locked.o)
    0x00000e90   0x00000074   Code   RO          790    .text               c_t.l(sys_io.o)
    0x00000f04   0x00000060   Code   RO          795    .text               c_t.l(sys_stackheap_outer.o)
    0x00000f64   0x0000007c   Code   RO          801    .text               c_t.l(h1_free_mt.o)
    0x00000fe0   0x00000050   Code   RO          866    .text               c_t.l(fclose.o)
    0x00001030   0x00000070   Code   RO          868    .text               c_t.l(setvbuf_locked.o)
    0x000010a0   0x0000014c   Code   RO          870    .text               c_t.l(fopen_locked.o)
    0x000011ec   0x0000000c   Code   RO          872    .text               c_t.l(exit.o)
    0x000011f8   0x00000010   Code   RO          878    .text               c_t.l(defsig_rtred_outer.o)
    0x00001208   0x00000004   Ven    RO          882    .text               c_t.l(rt_memclr_w.o)
    0x0000120c   0x00000054   Code   RO          882    .text               c_t.l(rt_memclr_w.o)
    0x00001260   0x00000004   Code   RO          911    .text               c_t.l(use_no_semi.o)
    0x00001264   0x00000000   Code   RO          913    .text               c_t.l(indicate_semi.o)
    0x00001264   0x00000004   Ven    RO          923    .text               c_t.l(rt_heap_descriptor_twolibspace.o)
    0x00001268   0x00000014   Code   RO          923    .text               c_t.l(rt_heap_descriptor_twolibspace.o)
    0x0000127c   0x00000004   Code   RO          925    .text               c_t.l(hguard.o)
    0x00001280   0x00000094   Code   RO          929    .text               c_t.l(init_alloc.o)
    0x00001314   0x000000a6   Code   RO          937    .text               c_t.l(h1_alloc_mt.o)
    0x000013ba   0x00000002   PAD
    0x000013bc   0x000000f8   Code   RO          949    .text               c_t.l(fseek.o)
    0x000014b4   0x000000fc   Code   RO          951    .text               c_t.l(stdio.o)
    0x000015b0   0x00000010   Code   RO          953    .text               c_t.l(defsig_exit.o)
    0x000015c0   0x00000038   Code   RO          957    .text               c_t.l(defsig_rtred_inner.o)
    0x000015f8   0x00000010   Code   RO          959    .text               c_t.l(defsig_rtmem_outer.o)
    0x00001608   0x00000044   Code   RO          963    .text               c_t.l(strlen.o)
    0x0000164c   0x00000008   Ven    RO          967    .text               c_t.l(sys_exit.o)
    0x00001654   0x0000000c   Code   RO          967    .text               c_t.l(sys_exit.o)
    0x00001660   0x0000001a   Code   RO          982    .text               c_t.l(h1_init_mt.o)
    0x0000167a   0x0000003c   Code   RO          984    .text               c_t.l(h1_extend_mt.o)
    0x000016b6   0x00000046   Code   RO          986    .text               c_t.l(ftell.o)
    0x000016fc   0x00000038   Code   RO          990    .text               c_t.l(defsig_general.o)
    0x00001734   0x00000054   Code   RO          992    .text               c_t.l(defsig_rtmem_inner.o)
    0x00001788   0x00000010   Code   RO          999    .text               c_t.l(sys_wrch.o)
    0x00001798   0x00000004   Ven    RO         1006    .text               c_t.l(rt_errno_addr_twolibspace.o)
    0x0000179c   0x00000004   Code   RO         1006    .text               c_t.l(rt_errno_addr_twolibspace.o)
    0x000017a0   0x00000024   Code   RO          526    SWI_TABLE           RTX_ARM_L.LIB(SWI_Table.o)
    0x000017c4   0x00000008   Ven    RO         1063    Veneer$$Code        anon$$obj.o
    0x000017cc   0x00000008   Ven    RO         1064    Veneer$$Code        anon$$obj.o
    0x000017d4   0x00000002   Code   RO          647    i.__ARM_common_call_via_r1  c_t.l(__printf.o)
    0x000017d6   0x00000002   Code   RO          645    i.__ARM_common_call_via_r2  c_t.l(__printf.o)
    0x000017d8   0x00000034   Code   RO          330    i.__SWI_0           RTX_ARM_L.LIB(hal_arm.o)
    0x0000180c   0x0000000e   Code   RO          299    i.__SWI_1           RTX_ARM_L.LIB(rt_membox.o)
    0x0000181a   0x00000018   Code   RO          300    i.__SWI_2           RTX_ARM_L.LIB(rt_membox.o)
    0x00001832   0x00000008   Code   RO          331    i.__SWI_3           RTX_ARM_L.LIB(hal_arm.o)
    0x0000183a   0x00000008   Code   RO          332    i.__SWI_4           RTX_ARM_L.LIB(hal_arm.o)
    0x00001842   0x00000002   Code   RO          333    i.__SWI_6           RTX_ARM_L.LIB(hal_arm.o)
    0x00001844   0x00000002   Code   RO          334    i.__SWI_7           RTX_ARM_L.LIB(hal_arm.o)
    0x00001846   0x00000002   PAD
    0x00001848   0x00000008   Ven    RO          302    i._init_box         RTX_ARM_L.LIB(rt_membox.o)
    0x00001850   0x0000004a   Code   RO          302    i._init_box         RTX_ARM_L.LIB(rt_membox.o)
    0x0000189a   0x00000002   PAD
    0x0000189c   0x00000048   Code   RO           97    i.os_block          RTX_ARM_L.LIB(rt_task.o)
    0x000018e4   0x00000048   Code   RO          505    i.os_chk_robin      RTX_ARM_L.LIB(rt_robin.o)
    0x0000192c   0x0000007c   Code   RO          433    i.os_dec_dly        RTX_ARM_L.LIB(rt_list.o)
    0x000019a8   0x00000044   Code   RO           98    i.os_dispatch       RTX_ARM_L.LIB(rt_task.o)
    0x000019ec   0x00000008   Ven    RO          190    i.os_dly_wait       RTX_ARM_L.LIB(rt_time.o)
    0x000019f4   0x00000018   Code   RO          190    i.os_dly_wait       RTX_ARM_L.LIB(rt_time.o)
    0x00001a0c   0x00000050   Code   RO          532    i.os_evt_psh        RTX_ARM_L.LIB(rt_event.o)
    0x00001a5c   0x0000002a   Code   RO          434    i.os_get_first      RTX_ARM_L.LIB(rt_list.o)
    0x00001a86   0x00000002   PAD
    0x00001a88   0x00000048   Code   RO           99    i.os_init_context   RTX_ARM_L.LIB(rt_task.o)
    0x00001ad0   0x00000018   Code   RO          506    i.os_init_robin     RTX_ARM_L.LIB(rt_robin.o)
    0x00001ae8   0x00000074   Code   RO          335    i.os_init_stack     RTX_ARM_L.LIB(hal_arm.o)
    0x00001b5c   0x00000008   Ven    RO          230    i.os_mbx_init       RTX_ARM_L.LIB(rt_mailbox.o)
    0x00001b64   0x00000030   Code   RO          230    i.os_mbx_init       RTX_ARM_L.LIB(rt_mailbox.o)
    0x00001b94   0x00000088   Code   RO          231    i.os_mbx_psh        RTX_ARM_L.LIB(rt_mailbox.o)
    0x00001c1c   0x00000008   Ven    RO          232    i.os_mbx_send       RTX_ARM_L.LIB(rt_mailbox.o)
    0x00001c24   0x000000a4   Code   RO          232    i.os_mbx_send       RTX_ARM_L.LIB(rt_mailbox.o)
    0x00001cc8   0x00000008   Ven    RO          233    i.os_mbx_wait       RTX_ARM_L.LIB(rt_mailbox.o)
    0x00001cd0   0x000000a0   Code   RO          233    i.os_mbx_wait       RTX_ARM_L.LIB(rt_mailbox.o)
    0x00001d70   0x00000030   Code   RO          275    i.os_mut_init       RTX_ARM_L.LIB(rt_mutex.o)
    0x00001da0   0x000000a8   Code   RO          276    i.os_mut_release    RTX_ARM_L.LIB(rt_mutex.o)
    0x00001e48   0x00000084   Code   RO          277    i.os_mut_wait       RTX_ARM_L.LIB(rt_mutex.o)
    0x00001ecc   0x00000050   Code   RO          437    i.os_put_dly        RTX_ARM_L.LIB(rt_list.o)
    0x00001f1c   0x0000003e   Code   RO          438    i.os_put_prio       RTX_ARM_L.LIB(rt_list.o)
    0x00001f5a   0x00000002   PAD
    0x00001f5c   0x00000014   Code   RO          439    i.os_put_rdy_first  RTX_ARM_L.LIB(rt_list.o)
    0x00001f70   0x00000034   Code   RO          440    i.os_resort_prio    RTX_ARM_L.LIB(rt_list.o)
    0x00001fa4   0x0000002c   Code   RO          441    i.os_rmv_dly        RTX_ARM_L.LIB(rt_list.o)
    0x00001fd0   0x00000034   Code   RO          442    i.os_rmv_list       RTX_ARM_L.LIB(rt_list.o)
    0x00002004   0x00000038   Code   RO          573    i.os_sem_psh        RTX_ARM_L.LIB(rt_semaphore.o)
    0x0000203c   0x00000030   Code   RO          336    i.os_stk_check      RTX_ARM_L.LIB(hal_arm.o)
    0x0000206c   0x000000e8   Code   RO          100    i.os_sys_init1      RTX_ARM_L.LIB(rt_task.o)
    0x00002154   0x000000d0   Code   RO          392    i.os_sys_manager    RTX_ARM_L.LIB(rt_system.o)
    0x00002224   0x00000008   Ven    RO          193    i.os_time_get       RTX_ARM_L.LIB(rt_time.o)
    0x0000222c   0x0000000c   Code   RO          193    i.os_time_get       RTX_ARM_L.LIB(rt_time.o)
    0x00002238   0x00000044   Code   RO          609    i.os_tmr_tick       RTX_ARM_L.LIB(rt_timer.o)
    0x0000227c   0x00000008   Ven    RO          101    i.os_tsk_create0    RTX_ARM_L.LIB(rt_task.o)
    0x00002284   0x00000090   Code   RO          101    i.os_tsk_create0    RTX_ARM_L.LIB(rt_task.o)
    0x00002314   0x00000008   Ven    RO          103    i.os_tsk_delete     RTX_ARM_L.LIB(rt_task.o)
    0x0000231c   0x000000b0   Code   RO          103    i.os_tsk_delete     RTX_ARM_L.LIB(rt_task.o)
    0x000023cc   0x00000008   Ven    RO          106    i.os_tsk_self       RTX_ARM_L.LIB(rt_task.o)
    0x000023d4   0x00000010   Code   RO          106    i.os_tsk_self       RTX_ARM_L.LIB(rt_task.o)
    0x000023e4   0x00000002   Data   RO           56    .constdata          rtx_config.o
    0x000023e6   0x00000002   PAD
    0x000023e8   0x00000004   Data   RO           57    .constdata          rtx_config.o
    0x000023ec   0x00000004   Data   RO           58    .constdata          rtx_config.o
    0x000023f0   0x00000008   Data   RO           59    .constdata          rtx_config.o
    0x000023f8   0x00000002   Data   RO           60    .constdata          rtx_config.o
    0x000023fa   0x00000002   PAD
    0x000023fc   0x00000004   Data   RO           61    .constdata          rtx_config.o
    0x00002400   0x00000001   Data   RO           62    .constdata          rtx_config.o
    0x00002401   0x00000001   PAD
    0x00002402   0x00000002   Data   RO           63    .constdata          rtx_config.o
    0x00002404   0x00000004   Data   RO          791    .constdata          c_t.l(sys_io.o)
    0x00002408   0x00000004   Data   RO          792    .constdata          c_t.l(sys_io.o)
    0x0000240c   0x00000004   Data   RO          793    .constdata          c_t.l(sys_io.o)
    0x00002410   0x00000020   Data   RO         1031    Region$$Table       anon$$obj.o


    Execution Region RW_IRAM1 (Base: 0x10000000, Size: 0x000016c8, Max: 0x00008000, ABSOLUTE)

    Base Addr    Size         Type   Attr      Idx    E Section Name        Object

    0x10000000   0x0000001c   Data   RW            3    .data               mailbox.o
    0x1000001c   0x00000004   Data   RW           64    .data               rtx_config.o
    0x10000020   0x00000004   Data   RW           65    .data               rtx_config.o
    0x10000024   0x00000004   Data   RW          108    .data               RTX_ARM_L.LIB(rt_task.o)
    0x10000028   0x00000004   Data   RW          194    .data               RTX_ARM_L.LIB(rt_time.o)
    0x1000002c   0x00000004   Data   RW          337    .data               RTX_ARM_L.LIB(hal_arm.o)
    0x10000030   0x00000001   Data   RW          338    .data               RTX_ARM_L.LIB(hal_arm.o)
    0x10000031   0x00000003   PAD
    0x10000034   0x00000008   Data   RW          393    .data               RTX_ARM_L.LIB(rt_system.o)
    0x1000003c   0x00000008   Data   RW          507    .data               RTX_ARM_L.LIB(rt_robin.o)
    0x10000044   0x00000008   Data   RW          610    .data               RTX_ARM_L.LIB(rt_timer.o)
    0x1000004c   0x00000004   Data   RW          711    .data               c_t.l(stdio_streams.o)
    0x10000050   0x00000004   Data   RW          712    .data               c_t.l(stdio_streams.o)
    0x10000054   0x00000004   Data   RW          713    .data               c_t.l(stdio_streams.o)
    0x10000058   0x00000004   Data   RW          863    .data               c_t.l(streamlock.o)
    0x1000005c   0x0000009c   Zero   RW            2    .bss                mailbox.o
    0x100000f8   0x0000012c   Zero   RW           51    .bss                rtx_config.o
    0x10000224   0x00000004   PAD
    0x10000228   0x00000e10   Zero   RW           52    .bss                rtx_config.o
    0x10001038   0x00000084   Zero   RW           53    .bss                rtx_config.o
    0x100010bc   0x00000018   Zero   RW           54    .bss                rtx_config.o
    0x100010d4   0x000002a0   Zero   RW           55    .bss                rtx_config.o
    0x10001374   0x00000030   Zero   RW          107    .bss                RTX_ARM_L.LIB(rt_task.o)
    0x100013a4   0x00000030   Zero   RW          443    .bss                RTX_ARM_L.LIB(rt_list.o)
    0x100013d4   0x00000060   Zero   RW          637    .bss                c_t.l(libspace.o)
    0x10001434   0x000000e4   Zero   RW          675    .bss                c_t.l(rand.o)
    0x10001518   0x00000054   Zero   RW          708    .bss                c_t.l(stdio_streams.o)
    0x1000156c   0x00000054   Zero   RW          709    .bss                c_t.l(stdio_streams.o)
    0x100015c0   0x00000054   Zero   RW          710    .bss                c_t.l(stdio_streams.o)
    0x10001614   0x00000004   PAD
    0x10001618   0x00000000   Zero   RW           89    HEAP                startup.o
    0x10001618   0x000000b0   Zero   RW           88    STACK               startup.o


==============================================================================

Image component sizes


      Code (inc. data)   RO Data    RW Data    ZI Data      Debug   Object Name

       568        140          0         28        156       7966   mailbox.o
       292         48         27          8       4728       3905   rtx_config.o
        88          4          0          0          0       1791   serial.o
       300         60          0          0        176        428   startup.o

    ----------------------------------------------------------------------
      1276        252         64         36       5064      14090   Object Totals
        28          0         32          0          0          0   (incl. Generated)
         0          0          5          0          4          0   (incl. Padding)

    ----------------------------------------------------------------------

      Code (inc. data)   RO Data    RW Data    ZI Data      Debug   Library Member Name

        36         36          0          0          0        136   SWI_Table.o
       760         80          0          5          0       3835   hal_arm.o
        80          6          0          0          0        561   rt_event.o
       476         28          0          0         48       3914   rt_list.o
       532         20          0          0          0       2515   rt_mailbox.o
       120          0          0          0          0       1460   rt_membox.o
       348         18          0          0          0       1801   rt_mutex.o
        96         20          0          8          0        950   rt_robin.o
        56          6          0          0          0        485   rt_semaphore.o
       208         22          0          8          0        718   rt_system.o
       804        136          0          4         48       6208   rt_task.o
        52          6          0          4          0        926   rt_time.o
        68         10          0          8          0        615   rt_timer.o
         8          0          0          0          0         68   __main.o
       124          0          0          0          0        208   __printf.o
        60          8          0          0          0          0   __scatter.o
        40          0          0          0          0          0   __scatter_copy.o
        44          0          0          0          0          0   __scatter_zi.o
        48          4          0          0          0         96   _printf_char_common.o
        44          6          0          0          0         88   _printf_char_file.o
         8          0          0          0          0          0   _printf_d.o
       120         18          0          0          0         88   _printf_dec.o
       186          0          0          0          0         96   _printf_intcommon.o
         4          0          0          0          0          0   _printf_percent.o
         8          0          0          0          0          0   _printf_percent_end.o
       384          0          0          0          0         80   aeabi_sdiv.o
        16          0          0          0          0         80   defsig_exit.o
        56          0          0          0          0         84   defsig_general.o
        84         58          0          0          0         80   defsig_rtmem_inner.o
        16          0          0          0          0         80   defsig_rtmem_outer.o
        56         38          0          0          0         80   defsig_rtred_inner.o
        16          0          0          0          0         80   defsig_rtred_outer.o
        12          0          0          0          0         64   exit.o
        80          4          0          0          0         92   fclose.o
        34          0          0          0          0         84   ferror_locked.o
       332         12          0          0          0        188   fopen_locked.o
       248          4          0          0          0         92   fseek.o
        70          0          0          0          0         80   ftell.o
       166          0          0          0          0        156   h1_alloc_mt.o
        60          0          0          0          0         84   h1_extend_mt.o
       124          0          0          0          0        124   h1_free_mt.o
        26          0          0          0          0         96   h1_init_mt.o
         6          0          0          0          0        136   heapauxi.o
         4          0          0          0          0        120   hguard.o
         0          0          0          0          0          0   indicate_semi.o
       148          0          0          0          0        192   init_alloc.o
       468         50          0          0          0        124   initio_locked.o
        10          0          0          0          0          0   libinit.o
        28          0          0          0          0          0   libinit2.o
        12          0          0          0          0          0   libshutdown.o
        10          0          0          0          0          0   libshutdown2.o
        12          4          0          0         96         68   libspace.o
         0          0          0          0          0          0   maybetermalloc1.o
        36          6          0          0          0         84   noretval__2printf.o
       128         16          0          0        228        156   rand.o
         8          0          0          0          0         68   rt_errno_addr_twolibspace.o
        24          0          0          0          0         80   rt_heap_descriptor_twolibspace.o
        88          0          0          0          0         80   rt_memclr_w.o
         0          0          0          0          0          0   rtentry.o
        44          4          0          0          0          0   rtentry2.o
         8          0          0          0          0          0   rtentry4.o
         8          0          0          0          0          0   rtexit.o
        12          0          0          0          0          0   rtexit2.o
        48          0          0          0          0         68   rtudiv10.o
       112          4          0          0          0         92   setvbuf_locked.o
       252          8          0          0          0        184   stdio.o
         0          0          0         12        252          0   stdio_streams.o
         0          0          0          4          0          0   streamlock.o
        68          4          0          0          0         76   strlen.o
        20          4          0          0          0         60   sys_exit.o
       116          0         12          0          0        260   sys_io.o
        96          0          0          0          0         80   sys_stackheap_outer.o
        16          0          0          0          0         76   sys_wrch.o
         4          0          0          0          0         68   use_no_semi.o

    ----------------------------------------------------------------------
      7912        640         12         56        676      28464   Library Totals
        16          0          0          3          4          0   (incl. Padding)

    ----------------------------------------------------------------------

      Code (inc. data)   RO Data    RW Data    ZI Data      Debug   Library Name

      3636        388          0         37         96      24124   RTX_ARM_L.LIB
      4260        252         12         16        576       4340   c_t.l

    ----------------------------------------------------------------------
      7912        640         12         56        676      28464   Library Totals

    ----------------------------------------------------------------------

==============================================================================


      Code (inc. data)   RO Data    RW Data    ZI Data      Debug   

      9188        892         76         92       5740      38682   Grand Totals
      9188        892         76         92       5740      38682   ELF Image Totals
      9188        892         76         92          0          0   ROM Totals

==============================================================================

    Total RO  Size (Code + RO Data)                 9264 (   9.05kB)
    Total RW  Size (RW Data + ZI Data)              5832 (   5.70kB)
    Total ROM Size (Code + RO Data + RW Data)       9356 (   9.14kB)

==============================================================================

