<html>
<body>
<pre>
<h1>µVision Build Log</h1>
<h2>Project:</h2>
C:\Users\s244sing\Desktop\LAB2-FINAL\Keil\Lab2\LAB2\HelloWorld.uvproj
Project File Date:  11/13/2013

<h2>Output:</h2>
Rebuild target 'HelloWorld RAM'
assembling startup_LPC17xx.s...
compiling system_LPC17xx.c...
compiling uart_polling.c...
compiling RTX_Conf_CM.c...
compiling Retarget.c...
compiling helloworld.c...
linking...
Program Size: Code=11348 RO-data=472 RW-data=92 ZI-data=11852  
".\build\RAM\HelloWorld.axf" - 0 Error(s), 0 Warning(s).
Rebuild target 'HelloWorld RAM'
assembling startup_LPC17xx.s...
compiling system_LPC17xx.c...
compiling uart_polling.c...
compiling RTX_Conf_CM.c...
compiling Retarget.c...
compiling helloworld.c...
linking...
Program Size: Code=11348 RO-data=472 RW-data=92 ZI-data=11852  
".\build\RAM\HelloWorld.axf" - 0 Error(s), 0 Warning(s).
Load "C:\\Users\\s244sing\\Desktop\\LAB2-FINAL\\Keil\\Lab2\\LAB2\\build\\RAM\\HelloWorld.AXF" 
No Algorithm found for: 10000000H - 10002E83H
Partial Erase Done (areas with no algorithms skipped!)
No Algorithm found for: 10000000H - 10002E83H
Partial Programming Done (areas with no algorithms skipped!)
Partial Verify OK (areas with no algorithms skipped!)
Load "C:\\Users\\s244sing\\Desktop\\LAB2-FINAL\\Keil\\Lab2\\LAB2\\build\\RAM\\HelloWorld.AXF" 
No Algorithm found for: 10000000H - 10002E83H
Partial Erase Done (areas with no algorithms skipped!)
No Algorithm found for: 10000000H - 10002E83H
Partial Programming Done (areas with no algorithms skipped!)
Partial Verify OK (areas with no algorithms skipped!)
Rebuild target 'HelloWorld RAM'
assembling startup_LPC17xx.s...
compiling system_LPC17xx.c...
compiling uart_polling.c...
compiling RTX_Conf_CM.c...
compiling Retarget.c...
compiling helloworld.c...
linking...
Program Size: Code=11356 RO-data=472 RW-data=92 ZI-data=11852  
".\build\RAM\HelloWorld.axf" - 0 Error(s), 0 Warning(s).
Load "C:\\Users\\s244sing\\Desktop\\LAB2-FINAL\\Keil\\Lab2\\LAB2\\build\\RAM\\HelloWorld.AXF" 
No Algorithm found for: 10000000H - 10002E8BH
Partial Erase Done (areas with no algorithms skipped!)
No Algorithm found for: 10000000H - 10002E8BH
Partial Programming Done (areas with no algorithms skipped!)
Partial Verify OK (areas with no algorithms skipped!)
Rebuild target 'HelloWorld RAM'
assembling startup_LPC17xx.s...
compiling system_LPC17xx.c...
compiling uart_polling.c...
compiling RTX_Conf_CM.c...
compiling Retarget.c...
compiling helloworld.c...
linking...
Program Size: Code=11356 RO-data=472 RW-data=92 ZI-data=11852  
".\build\RAM\HelloWorld.axf" - 0 Error(s), 0 Warning(s).
Load "C:\\Users\\s244sing\\Desktop\\LAB2-FINAL\\Keil\\Lab2\\LAB2\\build\\RAM\\HelloWorld.AXF" 
No Algorithm found for: 10000000H - 10002E8BH
Partial Erase Done (areas with no algorithms skipped!)
No Algorithm found for: 10000000H - 10002E8BH
Partial Programming Done (areas with no algorithms skipped!)
Partial Verify OK (areas with no algorithms skipped!)
Rebuild target 'HelloWorld RAM'
assembling startup_LPC17xx.s...
compiling system_LPC17xx.c...
compiling uart_polling.c...
compiling RTX_Conf_CM.c...
compiling Retarget.c...
compiling helloworld.c...
linking...
Program Size: Code=11356 RO-data=472 RW-data=92 ZI-data=11852  
".\build\RAM\HelloWorld.axf" - 0 Error(s), 0 Warning(s).
Clean started: Project: 'HelloWorld'
   deleting intermediate output files for target 'HelloWorld SIM'
   deleting intermediate output files for target 'HelloWorld RAM'
Rebuild target 'HelloWorld RAM'
assembling startup_LPC17xx.s...
compiling system_LPC17xx.c...
compiling uart_polling.c...
compiling RTX_Conf_CM.c...
compiling Retarget.c...
compiling helloworld.c...
linking...
Program Size: Code=11356 RO-data=472 RW-data=92 ZI-data=11852  
".\build\RAM\HelloWorld.axf" - 0 Error(s), 0 Warning(s).
Load "C:\\Users\\s244sing\\Desktop\\LAB2-FINAL\\Keil\\Lab2\\LAB2\\build\\RAM\\HelloWorld.AXF" 
No Algorithm found for: 10000000H - 10002E8BH
Partial Erase Done (areas with no algorithms skipped!)
No Algorithm found for: 10000000H - 10002E8BH
Partial Programming Done (areas with no algorithms skipped!)
Partial Verify OK (areas with no algorithms skipped!)
Rebuild target 'HelloWorld RAM'
assembling startup_LPC17xx.s...
compiling system_LPC17xx.c...
compiling uart_polling.c...
compiling RTX_Conf_CM.c...
compiling Retarget.c...
compiling helloworld.c...
linking...
Program Size: Code=11340 RO-data=472 RW-data=92 ZI-data=11852  
".\build\RAM\HelloWorld.axf" - 0 Error(s), 0 Warning(s).
Rebuild target 'HelloWorld RAM'
assembling startup_LPC17xx.s...
compiling system_LPC17xx.c...
compiling uart_polling.c...
compiling RTX_Conf_CM.c...
compiling Retarget.c...
compiling helloworld.c...
linking...
Program Size: Code=11340 RO-data=472 RW-data=92 ZI-data=11852  
".\build\RAM\HelloWorld.axf" - 0 Error(s), 0 Warning(s).
Load "C:\\Users\\s244sing\\Desktop\\LAB2-FINAL\\Keil\\Lab2\\LAB2\\build\\RAM\\HelloWorld.AXF" 
No Algorithm found for: 10000000H - 10002E7BH
Partial Erase Done (areas with no algorithms skipped!)
No Algorithm found for: 10000000H - 10002E7BH
Partial Programming Done (areas with no algorithms skipped!)
Partial Verify OK (areas with no algorithms skipped!)
