<html>
<body>
<pre>
<h1>µVision Build Log</h1>
<h2>Project:</h2>
C:\Users\rsawhney\Desktop\New folder\src\lab0_keil\HelloWorld\HelloWorld.uvproj
Project File Date:  10/30/2013

<h2>Output:</h2>
  
Rebuild Project 'RTX_Lib_CM' - Target 'CM3_LE'
compiling rt_Task.c...
compiling rt_System.c...
compiling rt_Event.c...
compiling rt_List.c...
compiling rt_Mailbox.c...
compiling rt_Semaphore.c...
compiling rt_Time.c...
compiling rt_Timer.c...
compiling rt_Mutex.c...
compiling rt_Robin.c...
compiling rt_MemBox.c...
compiling rt_User.c...
C:\Users\rsawhney\Desktop\New folder\src\RTX_CM3\SRC\CM\rt_User.c(29): warning:  #767-D: conversion from pointer to smaller integer
assembling SVC_Table.s...
compiling HAL_CM3.c...
creating Library...
User command #1: cmd.exe /C copy ArInp.Scr CM3_LE\BuildLib.scr
        1 file(s) copied.
".\CM3_LE\RTX_CM3.lib" - 0 Error(s), 1 Warning(s).
  
Rebuild Project 'HelloWorld' - Target 'HelloWord SIM'
assembling startup_LPC17xx.s...
compiling system_LPC17xx.c...
compiling uart_polling.c...
compiling RTX_Conf_CM.c...
compiling Retarget.c...
compiling helloworld.c...
linking...
Program Size: Code=7052 RO-data=276 RW-data=240 ZI-data=8264  
".\build\FLASH\HelloWorld.axf" - 0 Error(s), 0 Warning(s).
  
Rebuild Project 'HelloWorld' - Target 'HelloWorld RAM'
assembling startup_LPC17xx.s...
compiling system_LPC17xx.c...
compiling uart_polling.c...
compiling RTX_Conf_CM.c...
compiling Retarget.c...
compiling helloworld.c...
linking...
Program Size: Code=7056 RO-data=276 RW-data=240 ZI-data=8264  
".\build\RAM\HelloWorld.axf" - 0 Error(s), 0 Warning(s).
  
Rebuild Project 'RTX_Lib_CM' - Target 'CM3_LE'
compiling rt_Task.c...
compiling rt_System.c...
compiling rt_Event.c...
compiling rt_List.c...
compiling rt_Mailbox.c...
compiling rt_Semaphore.c...
compiling rt_Time.c...
compiling rt_Timer.c...
compiling rt_Mutex.c...
compiling rt_Robin.c...
compiling rt_MemBox.c...
compiling rt_User.c...
C:\Users\rsawhney\Desktop\New folder\src\RTX_CM3\SRC\CM\rt_User.c(29): warning:  #767-D: conversion from pointer to smaller integer
assembling SVC_Table.s...
compiling HAL_CM3.c...
creating Library...
User command #1: cmd.exe /C copy ArInp.Scr CM3_LE\BuildLib.scr
        1 file(s) copied.
".\CM3_LE\RTX_CM3.lib" - 0 Error(s), 1 Warning(s).
  
Rebuild Project 'HelloWorld' - Target 'HelloWord SIM'
assembling startup_LPC17xx.s...
compiling system_LPC17xx.c...
compiling uart_polling.c...
compiling RTX_Conf_CM.c...
compiling Retarget.c...
compiling helloworld.c...
linking...
Program Size: Code=7052 RO-data=276 RW-data=240 ZI-data=8264  
".\build\FLASH\HelloWorld.axf" - 0 Error(s), 0 Warning(s).
  
Rebuild Project 'HelloWorld' - Target 'HelloWorld RAM'
assembling startup_LPC17xx.s...
compiling system_LPC17xx.c...
compiling uart_polling.c...
compiling RTX_Conf_CM.c...
compiling Retarget.c...
compiling helloworld.c...
linking...
Program Size: Code=7056 RO-data=276 RW-data=240 ZI-data=8264  
".\build\RAM\HelloWorld.axf" - 0 Error(s), 0 Warning(s).
